EN data_coherence_controller NULL C:/20150106/pcores/data_coherence_controller_v1_00_a/hdl/vhdl/data_coherence_controller.vhd sub00/vhpl02 1431322730
AR user_logic imp C:/20150106/pcores/data_coherence_controller_v1_00_a/hdl/vhdl/user_logic.vhd sub00/vhpl01 1431322729
EN user_logic NULL C:/20150106/pcores/data_coherence_controller_v1_00_a/hdl/vhdl/user_logic.vhd sub00/vhpl00 1431322728
AR data_coherence_controller imp C:/20150106/pcores/data_coherence_controller_v1_00_a/hdl/vhdl/data_coherence_controller.vhd sub00/vhpl03 1431322731
