V3 19
FL C:/20150106/pcores/data_coherence_controller_v1_00_a/hdl/vhdl/data_coherence_controller.vhd 2014/04/28.09:22:00 O.87xd
EN data_coherence_controller_v1_00_a/data_coherence_controller 1431322730 \
      FL C:/20150106/pcores/data_coherence_controller_v1_00_a/hdl/vhdl/data_coherence_controller.vhd \
      PB ieee/std_logic_1164 1325952872 PB ieee/std_logic_arith 1325952873 \
      PB ieee/STD_LOGIC_UNSIGNED 1325952875 LB proc_common_v3_00_a \
      LB plbv46_slave_single_v1_01_a LB plbv46_master_burst_v1_01_a \
      LB data_coherence_controller_v1_00_a PB proc_common_v3_00_a/proc_common_pkg 1431322588 \
      PB proc_common_v3_00_a/ipif_pkg 1431322631 \
      EN plbv46_slave_single_v1_01_a/plbv46_slave_single 1431322724 \
      EN plbv46_master_burst_v1_01_a/plbv46_master_burst 1431322726 \
      EN data_coherence_controller_v1_00_a/user_logic 1431322728
AR data_coherence_controller_v1_00_a/data_coherence_controller/IMP 1431322731 \
      FL C:/20150106/pcores/data_coherence_controller_v1_00_a/hdl/vhdl/data_coherence_controller.vhd \
      EN data_coherence_controller_v1_00_a/data_coherence_controller 1431322730 \
      CP plbv46_slave_single_v1_01_a/plbv46_slave_single \
      CP plbv46_master_burst_v1_01_a/plbv46_master_burst \
      CP data_coherence_controller_v1_00_a/user_logic
FL C:/20150106/pcores/data_coherence_controller_v1_00_a/hdl/vhdl/user_logic.vhd 2014/04/28.09:21:42 O.87xd
EN data_coherence_controller_v1_00_a/user_logic 1431322728 \
      FL C:/20150106/pcores/data_coherence_controller_v1_00_a/hdl/vhdl/user_logic.vhd \
      PB ieee/std_logic_1164 1325952872 PB ieee/STD_LOGIC_UNSIGNED 1325952875 \
      PB ieee/NUMERIC_STD 1325952877 PB ieee/std_logic_arith 1325952873 \
      LB proc_common_v3_00_a LB UNISIM PH unisim/VCOMPONENTS 1325952880 \
      PB proc_common_v3_00_a/proc_common_pkg 1431322588
AR data_coherence_controller_v1_00_a/user_logic/IMP 1431322729 \
      FL C:/20150106/pcores/data_coherence_controller_v1_00_a/hdl/vhdl/user_logic.vhd \
      EN data_coherence_controller_v1_00_a/user_logic 1431322728 \
      CP RAMB16_S36_S36 CP integer CP BYTE_RAM_TYPE CP std_logic CP std_logic_vector
