V3 41
FL $XILINX/hw/XilinxProcessorIPLib/pcores/plbv46_master_burst_v1_01_a/hdl/vhdl/cc_brst_exp_adptr.vhd 2011/12/29.18:47:23 O.87xd
EN plbv46_master_burst_v1_01_a/cc_brst_exp_adptr 1431322794 \
      FL $XILINX/hw/XilinxProcessorIPLib/pcores/plbv46_master_burst_v1_01_a/hdl/vhdl/cc_brst_exp_adptr.vhd \
      PB ieee/std_logic_1164 1325952872 PB ieee/NUMERIC_STD 1325952877 \
      PB ieee/std_logic_arith 1325952873 PB ieee/STD_LOGIC_UNSIGNED 1325952875 \
      LB proc_common_v3_00_a PB proc_common_v3_00_a/proc_common_pkg 1431322599 \
      LB unisim
AR plbv46_master_burst_v1_01_a/cc_brst_exp_adptr/implementation 1431322795 \
      FL $XILINX/hw/XilinxProcessorIPLib/pcores/plbv46_master_burst_v1_01_a/hdl/vhdl/cc_brst_exp_adptr.vhd \
      EN plbv46_master_burst_v1_01_a/cc_brst_exp_adptr 1431322794 CP std_logic \
      CP std_logic_vector
FL $XILINX/hw/XilinxProcessorIPLib/pcores/plbv46_master_burst_v1_01_a/hdl/vhdl/data_mirror_128.vhd 2011/12/29.18:47:23 O.87xd
EN plbv46_master_burst_v1_01_a/data_mirror_128 1431322798 \
      FL $XILINX/hw/XilinxProcessorIPLib/pcores/plbv46_master_burst_v1_01_a/hdl/vhdl/data_mirror_128.vhd \
      PB ieee/std_logic_1164 1325952872 PB ieee/NUMERIC_STD 1325952877 LB unisim
AR plbv46_master_burst_v1_01_a/data_mirror_128/implementation 1431322799 \
      FL $XILINX/hw/XilinxProcessorIPLib/pcores/plbv46_master_burst_v1_01_a/hdl/vhdl/data_mirror_128.vhd \
      EN plbv46_master_burst_v1_01_a/data_mirror_128 1431322798
FL $XILINX/hw/XilinxProcessorIPLib/pcores/plbv46_master_burst_v1_01_a/hdl/vhdl/data_width_adapter.vhd 2011/12/29.18:47:23 O.87xd
EN plbv46_master_burst_v1_01_a/data_width_adapter 1431322796 \
      FL $XILINX/hw/XilinxProcessorIPLib/pcores/plbv46_master_burst_v1_01_a/hdl/vhdl/data_width_adapter.vhd \
      PB ieee/std_logic_1164 1325952872 PB ieee/NUMERIC_STD 1325952877 LB unisim
AR plbv46_master_burst_v1_01_a/data_width_adapter/implementation 1431322797 \
      FL $XILINX/hw/XilinxProcessorIPLib/pcores/plbv46_master_burst_v1_01_a/hdl/vhdl/data_width_adapter.vhd \
      EN plbv46_master_burst_v1_01_a/data_width_adapter 1431322796
FL $XILINX/hw/XilinxProcessorIPLib/pcores/plbv46_master_burst_v1_01_a/hdl/vhdl/llink_rd_backend_no_fifo.vhd 2011/12/29.18:47:23 O.87xd
EN plbv46_master_burst_v1_01_a/llink_rd_backend_no_fifo 1431322802 \
      FL $XILINX/hw/XilinxProcessorIPLib/pcores/plbv46_master_burst_v1_01_a/hdl/vhdl/llink_rd_backend_no_fifo.vhd \
      PB ieee/std_logic_1164 1325952872 PB ieee/NUMERIC_STD 1325952877 \
      PB ieee/STD_LOGIC_UNSIGNED 1325952875 LB proc_common_v3_00_a \
      PB proc_common_v3_00_a/proc_common_pkg 1431322599 LB unisim \
      PH unisim/VCOMPONENTS 1325952880
AR plbv46_master_burst_v1_01_a/llink_rd_backend_no_fifo/implementation 1431322803 \
      FL $XILINX/hw/XilinxProcessorIPLib/pcores/plbv46_master_burst_v1_01_a/hdl/vhdl/llink_rd_backend_no_fifo.vhd \
      EN plbv46_master_burst_v1_01_a/llink_rd_backend_no_fifo 1431322802
FL $XILINX/hw/XilinxProcessorIPLib/pcores/plbv46_master_burst_v1_01_a/hdl/vhdl/llink_wr_backend_no_fifo.vhd 2011/12/29.18:47:23 O.87xd
EN plbv46_master_burst_v1_01_a/llink_wr_backend_no_fifo 1431322804 \
      FL $XILINX/hw/XilinxProcessorIPLib/pcores/plbv46_master_burst_v1_01_a/hdl/vhdl/llink_wr_backend_no_fifo.vhd \
      PB ieee/std_logic_1164 1325952872 PB ieee/NUMERIC_STD 1325952877 \
      PB ieee/STD_LOGIC_UNSIGNED 1325952875 LB unisim PH unisim/VCOMPONENTS 1325952880
AR plbv46_master_burst_v1_01_a/llink_wr_backend_no_fifo/implementation 1431322805 \
      FL $XILINX/hw/XilinxProcessorIPLib/pcores/plbv46_master_burst_v1_01_a/hdl/vhdl/llink_wr_backend_no_fifo.vhd \
      EN plbv46_master_burst_v1_01_a/llink_wr_backend_no_fifo 1431322804
FL $XILINX/hw/XilinxProcessorIPLib/pcores/plbv46_master_burst_v1_01_a/hdl/vhdl/plbv46_master_burst.vhd 2011/12/29.18:47:23 O.87xd
EN plbv46_master_burst_v1_01_a/plbv46_master_burst 1431322812 \
      FL $XILINX/hw/XilinxProcessorIPLib/pcores/plbv46_master_burst_v1_01_a/hdl/vhdl/plbv46_master_burst.vhd \
      PB ieee/std_logic_1164 1325952872 PB ieee/NUMERIC_STD 1325952877 \
      LB plbv46_master_burst_v1_01_a \
      EN plbv46_master_burst_v1_01_a/rd_wr_controller 1431322800 \
      EN plbv46_master_burst_v1_01_a/llink_rd_backend_no_fifo 1431322802 \
      EN plbv46_master_burst_v1_01_a/llink_wr_backend_no_fifo 1431322804 \
      EN plbv46_master_burst_v1_01_a/data_width_adapter 1431322796 \
      EN plbv46_master_burst_v1_01_a/data_mirror_128 1431322798 \
      EN plbv46_master_burst_v1_01_a/cc_brst_exp_adptr 1431322794
AR plbv46_master_burst_v1_01_a/plbv46_master_burst/implementation 1431322813 \
      FL $XILINX/hw/XilinxProcessorIPLib/pcores/plbv46_master_burst_v1_01_a/hdl/vhdl/plbv46_master_burst.vhd \
      EN plbv46_master_burst_v1_01_a/plbv46_master_burst 1431322812 \
      CP plbv46_master_burst_v1_01_a/cc_brst_exp_adptr \
      CP plbv46_master_burst_v1_01_a/data_width_adapter \
      CP plbv46_master_burst_v1_01_a/data_mirror_128 \
      CP plbv46_master_burst_v1_01_a/rd_wr_controller \
      CP plbv46_master_burst_v1_01_a/llink_rd_backend_no_fifo \
      CP plbv46_master_burst_v1_01_a/llink_wr_backend_no_fifo
FL $XILINX/hw/XilinxProcessorIPLib/pcores/plbv46_master_burst_v1_01_a/hdl/vhdl/plb_mstr_addr_gen.vhd 2011/12/29.18:47:23 O.87xd
EN plbv46_master_burst_v1_01_a/plb_mstr_addr_gen 1431322734 \
      FL $XILINX/hw/XilinxProcessorIPLib/pcores/plbv46_master_burst_v1_01_a/hdl/vhdl/plb_mstr_addr_gen.vhd \
      PB ieee/std_logic_1164 1325952872 PB ieee/NUMERIC_STD 1325952877 \
      LB proc_common_v3_00_a PB proc_common_v3_00_a/proc_common_pkg 1431322599 \
      LB unisim PH unisim/VCOMPONENTS 1325952880
AR plbv46_master_burst_v1_01_a/plb_mstr_addr_gen/implementation 1431322735 \
      FL $XILINX/hw/XilinxProcessorIPLib/pcores/plbv46_master_burst_v1_01_a/hdl/vhdl/plb_mstr_addr_gen.vhd \
      EN plbv46_master_burst_v1_01_a/plb_mstr_addr_gen 1431322734
FL $XILINX/hw/XilinxProcessorIPLib/pcores/plbv46_master_burst_v1_01_a/hdl/vhdl/rd_wr_calc_burst.vhd 2011/12/29.18:47:23 O.87xd
EN plbv46_master_burst_v1_01_a/rd_wr_calc_burst 1431322770 \
      FL $XILINX/hw/XilinxProcessorIPLib/pcores/plbv46_master_burst_v1_01_a/hdl/vhdl/rd_wr_calc_burst.vhd \
      PB ieee/std_logic_1164 1325952872 PB ieee/NUMERIC_STD 1325952877 \
      PB ieee/STD_LOGIC_UNSIGNED 1325952875 PB ieee/std_logic_arith 1325952873 \
      LB proc_common_v3_00_a PB proc_common_v3_00_a/proc_common_pkg 1431322599 \
      LB plbv46_master_burst_v1_01_a LB unisim \
      EN plbv46_master_burst_v1_01_a/plb_mstr_addr_gen 1431322734
AR plbv46_master_burst_v1_01_a/rd_wr_calc_burst/implementation 1431322771 \
      FL $XILINX/hw/XilinxProcessorIPLib/pcores/plbv46_master_burst_v1_01_a/hdl/vhdl/rd_wr_calc_burst.vhd \
      EN plbv46_master_burst_v1_01_a/rd_wr_calc_burst 1431322770 \
      CP plbv46_master_burst_v1_01_a/plb_mstr_addr_gen
FL $XILINX/hw/XilinxProcessorIPLib/pcores/plbv46_master_burst_v1_01_a/hdl/vhdl/rd_wr_controller.vhd 2011/12/29.18:47:23 O.87xd
EN plbv46_master_burst_v1_01_a/rd_wr_controller 1431322800 \
      FL $XILINX/hw/XilinxProcessorIPLib/pcores/plbv46_master_burst_v1_01_a/hdl/vhdl/rd_wr_controller.vhd \
      PB ieee/std_logic_1164 1325952872 PB ieee/NUMERIC_STD 1325952877 \
      PB ieee/STD_LOGIC_UNSIGNED 1325952875 PB ieee/std_logic_arith 1325952873 \
      LB proc_common_v3_00_a PB proc_common_v3_00_a/proc_common_pkg 1431322599 \
      LB plbv46_master_burst_v1_01_a LB unisim PH unisim/VCOMPONENTS 1325952880 \
      EN plbv46_master_burst_v1_01_a/rd_wr_calc_burst 1431322770
AR plbv46_master_burst_v1_01_a/rd_wr_controller/implementation 1431322801 \
      FL $XILINX/hw/XilinxProcessorIPLib/pcores/plbv46_master_burst_v1_01_a/hdl/vhdl/rd_wr_controller.vhd \
      EN plbv46_master_burst_v1_01_a/rd_wr_controller 1431322800 CP FDRE \
      CP plbv46_master_burst_v1_01_a/rd_wr_calc_burst
