V3 9
FL $XILINX/hw/XilinxProcessorIPLib/pcores/xps_sysace_v1_01_a/hdl/vhdl/xps_sysace.vhd 2011/12/29.18:47:42 O.87xd
EN xps_sysace_v1_01_a/xps_sysace 1431322693 \
      FL $XILINX/hw/XilinxProcessorIPLib/pcores/xps_sysace_v1_01_a/hdl/vhdl/xps_sysace.vhd \
      PB ieee/std_logic_arith 1325952873 PB ieee/std_logic_1164 1325952872 \
      PB ieee/std_logic_misc 1325952874 LB unisim PH unisim/VCOMPONENTS 1325952880 \
      LB proc_common_v3_00_a LB sysace_common_v1_01_a \
      LB plbv46_slave_single_v1_01_a PB ieee/STD_LOGIC_UNSIGNED 1325952875 \
      PB proc_common_v3_00_a/proc_common_pkg 1431322565 \
      PB proc_common_v3_00_a/ipif_pkg 1431322676 PB proc_common_v3_00_a/family 1431322593 \
      EN sysace_common_v1_01_a/SYSACE 1431322689 \
      EN plbv46_slave_single_v1_01_a/plbv46_slave_single 1431322691
AR xps_sysace_v1_01_a/xps_sysace/implementation 1431322694 \
      FL $XILINX/hw/XilinxProcessorIPLib/pcores/xps_sysace_v1_01_a/hdl/vhdl/xps_sysace.vhd \
      EN xps_sysace_v1_01_a/xps_sysace 1431322693 \
      CP plbv46_slave_single_v1_01_a/plbv46_slave_single \
      CP sysace_common_v1_01_a/sysace
