V3 6
FL C:/20150106/synthesis/parallel_run/hdl/dlmb_wrapper.vhd 2015/05/11.13:35:20 O.87xd
EN work/dlmb_wrapper 1431322525 \
      FL C:/20150106/synthesis/parallel_run/hdl/dlmb_wrapper.vhd \
      PB ieee/std_logic_1164 1325952872 LB UNISIM PH unisim/VCOMPONENTS 1325952880 \
      LB lmb_v10_v2_00_b
AR work/dlmb_wrapper/STRUCTURE 1431322526 \
      FL C:/20150106/synthesis/parallel_run/hdl/dlmb_wrapper.vhd \
      EN work/dlmb_wrapper 1431322525 CP lmb_v10
