V3 6
FL C:/20150106/synthesis/parallel_run/hdl/mb_plb_wrapper.vhd 2015/05/11.13:35:20 O.87xd
EN work/mb_plb_wrapper 1431322683 \
      FL C:/20150106/synthesis/parallel_run/hdl/mb_plb_wrapper.vhd \
      PB ieee/std_logic_1164 1325952872 LB UNISIM PH unisim/VCOMPONENTS 1325952880 \
      LB plb_v46_v1_05_a
AR work/mb_plb_wrapper/STRUCTURE 1431322684 \
      FL C:/20150106/synthesis/parallel_run/hdl/mb_plb_wrapper.vhd \
      EN work/mb_plb_wrapper 1431322683 CP plb_v46
