V3 264
FL $XILINX/hw/XilinxProcessorIPLib/pcores/proc_common_v3_00_a/hdl/vhdl/addsub.vhd 2011/12/29.18:47:33 O.87xd
EN proc_common_v3_00_a/addsub 1431322598 \
      FL $XILINX/hw/XilinxProcessorIPLib/pcores/proc_common_v3_00_a/hdl/vhdl/addsub.vhd \
      PB ieee/std_logic_1164 1325952872
AR proc_common_v3_00_a/addsub/imp 1431322599 \
      FL $XILINX/hw/XilinxProcessorIPLib/pcores/proc_common_v3_00_a/hdl/vhdl/addsub.vhd \
      EN proc_common_v3_00_a/addsub 1431322598 LB unisim PH unisim/VCOMPONENTS 1325952880 \
      PB ieee/NUMERIC_STD 1325952877 CP MUXCY CP XORCY CP FDRE
FL $XILINX/hw/XilinxProcessorIPLib/pcores/proc_common_v3_00_a/hdl/vhdl/async_fifo_fg.vhd 2011/12/29.18:47:33 O.87xd
EN proc_common_v3_00_a/async_fifo_fg 1431322590 \
      FL $XILINX/hw/XilinxProcessorIPLib/pcores/proc_common_v3_00_a/hdl/vhdl/async_fifo_fg.vhd \
      PB ieee/std_logic_1164 1325952872 PB ieee/NUMERIC_STD 1325952877 \
      LB proc_common_v3_00_a PB proc_common_v3_00_a/proc_common_pkg 1431322548 \
      PH proc_common_v3_00_a/coregen_comp_defs 1431322585 \
      PB proc_common_v3_00_a/family_support 1431322546
AR proc_common_v3_00_a/async_fifo_fg/implementation 1431322591 \
      FL $XILINX/hw/XilinxProcessorIPLib/pcores/proc_common_v3_00_a/hdl/vhdl/async_fifo_fg.vhd \
      EN proc_common_v3_00_a/async_fifo_fg 1431322590 CP integer \
      CP std_logic_vector CP fifo_generator_v4_3 CP fifo_generator_v8_3
FL $XILINX/hw/XilinxProcessorIPLib/pcores/proc_common_v3_00_a/hdl/vhdl/basic_sfifo_fg.vhd 2011/12/29.18:47:33 O.87xd
EN proc_common_v3_00_a/basic_sfifo_fg 1431322594 \
      FL $XILINX/hw/XilinxProcessorIPLib/pcores/proc_common_v3_00_a/hdl/vhdl/basic_sfifo_fg.vhd \
      PB ieee/std_logic_1164 1325952872 PB ieee/NUMERIC_STD 1325952877 \
      LB proc_common_v3_00_a PB proc_common_v3_00_a/proc_common_pkg 1431322548 \
      PH proc_common_v3_00_a/coregen_comp_defs 1431322585
AR proc_common_v3_00_a/basic_sfifo_fg/implementation 1431322595 \
      FL $XILINX/hw/XilinxProcessorIPLib/pcores/proc_common_v3_00_a/hdl/vhdl/basic_sfifo_fg.vhd \
      EN proc_common_v3_00_a/basic_sfifo_fg 1431322594 CP fifo_generator_v8_2
FL $XILINX/hw/XilinxProcessorIPLib/pcores/proc_common_v3_00_a/hdl/vhdl/blk_mem_gen_wrapper.vhd 2011/12/29.18:47:33 O.87xd
EN proc_common_v3_00_a/blk_mem_gen_wrapper 1431322596 \
      FL $XILINX/hw/XilinxProcessorIPLib/pcores/proc_common_v3_00_a/hdl/vhdl/blk_mem_gen_wrapper.vhd \
      PB ieee/std_logic_1164 1325952872 LB proc_common_v3_00_a \
      PH proc_common_v3_00_a/coregen_comp_defs 1431322585 \
      PB proc_common_v3_00_a/family_support 1431322546
AR proc_common_v3_00_a/blk_mem_gen_wrapper/implementation 1431322597 \
      FL $XILINX/hw/XilinxProcessorIPLib/pcores/proc_common_v3_00_a/hdl/vhdl/blk_mem_gen_wrapper.vhd \
      EN proc_common_v3_00_a/blk_mem_gen_wrapper 1431322596 CP blk_mem_gen_v2_7 \
      CP blk_mem_gen_v6_2
FL $XILINX/hw/XilinxProcessorIPLib/pcores/proc_common_v3_00_a/hdl/vhdl/cntr_incr_decr_addn_f.vhd 2011/12/29.18:47:33 O.87xd
EN proc_common_v3_00_a/cntr_incr_decr_addn_f 1431322557 \
      FL $XILINX/hw/XilinxProcessorIPLib/pcores/proc_common_v3_00_a/hdl/vhdl/cntr_incr_decr_addn_f.vhd \
      PB ieee/std_logic_1164 1325952872
AR proc_common_v3_00_a/cntr_incr_decr_addn_f/imp 1431322558 \
      FL $XILINX/hw/XilinxProcessorIPLib/pcores/proc_common_v3_00_a/hdl/vhdl/cntr_incr_decr_addn_f.vhd \
      EN proc_common_v3_00_a/cntr_incr_decr_addn_f 1431322557 \
      LB proc_common_v3_00_a PB ieee/NUMERIC_STD 1325952877 LB unisim \
      CP std_logic_vector CP MUXCY_L CP XORCY CP FDS \
      PB proc_common_v3_00_a/family_support 1431322546
FL $XILINX/hw/XilinxProcessorIPLib/pcores/proc_common_v3_00_a/hdl/vhdl/common_types_pkg.vhd 2011/12/29.18:47:33 O.87xd
PH proc_common_v3_00_a/Common_Types 1431322586 \
      FL $XILINX/hw/XilinxProcessorIPLib/pcores/proc_common_v3_00_a/hdl/vhdl/common_types_pkg.vhd \
      PB ieee/std_logic_1164 1325952872
PB proc_common_v3_00_a/Common_Types 1431322587 \
      FL $XILINX/hw/XilinxProcessorIPLib/pcores/proc_common_v3_00_a/hdl/vhdl/common_types_pkg.vhd \
      PH proc_common_v3_00_a/Common_Types 1431322586
FL $XILINX/hw/XilinxProcessorIPLib/pcores/proc_common_v3_00_a/hdl/vhdl/compare_vectors_f.vhd 2011/12/29.18:47:33 O.87xd
EN proc_common_v3_00_a/compare_vectors_f 1431322650 \
      FL $XILINX/hw/XilinxProcessorIPLib/pcores/proc_common_v3_00_a/hdl/vhdl/compare_vectors_f.vhd \
      PB ieee/std_logic_1164 1325952872 LB unisim PH unisim/VCOMPONENTS 1325952880 \
      LB proc_common_v3_00_a PB proc_common_v3_00_a/family_support 1431322546
AR proc_common_v3_00_a/compare_vectors_f/imp 1431322651 \
      FL $XILINX/hw/XilinxProcessorIPLib/pcores/proc_common_v3_00_a/hdl/vhdl/compare_vectors_f.vhd \
      EN proc_common_v3_00_a/compare_vectors_f 1431322650 CP positive \
      CP std_logic_vector CP natural CP MUXCY
FL $XILINX/hw/XilinxProcessorIPLib/pcores/proc_common_v3_00_a/hdl/vhdl/conv_funs_pkg.vhd 2011/12/29.18:47:33 O.87xd
PH proc_common_v3_00_a/conv_funs_pkg 1431322588 \
      FL $XILINX/hw/XilinxProcessorIPLib/pcores/proc_common_v3_00_a/hdl/vhdl/conv_funs_pkg.vhd \
      PB ieee/std_logic_1164 1325952872
PB proc_common_v3_00_a/conv_funs_pkg 1431322589 \
      FL $XILINX/hw/XilinxProcessorIPLib/pcores/proc_common_v3_00_a/hdl/vhdl/conv_funs_pkg.vhd \
      PH proc_common_v3_00_a/conv_funs_pkg 1431322588
FL $XILINX/hw/XilinxProcessorIPLib/pcores/proc_common_v3_00_a/hdl/vhdl/coregen_comp_defs.vhd 2011/12/29.18:47:33 O.87xd
PH proc_common_v3_00_a/coregen_comp_defs 1431322585 \
      FL $XILINX/hw/XilinxProcessorIPLib/pcores/proc_common_v3_00_a/hdl/vhdl/coregen_comp_defs.vhd \
      PB ieee/std_logic_1164 1325952872 CD fifo_generator_v4_2 \
      CD fifo_generator_v4_3 CD fifo_generator_v5_1 CD fifo_generator_v5_2 \
      CD fifo_generator_v5_3 CD fifo_generator_v6_1 CD fifo_generator_v8_1 \
      CD fifo_generator_v8_2 CD fifo_generator_v8_3 CD blk_mem_gen_v2_7 \
      CD blk_mem_gen_v3_1 CD blk_mem_gen_v3_2 CD blk_mem_gen_v3_3 \
      CD blk_mem_gen_v4_1 CD blk_mem_gen_v5_2 CD blk_mem_gen_v6_2
FL $XILINX/hw/XilinxProcessorIPLib/pcores/proc_common_v3_00_a/hdl/vhdl/counter.vhd 2011/12/29.18:47:33 O.87xd
EN proc_common_v3_00_a/Counter 1431322583 \
      FL $XILINX/hw/XilinxProcessorIPLib/pcores/proc_common_v3_00_a/hdl/vhdl/counter.vhd \
      PB ieee/std_logic_1164 1325952872 LB unisim PH unisim/VCOMPONENTS 1325952880 \
      LB proc_common_v3_00_a EN proc_common_v3_00_a/counter_bit 1431322567
AR proc_common_v3_00_a/Counter/imp 1431322584 \
      FL $XILINX/hw/XilinxProcessorIPLib/pcores/proc_common_v3_00_a/hdl/vhdl/counter.vhd \
      EN proc_common_v3_00_a/Counter 1431322583 \
      CP proc_common_v3_00_a/counter_bit CP FDRE
FL $XILINX/hw/XilinxProcessorIPLib/pcores/proc_common_v3_00_a/hdl/vhdl/counter_bit.vhd 2011/12/29.18:47:33 O.87xd
EN proc_common_v3_00_a/counter_bit 1431322567 \
      FL $XILINX/hw/XilinxProcessorIPLib/pcores/proc_common_v3_00_a/hdl/vhdl/counter_bit.vhd \
      PB ieee/std_logic_1164 1325952872 LB unisim
AR proc_common_v3_00_a/counter_bit/imp 1431322568 \
      FL $XILINX/hw/XilinxProcessorIPLib/pcores/proc_common_v3_00_a/hdl/vhdl/counter_bit.vhd \
      EN proc_common_v3_00_a/counter_bit 1431322567 CP LUT4 CP MUXCY_L CP XORCY \
      CP FDRE
FL $XILINX/hw/XilinxProcessorIPLib/pcores/proc_common_v3_00_a/hdl/vhdl/counter_f.vhd 2011/12/29.18:47:33 O.87xd
EN proc_common_v3_00_a/counter_f 1431322652 \
      FL $XILINX/hw/XilinxProcessorIPLib/pcores/proc_common_v3_00_a/hdl/vhdl/counter_f.vhd \
      PB ieee/std_logic_1164 1325952872 PB ieee/NUMERIC_STD 1325952877 LB unisim \
      LB proc_common_v3_00_a PB proc_common_v3_00_a/family_support 1431322546
AR proc_common_v3_00_a/counter_f/imp 1431322653 \
      FL $XILINX/hw/XilinxProcessorIPLib/pcores/proc_common_v3_00_a/hdl/vhdl/counter_f.vhd \
      EN proc_common_v3_00_a/counter_f 1431322652 CP std_logic_vector CP std_logic \
      CP MUXCY_L CP XORCY CP FDRE CP unsigned
FL $XILINX/hw/XilinxProcessorIPLib/pcores/proc_common_v3_00_a/hdl/vhdl/direct_path_cntr.vhd 2011/12/29.18:47:33 O.87xd
EN proc_common_v3_00_a/direct_path_cntr 1431322600 \
      FL $XILINX/hw/XilinxProcessorIPLib/pcores/proc_common_v3_00_a/hdl/vhdl/direct_path_cntr.vhd \
      PB ieee/std_logic_1164 1325952872
AR proc_common_v3_00_a/direct_path_cntr/imp 1431322601 \
      FL $XILINX/hw/XilinxProcessorIPLib/pcores/proc_common_v3_00_a/hdl/vhdl/direct_path_cntr.vhd \
      EN proc_common_v3_00_a/direct_path_cntr 1431322600 LB unisim CP std_logic \
      CP MULT_AND CP MUXCY CP XORCY CP FDE
FL $XILINX/hw/XilinxProcessorIPLib/pcores/proc_common_v3_00_a/hdl/vhdl/direct_path_cntr_ai.vhd 2011/12/29.18:47:33 O.87xd
EN proc_common_v3_00_a/direct_path_cntr_ai 1431322602 \
      FL $XILINX/hw/XilinxProcessorIPLib/pcores/proc_common_v3_00_a/hdl/vhdl/direct_path_cntr_ai.vhd \
      PB ieee/std_logic_1164 1325952872
AR proc_common_v3_00_a/direct_path_cntr_ai/imp 1431322603 \
      FL $XILINX/hw/XilinxProcessorIPLib/pcores/proc_common_v3_00_a/hdl/vhdl/direct_path_cntr_ai.vhd \
      EN proc_common_v3_00_a/direct_path_cntr_ai 1431322602 LB unisim \
      PH unisim/VCOMPONENTS 1325952880 CP std_logic CP MULT_AND CP MUXCY CP XORCY \
      CP FDE
FL $XILINX/hw/XilinxProcessorIPLib/pcores/proc_common_v3_00_a/hdl/vhdl/down_counter.vhd 2011/12/29.18:47:33 O.87xd
EN proc_common_v3_00_a/down_counter 1431322604 \
      FL $XILINX/hw/XilinxProcessorIPLib/pcores/proc_common_v3_00_a/hdl/vhdl/down_counter.vhd \
      PB ieee/std_logic_1164 1325952872 PB ieee/std_logic_arith 1325952873 \
      LB proc_common_v3_00_a PB proc_common_v3_00_a/proc_common_pkg 1431322548
AR proc_common_v3_00_a/down_counter/simulation 1431322605 \
      FL $XILINX/hw/XilinxProcessorIPLib/pcores/proc_common_v3_00_a/hdl/vhdl/down_counter.vhd \
      EN proc_common_v3_00_a/down_counter 1431322604
FL $XILINX/hw/XilinxProcessorIPLib/pcores/proc_common_v3_00_a/hdl/vhdl/dynshreg_f.vhd 2011/12/29.18:47:33 O.87xd
EN proc_common_v3_00_a/dynshreg_f 1431322559 \
      FL $XILINX/hw/XilinxProcessorIPLib/pcores/proc_common_v3_00_a/hdl/vhdl/dynshreg_f.vhd \
      PB ieee/std_logic_1164 1325952872 PB ieee/NUMERIC_STD 1325952877 \
      LB proc_common_v3_00_a PB proc_common_v3_00_a/proc_common_pkg 1431322548
AR proc_common_v3_00_a/dynshreg_f/behavioral 1431322560 \
      FL $XILINX/hw/XilinxProcessorIPLib/pcores/proc_common_v3_00_a/hdl/vhdl/dynshreg_f.vhd \
      EN proc_common_v3_00_a/dynshreg_f 1431322559 LB proc_common_v3_00_a \
      PB proc_common_v3_00_a/family_support 1431322546 LB unisim CP bo2na_type \
      CP natural CP integer CP std_logic_vector CP SRLC16E CP SRLC32E \
      CP proc_common_v3_00_a/muxf_struct_f CP dataType
FL $XILINX/hw/XilinxProcessorIPLib/pcores/proc_common_v3_00_a/hdl/vhdl/dynshreg_i_f.vhd 2011/12/29.18:47:33 O.87xd
EN proc_common_v3_00_a/dynshreg_i_f 1431322644 \
      FL $XILINX/hw/XilinxProcessorIPLib/pcores/proc_common_v3_00_a/hdl/vhdl/dynshreg_i_f.vhd \
      PB ieee/std_logic_1164 1325952872 PB ieee/NUMERIC_STD 1325952877 \
      LB proc_common_v3_00_a PB proc_common_v3_00_a/proc_common_pkg 1431322548
AR proc_common_v3_00_a/dynshreg_i_f/behavioral 1431322645 \
      FL $XILINX/hw/XilinxProcessorIPLib/pcores/proc_common_v3_00_a/hdl/vhdl/dynshreg_i_f.vhd \
      EN proc_common_v3_00_a/dynshreg_i_f 1431322644 LB proc_common_v3_00_a \
      PB proc_common_v3_00_a/family_support 1431322546 LB unisim CP bo2na_type \
      CP natural CP integer CP std_logic_vector CP positive CP bit_vector CP SRLC16E \
      CP SRLC32E CP proc_common_v3_00_a/muxf_struct_f CP dataType
FL $XILINX/hw/XilinxProcessorIPLib/pcores/proc_common_v3_00_a/hdl/vhdl/eval_timer.vhd 2011/12/29.18:47:33 O.87xd
EN proc_common_v3_00_a/eval_timer 1431322606 \
      FL $XILINX/hw/XilinxProcessorIPLib/pcores/proc_common_v3_00_a/hdl/vhdl/eval_timer.vhd \
      PB ieee/std_logic_1164 1325952872 LB unisim LB proc_common_v3_00_a \
      PB proc_common_v3_00_a/proc_common_pkg 1431322548
AR proc_common_v3_00_a/eval_timer/imp 1431322607 \
      FL $XILINX/hw/XilinxProcessorIPLib/pcores/proc_common_v3_00_a/hdl/vhdl/eval_timer.vhd \
      EN proc_common_v3_00_a/eval_timer 1431322606 CP Counter CP FDR CP FDRE
FL $XILINX/hw/XilinxProcessorIPLib/pcores/proc_common_v3_00_a/hdl/vhdl/family.vhd 2011/12/29.18:47:33 O.87xd
PH proc_common_v3_00_a/family 1431322575 \
      FL $XILINX/hw/XilinxProcessorIPLib/pcores/proc_common_v3_00_a/hdl/vhdl/family.vhd
PB proc_common_v3_00_a/family 1431322576 \
      FL $XILINX/hw/XilinxProcessorIPLib/pcores/proc_common_v3_00_a/hdl/vhdl/family.vhd \
      PH proc_common_v3_00_a/family 1431322575
FL $XILINX/hw/XilinxProcessorIPLib/pcores/proc_common_v3_00_a/hdl/vhdl/family_support.vhd 2011/12/29.18:47:33 O.87xd
PH proc_common_v3_00_a/family_support 1431322545 \
      FL $XILINX/hw/XilinxProcessorIPLib/pcores/proc_common_v3_00_a/hdl/vhdl/family_support.vhd
PB proc_common_v3_00_a/family_support 1431322546 \
      FL $XILINX/hw/XilinxProcessorIPLib/pcores/proc_common_v3_00_a/hdl/vhdl/family_support.vhd \
      PH proc_common_v3_00_a/family_support 1431322545
FL $XILINX/hw/XilinxProcessorIPLib/pcores/proc_common_v3_00_a/hdl/vhdl/inferred_lut4.vhd 2011/12/29.18:47:33 O.87xd
EN proc_common_v3_00_a/inferred_lut4 1431322549 \
      FL $XILINX/hw/XilinxProcessorIPLib/pcores/proc_common_v3_00_a/hdl/vhdl/inferred_lut4.vhd \
      PB ieee/std_logic_1164 1325952872 PB ieee/std_logic_arith 1325952873 \
      PB ieee/STD_LOGIC_UNSIGNED 1325952875
AR proc_common_v3_00_a/inferred_lut4/implementation 1431322550 \
      FL $XILINX/hw/XilinxProcessorIPLib/pcores/proc_common_v3_00_a/hdl/vhdl/inferred_lut4.vhd \
      EN proc_common_v3_00_a/inferred_lut4 1431322549
FL $XILINX/hw/XilinxProcessorIPLib/pcores/proc_common_v3_00_a/hdl/vhdl/ipif_mirror128.vhd 2011/12/29.18:47:33 O.87xd
EN proc_common_v3_00_a/ipif_mirror128 1431322612 \
      FL $XILINX/hw/XilinxProcessorIPLib/pcores/proc_common_v3_00_a/hdl/vhdl/ipif_mirror128.vhd \
      PB ieee/std_logic_1164 1325952872
AR proc_common_v3_00_a/ipif_mirror128/IMP 1431322613 \
      FL $XILINX/hw/XilinxProcessorIPLib/pcores/proc_common_v3_00_a/hdl/vhdl/ipif_mirror128.vhd \
      EN proc_common_v3_00_a/ipif_mirror128 1431322612 CP std_logic \
      CP std_logic_vector
FL $XILINX/hw/XilinxProcessorIPLib/pcores/proc_common_v3_00_a/hdl/vhdl/ipif_pkg.vhd 2011/12/29.18:47:33 O.87xd
PH proc_common_v3_00_a/ipif_pkg 1431322662 \
      FL $XILINX/hw/XilinxProcessorIPLib/pcores/proc_common_v3_00_a/hdl/vhdl/ipif_pkg.vhd \
      PB ieee/std_logic_1164 1325952872 PB ieee/std_logic_arith 1325952873 \
      PB ieee/STD_LOGIC_UNSIGNED 1325952875
PB proc_common_v3_00_a/ipif_pkg 1431322663 \
      FL $XILINX/hw/XilinxProcessorIPLib/pcores/proc_common_v3_00_a/hdl/vhdl/ipif_pkg.vhd \
      PH proc_common_v3_00_a/ipif_pkg 1431322662 LB proc_common_v3_00_a \
      PB proc_common_v3_00_a/proc_common_pkg 1431322548
FL $XILINX/hw/XilinxProcessorIPLib/pcores/proc_common_v3_00_a/hdl/vhdl/ipif_steer.vhd 2011/12/29.18:47:33 O.87xd
EN proc_common_v3_00_a/IPIF_Steer 1431322608 \
      FL $XILINX/hw/XilinxProcessorIPLib/pcores/proc_common_v3_00_a/hdl/vhdl/ipif_steer.vhd \
      PB ieee/std_logic_1164 1325952872
AR proc_common_v3_00_a/IPIF_Steer/IMP 1431322609 \
      FL $XILINX/hw/XilinxProcessorIPLib/pcores/proc_common_v3_00_a/hdl/vhdl/ipif_steer.vhd \
      EN proc_common_v3_00_a/IPIF_Steer 1431322608 CP std_logic \
      CP std_logic_vector
FL $XILINX/hw/XilinxProcessorIPLib/pcores/proc_common_v3_00_a/hdl/vhdl/ipif_steer128.vhd 2011/12/29.18:47:33 O.87xd
EN proc_common_v3_00_a/ipif_steer128 1431322610 \
      FL $XILINX/hw/XilinxProcessorIPLib/pcores/proc_common_v3_00_a/hdl/vhdl/ipif_steer128.vhd \
      PB ieee/std_logic_1164 1325952872
AR proc_common_v3_00_a/ipif_steer128/IMP 1431322611 \
      FL $XILINX/hw/XilinxProcessorIPLib/pcores/proc_common_v3_00_a/hdl/vhdl/ipif_steer128.vhd \
      EN proc_common_v3_00_a/ipif_steer128 1431322610 CP std_logic \
      CP std_logic_vector
FL $XILINX/hw/XilinxProcessorIPLib/pcores/proc_common_v3_00_a/hdl/vhdl/ld_arith_reg.vhd 2011/12/29.18:47:33 O.87xd
EN proc_common_v3_00_a/ld_arith_reg 1431322614 \
      FL $XILINX/hw/XilinxProcessorIPLib/pcores/proc_common_v3_00_a/hdl/vhdl/ld_arith_reg.vhd \
      PB ieee/std_logic_1164 1325952872
AR proc_common_v3_00_a/ld_arith_reg/imp 1431322615 \
      FL $XILINX/hw/XilinxProcessorIPLib/pcores/proc_common_v3_00_a/hdl/vhdl/ld_arith_reg.vhd \
      EN proc_common_v3_00_a/ld_arith_reg 1431322614 LB unisim PB ieee/NUMERIC_STD 1325952877 \
      CP std_logic CP MULT_AND CP MUXCY CP XORCY CP FDRE CP FDSE
FL $XILINX/hw/XilinxProcessorIPLib/pcores/proc_common_v3_00_a/hdl/vhdl/ld_arith_reg2.vhd 2011/12/29.18:47:33 O.87xd
EN proc_common_v3_00_a/ld_arith_reg2 1431322616 \
      FL $XILINX/hw/XilinxProcessorIPLib/pcores/proc_common_v3_00_a/hdl/vhdl/ld_arith_reg2.vhd \
      PB ieee/std_logic_1164 1325952872
AR proc_common_v3_00_a/ld_arith_reg2/imp 1431322617 \
      FL $XILINX/hw/XilinxProcessorIPLib/pcores/proc_common_v3_00_a/hdl/vhdl/ld_arith_reg2.vhd \
      EN proc_common_v3_00_a/ld_arith_reg2 1431322616 LB unisim \
      PB ieee/NUMERIC_STD 1325952877 CP std_logic CP MULT_AND CP MUXCY CP XORCY \
      CP FDRE CP FDSE
FL $XILINX/hw/XilinxProcessorIPLib/pcores/proc_common_v3_00_a/hdl/vhdl/muxf_struct_f.vhd 2011/12/29.18:47:33 O.87xd
EN proc_common_v3_00_a/muxf_struct 1431322551 \
      FL $XILINX/hw/XilinxProcessorIPLib/pcores/proc_common_v3_00_a/hdl/vhdl/muxf_struct_f.vhd \
      PB ieee/std_logic_1164 1325952872 LB proc_common_v3_00_a \
      PB proc_common_v3_00_a/proc_common_pkg 1431322548 \
      PB proc_common_v3_00_a/family_support 1431322546 LB unisim
AR proc_common_v3_00_a/muxf_struct/imp 1431322552 \
      FL $XILINX/hw/XilinxProcessorIPLib/pcores/proc_common_v3_00_a/hdl/vhdl/muxf_struct_f.vhd \
      EN proc_common_v3_00_a/muxf_struct 1431322551 LB proc_common_v3_00_a \
      LB unisim CP natural CP boolean CP proc_common_v3_00_a/muxf_struct CP MUXF5_D \
      CP MUXF6_D CP MUXF7_D CP MUXF8_D CP std_logic
EN proc_common_v3_00_a/muxf_struct_f 1431322553 \
      FL $XILINX/hw/XilinxProcessorIPLib/pcores/proc_common_v3_00_a/hdl/vhdl/muxf_struct_f.vhd \
      PB ieee/std_logic_1164 1325952872 LB proc_common_v3_00_a \
      PB proc_common_v3_00_a/proc_common_pkg 1431322548
AR proc_common_v3_00_a/muxf_struct_f/imp 1431322554 \
      FL $XILINX/hw/XilinxProcessorIPLib/pcores/proc_common_v3_00_a/hdl/vhdl/muxf_struct_f.vhd \
      EN proc_common_v3_00_a/muxf_struct_f 1431322553 \
      CP proc_common_v3_00_a/muxf_struct
FL $XILINX/hw/XilinxProcessorIPLib/pcores/proc_common_v3_00_a/hdl/vhdl/mux_onehot.vhd 2011/12/29.18:47:33 O.87xd
EN proc_common_v3_00_a/mux_onehot 1431322618 \
      FL $XILINX/hw/XilinxProcessorIPLib/pcores/proc_common_v3_00_a/hdl/vhdl/mux_onehot.vhd \
      PB ieee/std_logic_1164 1325952872 LB unisim
AR proc_common_v3_00_a/mux_onehot/imp 1431322619 \
      FL $XILINX/hw/XilinxProcessorIPLib/pcores/proc_common_v3_00_a/hdl/vhdl/mux_onehot.vhd \
      EN proc_common_v3_00_a/mux_onehot 1431322618 CP MUXCY
FL $XILINX/hw/XilinxProcessorIPLib/pcores/proc_common_v3_00_a/hdl/vhdl/mux_onehot_f.vhd 2011/12/29.18:47:33 O.87xd
EN proc_common_v3_00_a/mux_onehot_f 1431322646 \
      FL $XILINX/hw/XilinxProcessorIPLib/pcores/proc_common_v3_00_a/hdl/vhdl/mux_onehot_f.vhd \
      PB ieee/std_logic_1164 1325952872 LB proc_common_v3_00_a \
      PB proc_common_v3_00_a/family_support 1431322546
AR proc_common_v3_00_a/mux_onehot_f/imp 1431322647 \
      FL $XILINX/hw/XilinxProcessorIPLib/pcores/proc_common_v3_00_a/hdl/vhdl/mux_onehot_f.vhd \
      EN proc_common_v3_00_a/mux_onehot_f 1431322646 LB unisim CP positive \
      CP std_logic_vector CP MUXCY
FL $XILINX/hw/XilinxProcessorIPLib/pcores/proc_common_v3_00_a/hdl/vhdl/or_bits.vhd 2011/12/29.18:47:33 O.87xd
EN proc_common_v3_00_a/or_bits 1431322620 \
      FL $XILINX/hw/XilinxProcessorIPLib/pcores/proc_common_v3_00_a/hdl/vhdl/or_bits.vhd \
      PB ieee/std_logic_1164 1325952872 LB unisim
AR proc_common_v3_00_a/or_bits/implementation 1431322621 \
      FL $XILINX/hw/XilinxProcessorIPLib/pcores/proc_common_v3_00_a/hdl/vhdl/or_bits.vhd \
      EN proc_common_v3_00_a/or_bits 1431322620 CP std_logic_vector CP MUXCY
FL $XILINX/hw/XilinxProcessorIPLib/pcores/proc_common_v3_00_a/hdl/vhdl/or_gate.vhd 2011/12/29.18:47:33 O.87xd
EN proc_common_v3_00_a/or_gate 1431322622 \
      FL $XILINX/hw/XilinxProcessorIPLib/pcores/proc_common_v3_00_a/hdl/vhdl/or_gate.vhd \
      PB ieee/std_logic_1164 1325952872 PB ieee/std_logic_arith 1325952873 \
      PB ieee/STD_LOGIC_UNSIGNED 1325952875 LB proc_common_v3_00_a
AR proc_common_v3_00_a/or_gate/imp 1431322623 \
      FL $XILINX/hw/XilinxProcessorIPLib/pcores/proc_common_v3_00_a/hdl/vhdl/or_gate.vhd \
      EN proc_common_v3_00_a/or_gate 1431322622 CP std_logic_vector CP or_muxcy
FL $XILINX/hw/XilinxProcessorIPLib/pcores/proc_common_v3_00_a/hdl/vhdl/or_gate128.vhd 2011/12/29.18:47:33 O.87xd
EN proc_common_v3_00_a/or_gate128 1431322660 \
      FL $XILINX/hw/XilinxProcessorIPLib/pcores/proc_common_v3_00_a/hdl/vhdl/or_gate128.vhd \
      PB ieee/std_logic_1164 1325952872 PB ieee/std_logic_arith 1325952873 \
      PB ieee/STD_LOGIC_UNSIGNED 1325952875 LB proc_common_v3_00_a
AR proc_common_v3_00_a/or_gate128/imp 1431322661 \
      FL $XILINX/hw/XilinxProcessorIPLib/pcores/proc_common_v3_00_a/hdl/vhdl/or_gate128.vhd \
      EN proc_common_v3_00_a/or_gate128 1431322660 CP std_logic_vector CP or_muxcy
FL $XILINX/hw/XilinxProcessorIPLib/pcores/proc_common_v3_00_a/hdl/vhdl/or_gate_f.vhd 2011/12/29.18:47:33 O.87xd
EN proc_common_v3_00_a/or_gate_f 1431322654 \
      FL $XILINX/hw/XilinxProcessorIPLib/pcores/proc_common_v3_00_a/hdl/vhdl/or_gate_f.vhd \
      PB ieee/std_logic_1164 1325952872 PB ieee/std_logic_arith 1325952873 \
      PB ieee/STD_LOGIC_UNSIGNED 1325952875 LB proc_common_v3_00_a
AR proc_common_v3_00_a/or_gate_f/imp 1431322655 \
      FL $XILINX/hw/XilinxProcessorIPLib/pcores/proc_common_v3_00_a/hdl/vhdl/or_gate_f.vhd \
      EN proc_common_v3_00_a/or_gate_f 1431322654 CP std_logic_vector \
      CP proc_common_v3_00_a/or_muxcy_f
FL $XILINX/hw/XilinxProcessorIPLib/pcores/proc_common_v3_00_a/hdl/vhdl/or_muxcy.vhd 2011/12/29.18:47:33 O.87xd
EN proc_common_v3_00_a/or_muxcy 1431322569 \
      FL $XILINX/hw/XilinxProcessorIPLib/pcores/proc_common_v3_00_a/hdl/vhdl/or_muxcy.vhd \
      PB ieee/std_logic_1164 1325952872 LB unisim
AR proc_common_v3_00_a/or_muxcy/implementation 1431322570 \
      FL $XILINX/hw/XilinxProcessorIPLib/pcores/proc_common_v3_00_a/hdl/vhdl/or_muxcy.vhd \
      EN proc_common_v3_00_a/or_muxcy 1431322569 CP std_logic_vector CP MUXCY
FL $XILINX/hw/XilinxProcessorIPLib/pcores/proc_common_v3_00_a/hdl/vhdl/or_muxcy_f.vhd 2011/12/29.18:47:33 O.87xd
EN proc_common_v3_00_a/or_muxcy_f 1431322571 \
      FL $XILINX/hw/XilinxProcessorIPLib/pcores/proc_common_v3_00_a/hdl/vhdl/or_muxcy_f.vhd \
      PB ieee/std_logic_1164 1325952872
AR proc_common_v3_00_a/or_muxcy_f/implementation 1431322572 \
      FL $XILINX/hw/XilinxProcessorIPLib/pcores/proc_common_v3_00_a/hdl/vhdl/or_muxcy_f.vhd \
      EN proc_common_v3_00_a/or_muxcy_f 1431322571 LB proc_common_v3_00_a \
      PB proc_common_v3_00_a/family_support 1431322546 LB unisim CP positive \
      CP std_logic_vector CP std_logic CP MUXCY
FL $XILINX/hw/XilinxProcessorIPLib/pcores/proc_common_v3_00_a/hdl/vhdl/or_with_enable_f.vhd 2011/12/29.18:47:33 O.87xd
EN proc_common_v3_00_a/or_with_enable_f 1431322642 \
      FL $XILINX/hw/XilinxProcessorIPLib/pcores/proc_common_v3_00_a/hdl/vhdl/or_with_enable_f.vhd \
      PB ieee/std_logic_1164 1325952872
AR proc_common_v3_00_a/or_with_enable_f/implementation 1431322643 \
      FL $XILINX/hw/XilinxProcessorIPLib/pcores/proc_common_v3_00_a/hdl/vhdl/or_with_enable_f.vhd \
      EN proc_common_v3_00_a/or_with_enable_f 1431322642 LB proc_common_v3_00_a \
      PB proc_common_v3_00_a/family_support 1431322546 LB unisim CP positive \
      CP std_logic_vector CP std_logic CP MUXCY
FL $XILINX/hw/XilinxProcessorIPLib/pcores/proc_common_v3_00_a/hdl/vhdl/pf_adder.vhd 2011/12/29.18:47:33 O.87xd
EN proc_common_v3_00_a/pf_adder 1431322581 \
      FL $XILINX/hw/XilinxProcessorIPLib/pcores/proc_common_v3_00_a/hdl/vhdl/pf_adder.vhd \
      PB ieee/std_logic_1164 1325952872 LB unisim
AR proc_common_v3_00_a/pf_adder/implementation 1431322582 \
      FL $XILINX/hw/XilinxProcessorIPLib/pcores/proc_common_v3_00_a/hdl/vhdl/pf_adder.vhd \
      EN proc_common_v3_00_a/pf_adder 1431322581 CP pf_adder_bit
FL $XILINX/hw/XilinxProcessorIPLib/pcores/proc_common_v3_00_a/hdl/vhdl/pf_adder_bit.vhd 2011/12/29.18:47:33 O.87xd
EN proc_common_v3_00_a/pf_adder_bit 1431322561 \
      FL $XILINX/hw/XilinxProcessorIPLib/pcores/proc_common_v3_00_a/hdl/vhdl/pf_adder_bit.vhd \
      PB ieee/std_logic_1164 1325952872 LB unisim LB proc_common_v3_00_a \
      EN proc_common_v3_00_a/inferred_lut4 1431322549
AR proc_common_v3_00_a/pf_adder_bit/implementation 1431322562 \
      FL $XILINX/hw/XilinxProcessorIPLib/pcores/proc_common_v3_00_a/hdl/vhdl/pf_adder_bit.vhd \
      EN proc_common_v3_00_a/pf_adder_bit 1431322561 CP inferred_lut4 CP MUXCY \
      CP XORCY CP FDRE
FL $XILINX/hw/XilinxProcessorIPLib/pcores/proc_common_v3_00_a/hdl/vhdl/pf_counter.vhd 2011/12/29.18:47:33 O.87xd
EN proc_common_v3_00_a/pf_counter 1431322563 \
      FL $XILINX/hw/XilinxProcessorIPLib/pcores/proc_common_v3_00_a/hdl/vhdl/pf_counter.vhd \
      PB ieee/std_logic_1164 1325952872 LB unisim PH unisim/VCOMPONENTS 1325952880 \
      LB proc_common_v3_00_a EN proc_common_v3_00_a/pf_counter_bit 1431322555
AR proc_common_v3_00_a/pf_counter/implementation 1431322564 \
      FL $XILINX/hw/XilinxProcessorIPLib/pcores/proc_common_v3_00_a/hdl/vhdl/pf_counter.vhd \
      EN proc_common_v3_00_a/pf_counter 1431322563 \
      CP proc_common_v3_00_a/pf_counter_bit CP FDRE
FL $XILINX/hw/XilinxProcessorIPLib/pcores/proc_common_v3_00_a/hdl/vhdl/pf_counter_bit.vhd 2011/12/29.18:47:33 O.87xd
EN proc_common_v3_00_a/pf_counter_bit 1431322555 \
      FL $XILINX/hw/XilinxProcessorIPLib/pcores/proc_common_v3_00_a/hdl/vhdl/pf_counter_bit.vhd \
      PB ieee/std_logic_1164 1325952872 LB unisim LB proc_common_v3_00_a \
      EN proc_common_v3_00_a/inferred_lut4 1431322549
AR proc_common_v3_00_a/pf_counter_bit/implementation 1431322556 \
      FL $XILINX/hw/XilinxProcessorIPLib/pcores/proc_common_v3_00_a/hdl/vhdl/pf_counter_bit.vhd \
      EN proc_common_v3_00_a/pf_counter_bit 1431322555 CP inferred_lut4 CP MUXCY \
      CP XORCY CP FDRE
FL $XILINX/hw/XilinxProcessorIPLib/pcores/proc_common_v3_00_a/hdl/vhdl/pf_counter_top.vhd 2011/12/29.18:47:33 O.87xd
EN proc_common_v3_00_a/pf_counter_top 1431322579 \
      FL $XILINX/hw/XilinxProcessorIPLib/pcores/proc_common_v3_00_a/hdl/vhdl/pf_counter_top.vhd \
      PB ieee/std_logic_1164 1325952872 LB unisim PH unisim/VCOMPONENTS 1325952880 \
      LB proc_common_v3_00_a EN proc_common_v3_00_a/pf_counter 1431322563
AR proc_common_v3_00_a/pf_counter_top/implementation 1431322580 \
      FL $XILINX/hw/XilinxProcessorIPLib/pcores/proc_common_v3_00_a/hdl/vhdl/pf_counter_top.vhd \
      EN proc_common_v3_00_a/pf_counter_top 1431322579 \
      CP proc_common_v3_00_a/pf_counter
FL $XILINX/hw/XilinxProcessorIPLib/pcores/proc_common_v3_00_a/hdl/vhdl/pf_dpram_select.vhd 2011/12/29.18:47:33 O.87xd
EN proc_common_v3_00_a/pf_dpram_select 1431322624 \
      FL $XILINX/hw/XilinxProcessorIPLib/pcores/proc_common_v3_00_a/hdl/vhdl/pf_dpram_select.vhd \
      PB ieee/std_logic_1164 1325952872 PB ieee/NUMERIC_STD 1325952877 LB unisim
AR proc_common_v3_00_a/pf_dpram_select/implementation 1431322625 \
      FL $XILINX/hw/XilinxProcessorIPLib/pcores/proc_common_v3_00_a/hdl/vhdl/pf_dpram_select.vhd \
      EN proc_common_v3_00_a/pf_dpram_select 1431322624 CP in CP out CP integer \
      CP dbus_slice_array CP pdbus_slice_array CP std_logic_vector CP std_logic \
      CP RAMB16_S36_S36 CP RAMB16_S18_S18 CP RAMB16_S9_S9 CP RAMB16_S4_S4 \
      CP RAMB16_S2_S2 CP RAMB16_S1_S1 CP RAMB4_S1_S1 CP RAMB4_S2_S2 CP RAMB4_S4_S4 \
      CP RAMB4_S8_S8 CP RAMB4_S16_S16
FL $XILINX/hw/XilinxProcessorIPLib/pcores/proc_common_v3_00_a/hdl/vhdl/pf_occ_counter.vhd 2011/12/29.18:47:33 O.87xd
EN proc_common_v3_00_a/pf_occ_counter 1431322565 \
      FL $XILINX/hw/XilinxProcessorIPLib/pcores/proc_common_v3_00_a/hdl/vhdl/pf_occ_counter.vhd \
      PB ieee/std_logic_1164 1325952872 LB unisim PH unisim/VCOMPONENTS 1325952880 \
      LB proc_common_v3_00_a EN proc_common_v3_00_a/pf_counter_bit 1431322555
AR proc_common_v3_00_a/pf_occ_counter/implementation 1431322566 \
      FL $XILINX/hw/XilinxProcessorIPLib/pcores/proc_common_v3_00_a/hdl/vhdl/pf_occ_counter.vhd \
      EN proc_common_v3_00_a/pf_occ_counter 1431322565 CP MUXCY \
      CP proc_common_v3_00_a/pf_counter_bit
FL $XILINX/hw/XilinxProcessorIPLib/pcores/proc_common_v3_00_a/hdl/vhdl/pf_occ_counter_top.vhd 2011/12/29.18:47:33 O.87xd
EN proc_common_v3_00_a/pf_occ_counter_top 1431322577 \
      FL $XILINX/hw/XilinxProcessorIPLib/pcores/proc_common_v3_00_a/hdl/vhdl/pf_occ_counter_top.vhd \
      PB ieee/std_logic_1164 1325952872 LB unisim PH unisim/VCOMPONENTS 1325952880 \
      LB proc_common_v3_00_a EN proc_common_v3_00_a/pf_occ_counter 1431322565
AR proc_common_v3_00_a/pf_occ_counter_top/implementation 1431322578 \
      FL $XILINX/hw/XilinxProcessorIPLib/pcores/proc_common_v3_00_a/hdl/vhdl/pf_occ_counter_top.vhd \
      EN proc_common_v3_00_a/pf_occ_counter_top 1431322577 \
      CP proc_common_v3_00_a/pf_occ_counter
FL $XILINX/hw/XilinxProcessorIPLib/pcores/proc_common_v3_00_a/hdl/vhdl/proc_common_pkg.vhd 2011/12/29.18:47:33 O.87xd
PH proc_common_v3_00_a/proc_common_pkg 1431322547 \
      FL $XILINX/hw/XilinxProcessorIPLib/pcores/proc_common_v3_00_a/hdl/vhdl/proc_common_pkg.vhd \
      PB ieee/std_logic_1164 1325952872 PB ieee/std_logic_arith 1325952873 \
      PB ieee/STD_LOGIC_UNSIGNED 1325952875
PB proc_common_v3_00_a/proc_common_pkg 1431322548 \
      FL $XILINX/hw/XilinxProcessorIPLib/pcores/proc_common_v3_00_a/hdl/vhdl/proc_common_pkg.vhd \
      PH proc_common_v3_00_a/proc_common_pkg 1431322547
FL $XILINX/hw/XilinxProcessorIPLib/pcores/proc_common_v3_00_a/hdl/vhdl/pselect.vhd 2011/12/29.18:47:33 O.87xd
EN proc_common_v3_00_a/pselect 1431322626 \
      FL $XILINX/hw/XilinxProcessorIPLib/pcores/proc_common_v3_00_a/hdl/vhdl/pselect.vhd \
      PB ieee/std_logic_1164 1325952872 PB ieee/std_logic_arith 1325952873 \
      PB ieee/STD_LOGIC_UNSIGNED 1325952875 LB unisim
AR proc_common_v3_00_a/pselect/imp 1431322627 \
      FL $XILINX/hw/XilinxProcessorIPLib/pcores/proc_common_v3_00_a/hdl/vhdl/pselect.vhd \
      EN proc_common_v3_00_a/pselect 1431322626 CP std_logic_vector CP MUXCY
FL $XILINX/hw/XilinxProcessorIPLib/pcores/proc_common_v3_00_a/hdl/vhdl/pselect_f.vhd 2011/12/29.18:47:33 O.87xd
EN proc_common_v3_00_a/pselect_f 1431322658 \
      FL $XILINX/hw/XilinxProcessorIPLib/pcores/proc_common_v3_00_a/hdl/vhdl/pselect_f.vhd \
      PB ieee/std_logic_1164 1325952872 LB unisim LB proc_common_v3_00_a \
      PB proc_common_v3_00_a/family_support 1431322546
AR proc_common_v3_00_a/pselect_f/imp 1431322659 \
      FL $XILINX/hw/XilinxProcessorIPLib/pcores/proc_common_v3_00_a/hdl/vhdl/pselect_f.vhd \
      EN proc_common_v3_00_a/pselect_f 1431322658 CP integer CP std_logic_vector \
      CP natural CP positive CP MUXCY
FL $XILINX/hw/XilinxProcessorIPLib/pcores/proc_common_v3_00_a/hdl/vhdl/pselect_mask.vhd 2011/12/29.18:47:33 O.87xd
EN proc_common_v3_00_a/pselect_mask 1431322628 \
      FL $XILINX/hw/XilinxProcessorIPLib/pcores/proc_common_v3_00_a/hdl/vhdl/pselect_mask.vhd \
      PB ieee/std_logic_1164 1325952872 PB ieee/std_logic_arith 1325952873 \
      PB ieee/STD_LOGIC_UNSIGNED 1325952875 LB unisim
AR proc_common_v3_00_a/pselect_mask/imp 1431322629 \
      FL $XILINX/hw/XilinxProcessorIPLib/pcores/proc_common_v3_00_a/hdl/vhdl/pselect_mask.vhd \
      EN proc_common_v3_00_a/pselect_mask 1431322628 LB unisim
FL $XILINX/hw/XilinxProcessorIPLib/pcores/proc_common_v3_00_a/hdl/vhdl/soft_reset.vhd 2011/12/29.18:47:33 O.87xd
EN proc_common_v3_00_a/soft_reset 1431322656 \
      FL $XILINX/hw/XilinxProcessorIPLib/pcores/proc_common_v3_00_a/hdl/vhdl/soft_reset.vhd \
      PB ieee/std_logic_1164 1325952872 PB ieee/NUMERIC_STD 1325952877 LB unisim \
      PH unisim/VCOMPONENTS 1325952880
AR proc_common_v3_00_a/soft_reset/implementation 1431322657 \
      FL $XILINX/hw/XilinxProcessorIPLib/pcores/proc_common_v3_00_a/hdl/vhdl/soft_reset.vhd \
      EN proc_common_v3_00_a/soft_reset 1431322656 CP FDRSE
FL $XILINX/hw/XilinxProcessorIPLib/pcores/proc_common_v3_00_a/hdl/vhdl/srl16_fifo.vhd 2011/12/29.18:47:33 O.87xd
EN proc_common_v3_00_a/srl16_fifo 1431322630 \
      FL $XILINX/hw/XilinxProcessorIPLib/pcores/proc_common_v3_00_a/hdl/vhdl/srl16_fifo.vhd \
      LB unisim PH unisim/VCOMPONENTS 1325952880 LB proc_common_v3_00_a \
      EN proc_common_v3_00_a/pf_adder 1431322581 \
      EN proc_common_v3_00_a/pf_counter_top 1431322579 \
      EN proc_common_v3_00_a/pf_occ_counter_top 1431322577 PB ieee/std_logic_1164 1325952872 \
      PB ieee/std_logic_arith 1325952873 PB ieee/STD_LOGIC_UNSIGNED 1325952875
AR proc_common_v3_00_a/srl16_fifo/implementation 1431322631 \
      FL $XILINX/hw/XilinxProcessorIPLib/pcores/proc_common_v3_00_a/hdl/vhdl/srl16_fifo.vhd \
      EN proc_common_v3_00_a/srl16_fifo 1431322630 \
      CP proc_common_v3_00_a/pf_occ_counter_top \
      CP proc_common_v3_00_a/pf_counter_top CP SRL16E CP boolean CP integer \
      CP std_logic_vector CP proc_common_v3_00_a/pf_adder
FL $XILINX/hw/XilinxProcessorIPLib/pcores/proc_common_v3_00_a/hdl/vhdl/srl_fifo.vhd 2011/12/29.18:47:33 O.87xd
EN proc_common_v3_00_a/SRL_FIFO 1431322632 \
      FL $XILINX/hw/XilinxProcessorIPLib/pcores/proc_common_v3_00_a/hdl/vhdl/srl_fifo.vhd \
      PB ieee/std_logic_1164 1325952872 LB unisim
AR proc_common_v3_00_a/SRL_FIFO/IMP 1431322633 \
      FL $XILINX/hw/XilinxProcessorIPLib/pcores/proc_common_v3_00_a/hdl/vhdl/srl_fifo.vhd \
      EN proc_common_v3_00_a/SRL_FIFO 1431322632 CP FDR CP MUXCY_L CP XORCY CP FDRE \
      CP SRL16E
FL $XILINX/hw/XilinxProcessorIPLib/pcores/proc_common_v3_00_a/hdl/vhdl/srl_fifo2.vhd 2011/12/29.18:47:33 O.87xd
EN proc_common_v3_00_a/srl_fifo2 1431322634 \
      FL $XILINX/hw/XilinxProcessorIPLib/pcores/proc_common_v3_00_a/hdl/vhdl/srl_fifo2.vhd \
      LB unisim PB ieee/std_logic_1164 1325952872 PB ieee/std_logic_arith 1325952873
AR proc_common_v3_00_a/srl_fifo2/imp 1431322635 \
      FL $XILINX/hw/XilinxProcessorIPLib/pcores/proc_common_v3_00_a/hdl/vhdl/srl_fifo2.vhd \
      EN proc_common_v3_00_a/srl_fifo2 1431322634 CP FDR CP MUXCY_L CP XORCY CP FDRE \
      CP SRL16E
FL $XILINX/hw/XilinxProcessorIPLib/pcores/proc_common_v3_00_a/hdl/vhdl/srl_fifo3.vhd 2011/12/29.18:47:33 O.87xd
EN proc_common_v3_00_a/srl_fifo3 1431322636 \
      FL $XILINX/hw/XilinxProcessorIPLib/pcores/proc_common_v3_00_a/hdl/vhdl/srl_fifo3.vhd \
      PB ieee/std_logic_1164 1325952872 PB ieee/std_logic_arith 1325952873 \
      PB ieee/STD_LOGIC_UNSIGNED 1325952875 PB ieee/NUMERIC_STD 1325952877 \
      LB proc_common_v3_00_a PB proc_common_v3_00_a/family 1431322576 LB unisim \
      PH unisim/VCOMPONENTS 1325952880
AR proc_common_v3_00_a/srl_fifo3/imp 1431322637 \
      FL $XILINX/hw/XilinxProcessorIPLib/pcores/proc_common_v3_00_a/hdl/vhdl/srl_fifo3.vhd \
      EN proc_common_v3_00_a/srl_fifo3 1431322636 CP std_logic_vector CP std_logic \
      CP in CP out CP FDR CP MUXCY_L CP XORCY CP FDRE CP SRL16E CP bit_vector CP LUT3 \
      CP SRLC16E CP MUXF5 CP MUXF6
FL $XILINX/hw/XilinxProcessorIPLib/pcores/proc_common_v3_00_a/hdl/vhdl/srl_fifo_f.vhd 2011/12/29.18:47:33 O.87xd
EN proc_common_v3_00_a/srl_fifo_f 1431322648 \
      FL $XILINX/hw/XilinxProcessorIPLib/pcores/proc_common_v3_00_a/hdl/vhdl/srl_fifo_f.vhd \
      PB ieee/std_logic_1164 1325952872 LB proc_common_v3_00_a \
      PB proc_common_v3_00_a/proc_common_pkg 1431322548
AR proc_common_v3_00_a/srl_fifo_f/imp 1431322649 \
      FL $XILINX/hw/XilinxProcessorIPLib/pcores/proc_common_v3_00_a/hdl/vhdl/srl_fifo_f.vhd \
      EN proc_common_v3_00_a/srl_fifo_f 1431322648 LB proc_common_v3_00_a \
      PB proc_common_v3_00_a/proc_common_pkg 1431322548 \
      CP proc_common_v3_00_a/srl_fifo_rbu_f
FL $XILINX/hw/XilinxProcessorIPLib/pcores/proc_common_v3_00_a/hdl/vhdl/srl_fifo_rbu.vhd 2011/12/29.18:47:33 O.87xd
EN proc_common_v3_00_a/srl_fifo_rbu 1431322638 \
      FL $XILINX/hw/XilinxProcessorIPLib/pcores/proc_common_v3_00_a/hdl/vhdl/srl_fifo_rbu.vhd \
      LB unisim LB proc_common_v3_00_a PB ieee/std_logic_1164 1325952872 \
      PB ieee/NUMERIC_STD 1325952877 PB proc_common_v3_00_a/proc_common_pkg 1431322548
AR proc_common_v3_00_a/srl_fifo_rbu/imp 1431322639 \
      FL $XILINX/hw/XilinxProcessorIPLib/pcores/proc_common_v3_00_a/hdl/vhdl/srl_fifo_rbu.vhd \
      EN proc_common_v3_00_a/srl_fifo_rbu 1431322638 CP MUXCY_L CP XORCY CP FDS \
      CP SRL16E
FL $XILINX/hw/XilinxProcessorIPLib/pcores/proc_common_v3_00_a/hdl/vhdl/srl_fifo_rbu_f.vhd 2011/12/29.18:47:33 O.87xd
EN proc_common_v3_00_a/srl_fifo_rbu_f 1431322573 \
      FL $XILINX/hw/XilinxProcessorIPLib/pcores/proc_common_v3_00_a/hdl/vhdl/srl_fifo_rbu_f.vhd \
      PB ieee/std_logic_1164 1325952872 PB ieee/NUMERIC_STD 1325952877 \
      LB proc_common_v3_00_a PB proc_common_v3_00_a/proc_common_pkg 1431322548
AR proc_common_v3_00_a/srl_fifo_rbu_f/imp 1431322574 \
      FL $XILINX/hw/XilinxProcessorIPLib/pcores/proc_common_v3_00_a/hdl/vhdl/srl_fifo_rbu_f.vhd \
      EN proc_common_v3_00_a/srl_fifo_rbu_f 1431322573 \
      CP proc_common_v3_00_a/cntr_incr_decr_addn_f \
      CP proc_common_v3_00_a/dynshreg_f
FL $XILINX/hw/XilinxProcessorIPLib/pcores/proc_common_v3_00_a/hdl/vhdl/sync_fifo_fg.vhd 2011/12/29.18:47:33 O.87xd
EN proc_common_v3_00_a/sync_fifo_fg 1431322592 \
      FL $XILINX/hw/XilinxProcessorIPLib/pcores/proc_common_v3_00_a/hdl/vhdl/sync_fifo_fg.vhd \
      PB ieee/std_logic_1164 1325952872 PB ieee/NUMERIC_STD 1325952877 \
      LB proc_common_v3_00_a PH proc_common_v3_00_a/coregen_comp_defs 1431322585 \
      PB proc_common_v3_00_a/proc_common_pkg 1431322548 \
      PB proc_common_v3_00_a/family_support 1431322546
AR proc_common_v3_00_a/sync_fifo_fg/implementation 1431322593 \
      FL $XILINX/hw/XilinxProcessorIPLib/pcores/proc_common_v3_00_a/hdl/vhdl/sync_fifo_fg.vhd \
      EN proc_common_v3_00_a/sync_fifo_fg 1431322592 CP fifo_generator_v4_3 \
      CP fifo_generator_v8_3
FL $XILINX/hw/XilinxProcessorIPLib/pcores/proc_common_v3_00_a/hdl/vhdl/valid_be.vhd 2011/12/29.18:47:33 O.87xd
EN proc_common_v3_00_a/valid_be 1431322640 \
      FL $XILINX/hw/XilinxProcessorIPLib/pcores/proc_common_v3_00_a/hdl/vhdl/valid_be.vhd \
      PB ieee/std_logic_1164 1325952872 PB ieee/std_logic_arith 1325952873 \
      PB ieee/STD_LOGIC_SIGNED 1325952874 LB proc_common_v3_00_a \
      PB proc_common_v3_00_a/proc_common_pkg 1431322548
AR proc_common_v3_00_a/valid_be/implementation 1431322641 \
      FL $XILINX/hw/XilinxProcessorIPLib/pcores/proc_common_v3_00_a/hdl/vhdl/valid_be.vhd \
      EN proc_common_v3_00_a/valid_be 1431322640
