EN xps_mch_emc NULL C:/Xilinx/13.4/ISE_DS/EDK/hw/XilinxProcessorIPLib/pcores/xps_mch_emc_v3_01_a/hdl/vhdl/xps_mch_emc.vhd sub00/vhpl00 1431322723
AR xps_mch_emc implementation C:/Xilinx/13.4/ISE_DS/EDK/hw/XilinxProcessorIPLib/pcores/xps_mch_emc_v3_01_a/hdl/vhdl/xps_mch_emc.vhd sub00/vhpl01 1431322724
