V3 9
FL $XILINX/hw/XilinxProcessorIPLib/pcores/xps_mch_emc_v3_01_a/hdl/vhdl/xps_mch_emc.vhd 2011/12/29.18:47:40 O.87xd
EN xps_mch_emc_v3_01_a/xps_mch_emc 1431322723 \
      FL $XILINX/hw/XilinxProcessorIPLib/pcores/xps_mch_emc_v3_01_a/hdl/vhdl/xps_mch_emc.vhd \
      PB ieee/std_logic_1164 1325952872 PB ieee/std_logic_arith 1325952873 \
      PB ieee/STD_LOGIC_SIGNED 1325952874 PB ieee/std_logic_misc 1325952874 \
      PB ieee/STD_LOGIC_UNSIGNED 1325952875 LB unisim LB proc_common_v3_00_a \
      LB mch_plbv46_slave_burst_v2_01_a LB emc_common_v4_01_a \
      PB proc_common_v3_00_a/proc_common_pkg 1431322553 \
      PB proc_common_v3_00_a/family 1431322579 PB proc_common_v3_00_a/ipif_pkg 1431322596 \
      EN mch_plbv46_slave_burst_v2_01_a/mch_plbv46_slave_burst 1431322719 \
      EN emc_common_v4_01_a/EMC 1431322721
AR xps_mch_emc_v3_01_a/xps_mch_emc/implementation 1431322724 \
      FL $XILINX/hw/XilinxProcessorIPLib/pcores/xps_mch_emc_v3_01_a/hdl/vhdl/xps_mch_emc.vhd \
      EN xps_mch_emc_v3_01_a/xps_mch_emc 1431322723 \
      CP mch_plbv46_slave_burst_v2_01_a/mch_plbv46_slave_burst \
      CP emc_common_v4_01_a/emc
