AR axi_interface imp C:/Xilinx/13.4/ISE_DS/EDK/hw/XilinxProcessorIPLib/pcores/lmb_bram_if_cntlr_v3_00_b/hdl/vhdl/axi_interface.vhd sub00/vhpl17 1431322548
AR parityenable imp C:/Xilinx/13.4/ISE_DS/EDK/hw/XilinxProcessorIPLib/pcores/lmb_bram_if_cntlr_v3_00_b/hdl/vhdl/parityenable.vhd sub00/vhpl07 1431322538
EN parityenable NULL C:/Xilinx/13.4/ISE_DS/EDK/hw/XilinxProcessorIPLib/pcores/lmb_bram_if_cntlr_v3_00_b/hdl/vhdl/parityenable.vhd sub00/vhpl06 1431322537
PB lmb_bram_if_funcs lmb_bram_if_funcs C:/Xilinx/13.4/ISE_DS/EDK/hw/XilinxProcessorIPLib/pcores/lmb_bram_if_cntlr_v3_00_b/hdl/vhdl/lmb_bram_if_funcs.vhd sub00/vhpl19 1431322550
EN plb_interface NULL C:/Xilinx/13.4/ISE_DS/EDK/hw/XilinxProcessorIPLib/pcores/lmb_bram_if_cntlr_v3_00_b/hdl/vhdl/plb_interface.vhd sub00/vhpl14 1431322545
EN pselect_mask NULL C:/Xilinx/13.4/ISE_DS/EDK/hw/XilinxProcessorIPLib/pcores/lmb_bram_if_cntlr_v3_00_b/hdl/vhdl/pselect_mask.vhd sub00/vhpl08 1431322539
AR parity imp C:/Xilinx/13.4/ISE_DS/EDK/hw/XilinxProcessorIPLib/pcores/lmb_bram_if_cntlr_v3_00_b/hdl/vhdl/parity.vhd sub00/vhpl05 1431322536
AR checkbit_handler imp C:/Xilinx/13.4/ISE_DS/EDK/hw/XilinxProcessorIPLib/pcores/lmb_bram_if_cntlr_v3_00_b/hdl/vhdl/checkbit_handler.vhd sub00/vhpl11 1431322542
EN correct_one_bit NULL C:/Xilinx/13.4/ISE_DS/EDK/hw/XilinxProcessorIPLib/pcores/lmb_bram_if_cntlr_v3_00_b/hdl/vhdl/correct_one_bit.vhd sub00/vhpl12 1431322543
AR plb_interface imp C:/Xilinx/13.4/ISE_DS/EDK/hw/XilinxProcessorIPLib/pcores/lmb_bram_if_cntlr_v3_00_b/hdl/vhdl/plb_interface.vhd sub00/vhpl15 1431322546
EN lmb_bram_if_cntlr NULL C:/Xilinx/13.4/ISE_DS/EDK/hw/XilinxProcessorIPLib/pcores/lmb_bram_if_cntlr_v3_00_b/hdl/vhdl/lmb_bram_if_cntlr.vhd sub00/vhpl20 1431322551
EN axi_interface NULL C:/Xilinx/13.4/ISE_DS/EDK/hw/XilinxProcessorIPLib/pcores/lmb_bram_if_cntlr_v3_00_b/hdl/vhdl/axi_interface.vhd sub00/vhpl16 1431322547
AR correct_one_bit imp C:/Xilinx/13.4/ISE_DS/EDK/hw/XilinxProcessorIPLib/pcores/lmb_bram_if_cntlr_v3_00_b/hdl/vhdl/correct_one_bit.vhd sub00/vhpl13 1431322544
AR xor18 imp C:/Xilinx/13.4/ISE_DS/EDK/hw/XilinxProcessorIPLib/pcores/lmb_bram_if_cntlr_v3_00_b/hdl/vhdl/xor18.vhd sub00/vhpl03 1431322534
EN checkbit_handler NULL C:/Xilinx/13.4/ISE_DS/EDK/hw/XilinxProcessorIPLib/pcores/lmb_bram_if_cntlr_v3_00_b/hdl/vhdl/checkbit_handler.vhd sub00/vhpl10 1431322541
EN parity NULL C:/Xilinx/13.4/ISE_DS/EDK/hw/XilinxProcessorIPLib/pcores/lmb_bram_if_cntlr_v3_00_b/hdl/vhdl/parity.vhd sub00/vhpl04 1431322535
EN pselect NULL C:/Xilinx/13.4/ISE_DS/EDK/hw/XilinxProcessorIPLib/pcores/lmb_bram_if_cntlr_v3_00_b/hdl/vhdl/pselect.vhd sub00/vhpl00 1431322531
AR lmb_bram_if_cntlr imp C:/Xilinx/13.4/ISE_DS/EDK/hw/XilinxProcessorIPLib/pcores/lmb_bram_if_cntlr_v3_00_b/hdl/vhdl/lmb_bram_if_cntlr.vhd sub00/vhpl21 1431322552
PH lmb_bram_if_funcs NULL C:/Xilinx/13.4/ISE_DS/EDK/hw/XilinxProcessorIPLib/pcores/lmb_bram_if_cntlr_v3_00_b/hdl/vhdl/lmb_bram_if_funcs.vhd sub00/vhpl18 1431322549
EN xor18 NULL C:/Xilinx/13.4/ISE_DS/EDK/hw/XilinxProcessorIPLib/pcores/lmb_bram_if_cntlr_v3_00_b/hdl/vhdl/xor18.vhd sub00/vhpl02 1431322533
AR pselect_mask imp C:/Xilinx/13.4/ISE_DS/EDK/hw/XilinxProcessorIPLib/pcores/lmb_bram_if_cntlr_v3_00_b/hdl/vhdl/pselect_mask.vhd sub00/vhpl09 1431322540
AR pselect imp C:/Xilinx/13.4/ISE_DS/EDK/hw/XilinxProcessorIPLib/pcores/lmb_bram_if_cntlr_v3_00_b/hdl/vhdl/pselect.vhd sub00/vhpl01 1431322532
