AR jtag_control imp C:/Xilinx/13.4/ISE_DS/EDK/hw/XilinxProcessorIPLib/pcores/mdm_v2_00_b/hdl/vhdl/jtag_control.vhd sub00/vhpl03 1431322697
EN mdm NULL C:/Xilinx/13.4/ISE_DS/EDK/hw/XilinxProcessorIPLib/pcores/mdm_v2_00_b/hdl/vhdl/mdm.vhd sub00/vhpl06 1431322704
AR mdm imp C:/Xilinx/13.4/ISE_DS/EDK/hw/XilinxProcessorIPLib/pcores/mdm_v2_00_b/hdl/vhdl/mdm.vhd sub00/vhpl07 1431322705
EN srl_fifo NULL C:/Xilinx/13.4/ISE_DS/EDK/hw/XilinxProcessorIPLib/pcores/mdm_v2_00_b/hdl/vhdl/srl_fifo.vhd sub00/vhpl00 1431322692
AR srl_fifo imp C:/Xilinx/13.4/ISE_DS/EDK/hw/XilinxProcessorIPLib/pcores/mdm_v2_00_b/hdl/vhdl/srl_fifo.vhd sub00/vhpl01 1431322693
AR mdm_core imp C:/Xilinx/13.4/ISE_DS/EDK/hw/XilinxProcessorIPLib/pcores/mdm_v2_00_b/hdl/vhdl/mdm_core.vhd sub00/vhpl05 1431322703
EN mdm_core NULL C:/Xilinx/13.4/ISE_DS/EDK/hw/XilinxProcessorIPLib/pcores/mdm_v2_00_b/hdl/vhdl/mdm_core.vhd sub00/vhpl04 1431322702
EN jtag_control NULL C:/Xilinx/13.4/ISE_DS/EDK/hw/XilinxProcessorIPLib/pcores/mdm_v2_00_b/hdl/vhdl/jtag_control.vhd sub00/vhpl02 1431322696
