EN class_symbol_table_controller NULL C:/20150106/pcores/jaip_v1_00_a/hdl/vhdl/class_symbol_table_controller.vhd sub00/vhpl29 1431322746
EN method_image_controller NULL C:/20150106/pcores/jaip_v1_00_a/hdl/vhdl/method_image_controller.vhd sub00/vhpl33 1431322750
EN xcptn_hdlr NULL C:/20150106/pcores/jaip_v1_00_a/hdl/vhdl/xcptn_hdlr.vhd sub00/vhpl11 1431322726
AR class_info_table rtl C:/20150106/pcores/jaip_v1_00_a/hdl/vhdl/class_info_table.vhd sub00/vhpl68 1431322789
AR jpc_ctrl rtl C:/20150106/pcores/jaip_v1_00_a/hdl/vhdl/jpc_ctrl.vhd sub00/vhpl28 1431322745
AR execution rtl C:/20150106/pcores/jaip_v1_00_a/hdl/vhdl/execute.vhd sub00/vhpl48 1431322765
AR soj rtl C:/20150106/pcores/jaip_v1_00_a/hdl/vhdl/soj.vhd sub00/vhpl54 1431322775
AR instruction_buffer rtl C:/20150106/pcores/jaip_v1_00_a/hdl/vhdl/instruction_buffer.vhd sub00/vhpl38 1431322755
PH config NULL C:/20150106/pcores/jaip_v1_00_a/hdl/vhdl/config.vhd sub00/vhpl00 1431322637
AR user_logic imp C:/20150106/pcores/jaip_v1_00_a/hdl/vhdl/user_logic.vhd sub00/vhpl74 1431322815
EN bshifter NULL C:/20150106/pcores/jaip_v1_00_a/hdl/vhdl/bshifter.vhd sub00/vhpl03 1431322640
EN gc NULL C:/20150106/pcores/jaip_v1_00_a/hdl/vhdl/GC.vhd sub00/vhpl55 1431322776
AR method_image_controller rtl C:/20150106/pcores/jaip_v1_00_a/hdl/vhdl/method_image_controller.vhd sub00/vhpl34 1431322751
AR indexof rtl C:/20150106/pcores/jaip_v1_00_a/hdl/vhdl/indexOf.vhd sub00/vhpl62 1431322783
EN cache_controller NULL C:/20150106/pcores/jaip_v1_00_a/hdl/vhdl/Cache_controller.vhd sub00/vhpl57 1431322778
EN gc_table NULL C:/20150106/pcores/jaip_v1_00_a/hdl/vhdl/GC_table.vhd sub00/vhpl25 1431322742
EN lbshifter NULL C:/20150106/pcores/jaip_v1_00_a/hdl/vhdl/Lbshifter.vhd sub00/vhpl01 1431322638
EN class_bram NULL C:/20150106/pcores/jaip_v1_00_a/hdl/vhdl/class_bram.vhd sub00/vhpl17 1431322732
AR immrom rtl C:/20150106/pcores/jaip_v1_00_a/hdl/vhdl/immROM.vhd sub00/vhpl14 1431322729
AR dynamicresolution_management rtl C:/20150106/pcores/jaip_v1_00_a/hdl/vhdl/DynamicResolution_management.vhd sub00/vhpl40 1431322757
EN execution NULL C:/20150106/pcores/jaip_v1_00_a/hdl/vhdl/execute.vhd sub00/vhpl47 1431322764
EN soj NULL C:/20150106/pcores/jaip_v1_00_a/hdl/vhdl/soj.vhd sub00/vhpl53 1431322774
AR stack_access_management rtl C:/20150106/pcores/jaip_v1_00_a/hdl/vhdl/stack_access_management.vhd sub00/vhpl52 1431322769
EN class_info_table NULL C:/20150106/pcores/jaip_v1_00_a/hdl/vhdl/class_info_table.vhd sub00/vhpl67 1431322788
EN thread_management NULL C:/20150106/pcores/jaip_v1_00_a/hdl/vhdl/thread_management.vhd sub00/vhpl49 1431322766
EN user_logic NULL C:/20150106/pcores/jaip_v1_00_a/hdl/vhdl/user_logic.vhd sub00/vhpl73 1431322814
EN class_symbol_table_buffer NULL C:/20150106/pcores/jaip_v1_00_a/hdl/vhdl/class_symbol_table_buffer.vhd sub00/vhpl31 1431322748
AR arraycopy_single rtl C:/20150106/pcores/jaip_v1_00_a/hdl/vhdl/arraycopy_single.vhd sub00/vhpl60 1431322781
EN cross_reference_table NULL C:/20150106/pcores/jaip_v1_00_a/hdl/vhdl/cross_reference_table.vhd sub00/vhpl65 1431322786
EN arraycopy_single NULL C:/20150106/pcores/jaip_v1_00_a/hdl/vhdl/arraycopy_single.vhd sub00/vhpl59 1431322780
EN four_port_bank NULL C:/20150106/pcores/jaip_v1_00_a/hdl/vhdl/four_port_bank.vhd sub00/vhpl09 1431322724
EN stack_access_management NULL C:/20150106/pcores/jaip_v1_00_a/hdl/vhdl/stack_access_management.vhd sub00/vhpl51 1431322768
AR cross_reference_table rtl C:/20150106/pcores/jaip_v1_00_a/hdl/vhdl/cross_reference_table.vhd sub00/vhpl66 1431322787
EN dynamicresolution_management NULL C:/20150106/pcores/jaip_v1_00_a/hdl/vhdl/DynamicResolution_management.vhd sub00/vhpl39 1431322756
AR lbshifter rtl C:/20150106/pcores/jaip_v1_00_a/hdl/vhdl/Lbshifter.vhd sub00/vhpl02 1431322639
AR class_bram rtl C:/20150106/pcores/jaip_v1_00_a/hdl/vhdl/class_bram.vhd sub00/vhpl18 1431322733
AR thread_management rtl C:/20150106/pcores/jaip_v1_00_a/hdl/vhdl/thread_management.vhd sub00/vhpl50 1431322767
EN my_bram_as_rd NULL C:/20150106/pcores/jaip_v1_00_a/hdl/vhdl/my_bram_as_rd.vhd sub00/vhpl19 1431322736
AR arraycopy rtl C:/20150106/pcores/jaip_v1_00_a/hdl/vhdl/arraycopy.vhd sub00/vhpl78 1431322819
AR lalu rtl C:/20150106/pcores/jaip_v1_00_a/hdl/vhdl/LALU.vhd sub00/vhpl08 1431322723
EN jaip NULL C:/20150106/pcores/jaip_v1_00_a/hdl/vhdl/jaip.vhd sub00/vhpl75 1431322816
EN heap NULL C:/20150106/pcores/jaip_v1_00_a/hdl/vhdl/heap.vhd sub00/vhpl63 1431322784
EN bytecode_profiler NULL C:/20150106/pcores/jaip_v1_00_a/hdl/vhdl/bytecode_profiler.vhd sub00/vhpl71 1431322792
EN arraycopy NULL C:/20150106/pcores/jaip_v1_00_a/hdl/vhdl/arraycopy.vhd sub00/vhpl77 1431322818
EN translation_rom NULL C:/20150106/pcores/jaip_v1_00_a/hdl/vhdl/translation_ROM.vhd sub00/vhpl15 1431322730
EN cache_storage NULL C:/20150106/pcores/jaip_v1_00_a/hdl/vhdl/cache_storage.vhd sub00/vhpl23 1431322740
AR class_symbol_table_buffer rtl C:/20150106/pcores/jaip_v1_00_a/hdl/vhdl/class_symbol_table_buffer.vhd sub00/vhpl32 1431322749
AR method_image_buffer rtl C:/20150106/pcores/jaip_v1_00_a/hdl/vhdl/method_image_buffer.vhd sub00/vhpl36 1431322753
AR four_port_bank rtl C:/20150106/pcores/jaip_v1_00_a/hdl/vhdl/four_port_bank.vhd sub00/vhpl10 1431322725
EN my_bram NULL C:/20150106/pcores/jaip_v1_00_a/hdl/vhdl/my_bram.vhd sub00/vhpl21 1431322738
AR cache_controller behavioral C:/20150106/pcores/jaip_v1_00_a/hdl/vhdl/Cache_controller.vhd sub00/vhpl58 1431322779
AR fetch rtl C:/20150106/pcores/jaip_v1_00_a/hdl/vhdl/fetch.vhd sub00/vhpl44 1431322761
AR decode rtl C:/20150106/pcores/jaip_v1_00_a/hdl/vhdl/decode.vhd sub00/vhpl46 1431322763
AR bshifter rtl C:/20150106/pcores/jaip_v1_00_a/hdl/vhdl/bshifter.vhd sub00/vhpl04 1431322641
AR gc rtl C:/20150106/pcores/jaip_v1_00_a/hdl/vhdl/GC.vhd sub00/vhpl56 1431322777
EN jpc_ctrl NULL C:/20150106/pcores/jaip_v1_00_a/hdl/vhdl/jpc_ctrl.vhd sub00/vhpl27 1431322744
AR cache_storage behavioral C:/20150106/pcores/jaip_v1_00_a/hdl/vhdl/cache_storage.vhd sub00/vhpl24 1431322741
AR class_symbol_table_controller rtl C:/20150106/pcores/jaip_v1_00_a/hdl/vhdl/class_symbol_table_controller.vhd sub00/vhpl30 1431322747
EN translate NULL C:/20150106/pcores/jaip_v1_00_a/hdl/vhdl/translate.vhd sub00/vhpl41 1431322758
AR translation_rom rtl C:/20150106/pcores/jaip_v1_00_a/hdl/vhdl/translation_ROM.vhd sub00/vhpl16 1431322731
AR translate rtl C:/20150106/pcores/jaip_v1_00_a/hdl/vhdl/translate.vhd sub00/vhpl42 1431322759
AR bytecode_profiler rtl C:/20150106/pcores/jaip_v1_00_a/hdl/vhdl/bytecode_profiler.vhd sub00/vhpl72 1431322793
AR jaip imp C:/20150106/pcores/jaip_v1_00_a/hdl/vhdl/jaip.vhd sub00/vhpl76 1431322817
EN fetch NULL C:/20150106/pcores/jaip_v1_00_a/hdl/vhdl/fetch.vhd sub00/vhpl43 1431322760
EN decode NULL C:/20150106/pcores/jaip_v1_00_a/hdl/vhdl/decode.vhd sub00/vhpl45 1431322762
EN instruction_buffer NULL C:/20150106/pcores/jaip_v1_00_a/hdl/vhdl/instruction_buffer.vhd sub00/vhpl37 1431322754
AR my_bram_as_rd behavioral C:/20150106/pcores/jaip_v1_00_a/hdl/vhdl/my_bram_as_rd.vhd sub00/vhpl20 1431322737
AR heap rtl C:/20150106/pcores/jaip_v1_00_a/hdl/vhdl/heap.vhd sub00/vhpl64 1431322785
AR alu rtl C:/20150106/pcores/jaip_v1_00_a/hdl/vhdl/ALU.vhd sub00/vhpl06 1431322721
EN immrom NULL C:/20150106/pcores/jaip_v1_00_a/hdl/vhdl/immROM.vhd sub00/vhpl13 1431322728
EN lalu NULL C:/20150106/pcores/jaip_v1_00_a/hdl/vhdl/LALU.vhd sub00/vhpl07 1431322722
AR my_bram behavioral C:/20150106/pcores/jaip_v1_00_a/hdl/vhdl/my_bram.vhd sub00/vhpl22 1431322739
EN indexof NULL C:/20150106/pcores/jaip_v1_00_a/hdl/vhdl/indexOf.vhd sub00/vhpl61 1431322782
AR mmes_profiler rtl C:/20150106/pcores/jaip_v1_00_a/hdl/vhdl/mmes_profiler.vhd sub00/vhpl70 1431322791
AR xcptn_hdlr rtl C:/20150106/pcores/jaip_v1_00_a/hdl/vhdl/xcptn_hdlr.vhd sub00/vhpl12 1431322727
EN mmes_profiler NULL C:/20150106/pcores/jaip_v1_00_a/hdl/vhdl/mmes_profiler.vhd sub00/vhpl69 1431322790
AR gc_table behavioral C:/20150106/pcores/jaip_v1_00_a/hdl/vhdl/GC_table.vhd sub00/vhpl26 1431322743
EN alu NULL C:/20150106/pcores/jaip_v1_00_a/hdl/vhdl/ALU.vhd sub00/vhpl05 1431322720
EN method_image_buffer NULL C:/20150106/pcores/jaip_v1_00_a/hdl/vhdl/method_image_buffer.vhd sub00/vhpl35 1431322752
