V3 178
FL C:/20150106/pcores/jaip_v1_00_a/hdl/vhdl/ALU.vhd 2014/10/30.14:49:45 O.87xd
EN jaip_v1_00_a/ALU 1431322720 \
      FL C:/20150106/pcores/jaip_v1_00_a/hdl/vhdl/ALU.vhd PB ieee/std_logic_1164 1325952872 \
      PB ieee/STD_LOGIC_UNSIGNED 1325952875 PB ieee/std_logic_arith 1325952873 \
      PH jaip_v1_00_a/config 1431322637
AR jaip_v1_00_a/ALU/rtl 1431322721 \
      FL C:/20150106/pcores/jaip_v1_00_a/hdl/vhdl/ALU.vhd EN jaip_v1_00_a/ALU 1431322720 \
      CP bshifter CP divider CP multiplier
FL C:/20150106/pcores/jaip_v1_00_a/hdl/vhdl/arraycopy.vhd 2015/01/07.22:18:27 O.87xd
EN jaip_v1_00_a/arraycopy 1431322818 \
      FL C:/20150106/pcores/jaip_v1_00_a/hdl/vhdl/arraycopy.vhd \
      PB ieee/std_logic_1164 1325952872 PB ieee/std_logic_arith 1325952873 \
      PB ieee/STD_LOGIC_UNSIGNED 1325952875 PH jaip_v1_00_a/config 1431322637
AR jaip_v1_00_a/arraycopy/rtl 1431322819 \
      FL C:/20150106/pcores/jaip_v1_00_a/hdl/vhdl/arraycopy.vhd \
      EN jaip_v1_00_a/arraycopy 1431322818
FL C:/20150106/pcores/jaip_v1_00_a/hdl/vhdl/arraycopy_single.vhd 2015/01/07.22:19:19 O.87xd
EN jaip_v1_00_a/arraycopy_single 1431322780 \
      FL C:/20150106/pcores/jaip_v1_00_a/hdl/vhdl/arraycopy_single.vhd \
      PB ieee/std_logic_1164 1325952872 PB ieee/std_logic_arith 1325952873 \
      PB ieee/STD_LOGIC_UNSIGNED 1325952875 PH jaip_v1_00_a/config 1431322637
AR jaip_v1_00_a/arraycopy_single/rtl 1431322781 \
      FL C:/20150106/pcores/jaip_v1_00_a/hdl/vhdl/arraycopy_single.vhd \
      EN jaip_v1_00_a/arraycopy_single 1431322780
FL C:/20150106/pcores/jaip_v1_00_a/hdl/vhdl/bshifter.vhd 2014/10/30.14:49:48 O.87xd
EN jaip_v1_00_a/bshifter 1431322640 \
      FL C:/20150106/pcores/jaip_v1_00_a/hdl/vhdl/bshifter.vhd \
      PB ieee/std_logic_1164 1325952872 PB ieee/NUMERIC_STD 1325952877 \
      PB ieee/STD_LOGIC_UNSIGNED 1325952875
AR jaip_v1_00_a/bshifter/rtl 1431322641 \
      FL C:/20150106/pcores/jaip_v1_00_a/hdl/vhdl/bshifter.vhd \
      EN jaip_v1_00_a/bshifter 1431322640
FL C:/20150106/pcores/jaip_v1_00_a/hdl/vhdl/bytecode_profiler.vhd 2015/01/07.22:17:51 O.87xd
EN jaip_v1_00_a/bytecode_profiler 1431322792 \
      FL C:/20150106/pcores/jaip_v1_00_a/hdl/vhdl/bytecode_profiler.vhd \
      PB ieee/std_logic_1164 1325952872 PB ieee/std_logic_arith 1325952873 \
      PB ieee/STD_LOGIC_UNSIGNED 1325952875 PH jaip_v1_00_a/config 1431322637
AR jaip_v1_00_a/bytecode_profiler/rtl 1431322793 \
      FL C:/20150106/pcores/jaip_v1_00_a/hdl/vhdl/bytecode_profiler.vhd \
      EN jaip_v1_00_a/bytecode_profiler 1431322792 CP my_bram_as_rd
FL C:/20150106/pcores/jaip_v1_00_a/hdl/vhdl/Cache_controller.vhd 2015/01/07.22:20:54 O.87xd
EN jaip_v1_00_a/Cache_controller 1431322778 \
      FL C:/20150106/pcores/jaip_v1_00_a/hdl/vhdl/Cache_controller.vhd \
      PB ieee/std_logic_1164 1325952872 PB ieee/STD_LOGIC_UNSIGNED 1325952875 \
      PB ieee/NUMERIC_STD 1325952877 PB ieee/std_logic_arith 1325952873
AR jaip_v1_00_a/Cache_controller/Behavioral 1431322779 \
      FL C:/20150106/pcores/jaip_v1_00_a/hdl/vhdl/Cache_controller.vhd \
      EN jaip_v1_00_a/Cache_controller 1431322778 CP cache_storage \
      PB ieee/NUMERIC_STD 1325952877
FL C:/20150106/pcores/jaip_v1_00_a/hdl/vhdl/cache_storage.vhd 2015/03/03.13:59:12 O.87xd
EN jaip_v1_00_a/cache_storage 1431322740 \
      FL C:/20150106/pcores/jaip_v1_00_a/hdl/vhdl/cache_storage.vhd \
      PB ieee/std_logic_1164 1325952872 PB ieee/NUMERIC_STD 1325952877
AR jaip_v1_00_a/cache_storage/Behavioral 1431322741 \
      FL C:/20150106/pcores/jaip_v1_00_a/hdl/vhdl/cache_storage.vhd \
      EN jaip_v1_00_a/cache_storage 1431322740 CP RAMB16_S36_S36
FL C:/20150106/pcores/jaip_v1_00_a/hdl/vhdl/class_bram.vhd 2014/10/30.14:49:48 O.87xd
EN jaip_v1_00_a/class_bram 1431322732 \
      FL C:/20150106/pcores/jaip_v1_00_a/hdl/vhdl/class_bram.vhd \
      PB ieee/std_logic_1164 1325952872 PB ieee/STD_LOGIC_UNSIGNED 1325952875 \
      LB UNISIM PH unisim/VCOMPONENTS 1325952880
AR jaip_v1_00_a/class_bram/rtl 1431322733 \
      FL C:/20150106/pcores/jaip_v1_00_a/hdl/vhdl/class_bram.vhd \
      EN jaip_v1_00_a/class_bram 1431322732 CP RAMB16_S18_S18
FL C:/20150106/pcores/jaip_v1_00_a/hdl/vhdl/class_info_table.vhd 2014/10/30.14:49:47 O.87xd
EN jaip_v1_00_a/class_info_table 1431322788 \
      FL C:/20150106/pcores/jaip_v1_00_a/hdl/vhdl/class_info_table.vhd \
      PB ieee/std_logic_1164 1325952872 PB ieee/STD_LOGIC_UNSIGNED 1325952875 \
      PB ieee/NUMERIC_STD 1325952877 LB UNISIM PH unisim/VCOMPONENTS 1325952880
AR jaip_v1_00_a/class_info_table/rtl 1431322789 \
      FL C:/20150106/pcores/jaip_v1_00_a/hdl/vhdl/class_info_table.vhd \
      EN jaip_v1_00_a/class_info_table 1431322788 CP RAMB16_S36
FL C:/20150106/pcores/jaip_v1_00_a/hdl/vhdl/class_symbol_table_buffer.vhd 2015/01/07.22:21:41 O.87xd
EN jaip_v1_00_a/class_symbol_table_buffer 1431322748 \
      FL C:/20150106/pcores/jaip_v1_00_a/hdl/vhdl/class_symbol_table_buffer.vhd \
      PB ieee/std_logic_1164 1325952872 PB ieee/STD_LOGIC_UNSIGNED 1325952875 \
      PB ieee/NUMERIC_STD 1325952877 LB UNISIM PH unisim/VCOMPONENTS 1325952880
AR jaip_v1_00_a/class_symbol_table_buffer/rtl 1431322749 \
      FL C:/20150106/pcores/jaip_v1_00_a/hdl/vhdl/class_symbol_table_buffer.vhd \
      EN jaip_v1_00_a/class_symbol_table_buffer 1431322748 CP RAMB16_S36
FL C:/20150106/pcores/jaip_v1_00_a/hdl/vhdl/class_symbol_table_controller.vhd 2015/01/13.15:10:49 O.87xd
EN jaip_v1_00_a/class_symbol_table_controller 1431322746 \
      FL C:/20150106/pcores/jaip_v1_00_a/hdl/vhdl/class_symbol_table_controller.vhd \
      PB ieee/std_logic_1164 1325952872 PB ieee/STD_LOGIC_UNSIGNED 1325952875 \
      PB ieee/NUMERIC_STD 1325952877 LB UNISIM PH unisim/VCOMPONENTS 1325952880 \
      PH jaip_v1_00_a/config 1431322637
AR jaip_v1_00_a/class_symbol_table_controller/rtl 1431322747 \
      FL C:/20150106/pcores/jaip_v1_00_a/hdl/vhdl/class_symbol_table_controller.vhd \
      EN jaip_v1_00_a/class_symbol_table_controller 1431322746 CP RAMB16_S18_S18
FL C:/20150106/pcores/jaip_v1_00_a/hdl/vhdl/config.vhd 2014/12/23.14:19:43 O.87xd
PH jaip_v1_00_a/config 1431322637 \
      FL C:/20150106/pcores/jaip_v1_00_a/hdl/vhdl/config.vhd \
      PB ieee/std_logic_1164 1325952872
FL C:/20150106/pcores/jaip_v1_00_a/hdl/vhdl/cross_reference_table.vhd 2014/10/30.14:49:53 O.87xd
EN jaip_v1_00_a/cross_reference_table 1431322786 \
      FL C:/20150106/pcores/jaip_v1_00_a/hdl/vhdl/cross_reference_table.vhd \
      PB ieee/std_logic_1164 1325952872 PB ieee/STD_LOGIC_UNSIGNED 1325952875 \
      PB ieee/NUMERIC_STD 1325952877 LB UNISIM PH unisim/VCOMPONENTS 1325952880
AR jaip_v1_00_a/cross_reference_table/rtl 1431322787 \
      FL C:/20150106/pcores/jaip_v1_00_a/hdl/vhdl/cross_reference_table.vhd \
      EN jaip_v1_00_a/cross_reference_table 1431322786 CP RAMB16_S36
FL C:/20150106/pcores/jaip_v1_00_a/hdl/vhdl/decode.vhd 2015/01/08.02:59:23 O.87xd
EN jaip_v1_00_a/decode 1431322762 \
      FL C:/20150106/pcores/jaip_v1_00_a/hdl/vhdl/decode.vhd \
      PB ieee/std_logic_1164 1325952872 PB ieee/STD_LOGIC_UNSIGNED 1325952875 \
      PB ieee/std_logic_arith 1325952873 PH jaip_v1_00_a/config 1431322637
AR jaip_v1_00_a/decode/rtl 1431322763 \
      FL C:/20150106/pcores/jaip_v1_00_a/hdl/vhdl/decode.vhd \
      EN jaip_v1_00_a/decode 1431322762 CP immROM
FL C:/20150106/pcores/jaip_v1_00_a/hdl/vhdl/DynamicResolution_management.vhd 2015/01/13.17:08:35 O.87xd
EN jaip_v1_00_a/DynamicResolution_management 1431322756 \
      FL C:/20150106/pcores/jaip_v1_00_a/hdl/vhdl/DynamicResolution_management.vhd \
      PB ieee/std_logic_1164 1325952872 PB ieee/STD_LOGIC_UNSIGNED 1325952875 \
      PB ieee/std_logic_arith 1325952873 PH jaip_v1_00_a/config 1431322637
AR jaip_v1_00_a/DynamicResolution_management/rtl 1431322757 \
      FL C:/20150106/pcores/jaip_v1_00_a/hdl/vhdl/DynamicResolution_management.vhd \
      EN jaip_v1_00_a/DynamicResolution_management 1431322756
FL C:/20150106/pcores/jaip_v1_00_a/hdl/vhdl/execute.vhd 2015/01/13.15:46:55 O.87xd
EN jaip_v1_00_a/execution 1431322764 \
      FL C:/20150106/pcores/jaip_v1_00_a/hdl/vhdl/execute.vhd \
      PB ieee/std_logic_1164 1325952872 PB ieee/STD_LOGIC_UNSIGNED 1325952875 \
      PB ieee/std_logic_arith 1325952873 LB UNISIM PH unisim/VCOMPONENTS 1325952880 \
      PH jaip_v1_00_a/config 1431322637
AR jaip_v1_00_a/execution/rtl 1431322765 \
      FL C:/20150106/pcores/jaip_v1_00_a/hdl/vhdl/execute.vhd \
      EN jaip_v1_00_a/execution 1431322764 CP ALU CP LALU CP four_port_bank \
      CP xcptn_hdlr
FL C:/20150106/pcores/jaip_v1_00_a/hdl/vhdl/fetch.vhd 2015/05/06.12:14:31 O.87xd
EN jaip_v1_00_a/Fetch 1431322760 \
      FL C:/20150106/pcores/jaip_v1_00_a/hdl/vhdl/fetch.vhd \
      PB ieee/std_logic_1164 1325952872 PB ieee/STD_LOGIC_UNSIGNED 1325952875 \
      PB ieee/std_logic_arith 1325952873 LB UNISIM PH unisim/VCOMPONENTS 1325952880 \
      PH jaip_v1_00_a/config 1431322637
AR jaip_v1_00_a/Fetch/rtl 1431322761 \
      FL C:/20150106/pcores/jaip_v1_00_a/hdl/vhdl/fetch.vhd EN jaip_v1_00_a/Fetch 1431322760 \
      CP RAMB16_S18
FL C:/20150106/pcores/jaip_v1_00_a/hdl/vhdl/four_port_bank.vhd 2015/01/07.22:16:54 O.87xd
EN jaip_v1_00_a/four_port_bank 1431322724 \
      FL C:/20150106/pcores/jaip_v1_00_a/hdl/vhdl/four_port_bank.vhd \
      PB ieee/std_logic_1164 1325952872 PB ieee/STD_LOGIC_UNSIGNED 1325952875 \
      LB UNISIM PH unisim/VCOMPONENTS 1325952880 PH jaip_v1_00_a/config 1431322637
AR jaip_v1_00_a/four_port_bank/rtl 1431322725 \
      FL C:/20150106/pcores/jaip_v1_00_a/hdl/vhdl/four_port_bank.vhd \
      EN jaip_v1_00_a/four_port_bank 1431322724 CP RAMB16_S36_S36
FL C:/20150106/pcores/jaip_v1_00_a/hdl/vhdl/GC.vhd 2015/01/07.22:20:32 O.87xd
EN jaip_v1_00_a/GC 1431322776 FL C:/20150106/pcores/jaip_v1_00_a/hdl/vhdl/GC.vhd \
      PB ieee/std_logic_1164 1325952872 PB ieee/STD_LOGIC_UNSIGNED 1325952875 \
      PB ieee/std_logic_arith 1325952873
AR jaip_v1_00_a/GC/rtl 1431322777 \
      FL C:/20150106/pcores/jaip_v1_00_a/hdl/vhdl/GC.vhd EN jaip_v1_00_a/GC 1431322776 \
      CP GC_table
FL C:/20150106/pcores/jaip_v1_00_a/hdl/vhdl/GC_table.vhd 2014/10/30.14:49:52 O.87xd
EN jaip_v1_00_a/GC_table 1431322742 \
      FL C:/20150106/pcores/jaip_v1_00_a/hdl/vhdl/GC_table.vhd \
      PB ieee/std_logic_1164 1325952872 PB ieee/std_logic_arith 1325952873 \
      PB ieee/STD_LOGIC_UNSIGNED 1325952875 LB UNISIM PH unisim/VCOMPONENTS 1325952880
AR jaip_v1_00_a/GC_table/Behavioral 1431322743 \
      FL C:/20150106/pcores/jaip_v1_00_a/hdl/vhdl/GC_table.vhd \
      EN jaip_v1_00_a/GC_table 1431322742 CP RAMB16_S9_S9
FL C:/20150106/pcores/jaip_v1_00_a/hdl/vhdl/heap.vhd 2014/10/30.14:49:47 O.87xd
EN jaip_v1_00_a/heap 1431322784 \
      FL C:/20150106/pcores/jaip_v1_00_a/hdl/vhdl/heap.vhd PB ieee/std_logic_1164 1325952872 \
      PB ieee/STD_LOGIC_UNSIGNED 1325952875 PB ieee/NUMERIC_STD 1325952877 \
      LB UNISIM PH unisim/VCOMPONENTS 1325952880
AR jaip_v1_00_a/heap/rtl 1431322785 \
      FL C:/20150106/pcores/jaip_v1_00_a/hdl/vhdl/heap.vhd EN jaip_v1_00_a/heap 1431322784 \
      CP RAMB16_S36
FL C:/20150106/pcores/jaip_v1_00_a/hdl/vhdl/immROM.vhd 2014/10/30.14:49:56 O.87xd
EN jaip_v1_00_a/immROM 1431322728 \
      FL C:/20150106/pcores/jaip_v1_00_a/hdl/vhdl/immROM.vhd \
      PB ieee/std_logic_1164 1325952872 PB ieee/STD_LOGIC_UNSIGNED 1325952875
AR jaip_v1_00_a/immROM/rtl 1431322729 \
      FL C:/20150106/pcores/jaip_v1_00_a/hdl/vhdl/immROM.vhd \
      EN jaip_v1_00_a/immROM 1431322728
FL C:/20150106/pcores/jaip_v1_00_a/hdl/vhdl/indexOf.vhd 2015/01/07.22:16:18 O.87xd
EN jaip_v1_00_a/indexOf 1431322782 \
      FL C:/20150106/pcores/jaip_v1_00_a/hdl/vhdl/indexOf.vhd \
      PB ieee/std_logic_1164 1325952872 PB ieee/std_logic_arith 1325952873 \
      PB ieee/STD_LOGIC_UNSIGNED 1325952875
AR jaip_v1_00_a/indexOf/rtl 1431322783 \
      FL C:/20150106/pcores/jaip_v1_00_a/hdl/vhdl/indexOf.vhd \
      EN jaip_v1_00_a/indexOf 1431322782
FL C:/20150106/pcores/jaip_v1_00_a/hdl/vhdl/instruction_buffer.vhd 2014/10/30.14:49:56 O.87xd
EN jaip_v1_00_a/instruction_buffer 1431322754 \
      FL C:/20150106/pcores/jaip_v1_00_a/hdl/vhdl/instruction_buffer.vhd \
      PB ieee/std_logic_1164 1325952872 PB ieee/STD_LOGIC_UNSIGNED 1325952875 \
      PB ieee/NUMERIC_STD 1325952877 LB UNISIM PH unisim/VCOMPONENTS 1325952880
AR jaip_v1_00_a/instruction_buffer/rtl 1431322755 \
      FL C:/20150106/pcores/jaip_v1_00_a/hdl/vhdl/instruction_buffer.vhd \
      EN jaip_v1_00_a/instruction_buffer 1431322754
FL C:/20150106/pcores/jaip_v1_00_a/hdl/vhdl/jaip.vhd 2015/05/11.13:25:12 O.87xd
EN jaip_v1_00_a/jaip 1431322816 \
      FL C:/20150106/pcores/jaip_v1_00_a/hdl/vhdl/jaip.vhd PB ieee/std_logic_1164 1325952872 \
      PB ieee/std_logic_arith 1325952873 PB ieee/STD_LOGIC_UNSIGNED 1325952875 \
      LB proc_common_v3_00_a LB interrupt_control_v2_01_a \
      LB plbv46_slave_single_v1_01_a LB plbv46_master_burst_v1_01_a \
      LB jaip_v1_00_a PB proc_common_v3_00_a/proc_common_pkg 1431322599 \
      PB proc_common_v3_00_a/ipif_pkg 1431322647 \
      EN interrupt_control_v2_01_a/interrupt_control 1431322808 \
      EN plbv46_slave_single_v1_01_a/plbv46_slave_single 1431322810 \
      EN plbv46_master_burst_v1_01_a/plbv46_master_burst 1431322812 \
      EN jaip_v1_00_a/user_logic 1431322814
AR jaip_v1_00_a/jaip/IMP 1431322817 \
      FL C:/20150106/pcores/jaip_v1_00_a/hdl/vhdl/jaip.vhd EN jaip_v1_00_a/jaip 1431322816 \
      CP plbv46_slave_single_v1_01_a/plbv46_slave_single \
      CP plbv46_master_burst_v1_01_a/plbv46_master_burst \
      CP interrupt_control_v2_01_a/interrupt_control CP jaip_v1_00_a/user_logic
FL C:/20150106/pcores/jaip_v1_00_a/hdl/vhdl/jpc_ctrl.vhd 2014/10/30.14:49:51 O.87xd
EN jaip_v1_00_a/jpc_ctrl 1431322744 \
      FL C:/20150106/pcores/jaip_v1_00_a/hdl/vhdl/jpc_ctrl.vhd \
      PB ieee/std_logic_1164 1325952872 PB ieee/STD_LOGIC_UNSIGNED 1325952875 \
      LB UNISIM PH unisim/VCOMPONENTS 1325952880 PH jaip_v1_00_a/config 1431322637
AR jaip_v1_00_a/jpc_ctrl/rtl 1431322745 \
      FL C:/20150106/pcores/jaip_v1_00_a/hdl/vhdl/jpc_ctrl.vhd \
      EN jaip_v1_00_a/jpc_ctrl 1431322744
FL C:/20150106/pcores/jaip_v1_00_a/hdl/vhdl/LALU.vhd 2014/10/30.14:49:57 O.87xd
EN jaip_v1_00_a/LALU 1431322722 \
      FL C:/20150106/pcores/jaip_v1_00_a/hdl/vhdl/LALU.vhd PB ieee/std_logic_1164 1325952872 \
      PB ieee/STD_LOGIC_UNSIGNED 1325952875 PB ieee/std_logic_arith 1325952873 \
      PH jaip_v1_00_a/config 1431322637
AR jaip_v1_00_a/LALU/rtl 1431322723 \
      FL C:/20150106/pcores/jaip_v1_00_a/hdl/vhdl/LALU.vhd EN jaip_v1_00_a/LALU 1431322722 \
      CP Lbshifter CP divider_64 CP mulu32
FL C:/20150106/pcores/jaip_v1_00_a/hdl/vhdl/Lbshifter.vhd 2014/10/30.14:49:57 O.87xd
EN jaip_v1_00_a/Lbshifter 1431322638 \
      FL C:/20150106/pcores/jaip_v1_00_a/hdl/vhdl/Lbshifter.vhd \
      PB ieee/std_logic_1164 1325952872 PB ieee/NUMERIC_STD 1325952877 \
      PB ieee/STD_LOGIC_UNSIGNED 1325952875
AR jaip_v1_00_a/Lbshifter/rtl 1431322639 \
      FL C:/20150106/pcores/jaip_v1_00_a/hdl/vhdl/Lbshifter.vhd \
      EN jaip_v1_00_a/Lbshifter 1431322638
FL C:/20150106/pcores/jaip_v1_00_a/hdl/vhdl/method_image_buffer.vhd 2015/01/07.22:21:09 O.87xd
EN jaip_v1_00_a/method_image_buffer 1431322752 \
      FL C:/20150106/pcores/jaip_v1_00_a/hdl/vhdl/method_image_buffer.vhd \
      PB ieee/std_logic_1164 1325952872 PB ieee/STD_LOGIC_UNSIGNED 1325952875 \
      PB ieee/NUMERIC_STD 1325952877 LB UNISIM PH unisim/VCOMPONENTS 1325952880
AR jaip_v1_00_a/method_image_buffer/rtl 1431322753 \
      FL C:/20150106/pcores/jaip_v1_00_a/hdl/vhdl/method_image_buffer.vhd \
      EN jaip_v1_00_a/method_image_buffer 1431322752 CP class_bram
FL C:/20150106/pcores/jaip_v1_00_a/hdl/vhdl/method_image_controller.vhd 2015/01/07.22:15:48 O.87xd
EN jaip_v1_00_a/method_image_controller 1431322750 \
      FL C:/20150106/pcores/jaip_v1_00_a/hdl/vhdl/method_image_controller.vhd \
      PB ieee/std_logic_1164 1325952872 PB ieee/STD_LOGIC_UNSIGNED 1325952875 \
      PB ieee/NUMERIC_STD 1325952877 LB UNISIM PH unisim/VCOMPONENTS 1325952880 \
      PH jaip_v1_00_a/config 1431322637
AR jaip_v1_00_a/method_image_controller/rtl 1431322751 \
      FL C:/20150106/pcores/jaip_v1_00_a/hdl/vhdl/method_image_controller.vhd \
      EN jaip_v1_00_a/method_image_controller 1431322750 CP RAMB16_S18_S18
FL C:/20150106/pcores/jaip_v1_00_a/hdl/vhdl/mmes_profiler.vhd 2014/10/30.14:49:51 O.87xd
EN jaip_v1_00_a/mmes_profiler 1431322790 \
      FL C:/20150106/pcores/jaip_v1_00_a/hdl/vhdl/mmes_profiler.vhd \
      PB ieee/std_logic_1164 1325952872 PB ieee/std_logic_arith 1325952873 \
      PB ieee/STD_LOGIC_UNSIGNED 1325952875
AR jaip_v1_00_a/mmes_profiler/rtl 1431322791 \
      FL C:/20150106/pcores/jaip_v1_00_a/hdl/vhdl/mmes_profiler.vhd \
      EN jaip_v1_00_a/mmes_profiler 1431322790 CP my_bram
FL C:/20150106/pcores/jaip_v1_00_a/hdl/vhdl/my_bram.vhd 2014/10/30.14:49:50 O.87xd
EN jaip_v1_00_a/my_bram 1431322738 \
      FL C:/20150106/pcores/jaip_v1_00_a/hdl/vhdl/my_bram.vhd \
      PB ieee/std_logic_1164 1325952872 PB ieee/std_logic_arith 1325952873 \
      PB ieee/STD_LOGIC_UNSIGNED 1325952875
AR jaip_v1_00_a/my_bram/Behavioral 1431322739 \
      FL C:/20150106/pcores/jaip_v1_00_a/hdl/vhdl/my_bram.vhd \
      EN jaip_v1_00_a/my_bram 1431322738
FL C:/20150106/pcores/jaip_v1_00_a/hdl/vhdl/my_bram_as_rd.vhd 2014/10/30.14:49:50 O.87xd
EN jaip_v1_00_a/my_bram_as_rd 1431322736 \
      FL C:/20150106/pcores/jaip_v1_00_a/hdl/vhdl/my_bram_as_rd.vhd \
      PB ieee/std_logic_1164 1325952872 PB ieee/std_logic_arith 1325952873 \
      PB ieee/STD_LOGIC_UNSIGNED 1325952875
AR jaip_v1_00_a/my_bram_as_rd/Behavioral 1431322737 \
      FL C:/20150106/pcores/jaip_v1_00_a/hdl/vhdl/my_bram_as_rd.vhd \
      EN jaip_v1_00_a/my_bram_as_rd 1431322736
FL C:/20150106/pcores/jaip_v1_00_a/hdl/vhdl/soj.vhd 2015/05/11.13:19:21 O.87xd
EN jaip_v1_00_a/soj 1431322774 \
      FL C:/20150106/pcores/jaip_v1_00_a/hdl/vhdl/soj.vhd PB ieee/std_logic_1164 1325952872 \
      PB ieee/STD_LOGIC_UNSIGNED 1325952875 LB UNISIM PH unisim/VCOMPONENTS 1325952880 \
      PH jaip_v1_00_a/config 1431322637
AR jaip_v1_00_a/soj/rtl 1431322775 \
      FL C:/20150106/pcores/jaip_v1_00_a/hdl/vhdl/soj.vhd EN jaip_v1_00_a/soj 1431322774 \
      CP jpc_ctrl CP class_symbol_table_controller CP class_symbol_table_buffer \
      CP method_image_controller CP method_image_buffer CP instruction_buffer \
      CP DynamicResolution_management CP Translate CP Fetch CP decode CP execution \
      CP thread_management CP stack_access_management CP RAMB16_S36 CP RAMB16_S18
FL C:/20150106/pcores/jaip_v1_00_a/hdl/vhdl/stack_access_management.vhd 2015/01/07.22:18:58 O.87xd
EN jaip_v1_00_a/stack_access_management 1431322768 \
      FL C:/20150106/pcores/jaip_v1_00_a/hdl/vhdl/stack_access_management.vhd \
      PB ieee/std_logic_1164 1325952872 PB ieee/STD_LOGIC_UNSIGNED 1325952875 \
      PB ieee/NUMERIC_STD 1325952877 LB UNISIM PH unisim/VCOMPONENTS 1325952880
AR jaip_v1_00_a/stack_access_management/rtl 1431322769 \
      FL C:/20150106/pcores/jaip_v1_00_a/hdl/vhdl/stack_access_management.vhd \
      EN jaip_v1_00_a/stack_access_management 1431322768
FL C:/20150106/pcores/jaip_v1_00_a/hdl/vhdl/thread_management.vhd 2015/01/07.22:20:19 O.87xd
EN jaip_v1_00_a/thread_management 1431322766 \
      FL C:/20150106/pcores/jaip_v1_00_a/hdl/vhdl/thread_management.vhd \
      PB ieee/std_logic_1164 1325952872 PB ieee/STD_LOGIC_UNSIGNED 1325952875 \
      PB ieee/NUMERIC_STD 1325952877 PB ieee/std_logic_arith 1325952873 LB UNISIM \
      PH unisim/VCOMPONENTS 1325952880 PH jaip_v1_00_a/config 1431322637
AR jaip_v1_00_a/thread_management/rtl 1431322767 \
      FL C:/20150106/pcores/jaip_v1_00_a/hdl/vhdl/thread_management.vhd \
      EN jaip_v1_00_a/thread_management 1431322766 CP RAMB16_S36_S36
FL C:/20150106/pcores/jaip_v1_00_a/hdl/vhdl/translate.vhd 2014/10/30.14:49:55 O.87xd
EN jaip_v1_00_a/Translate 1431322758 \
      FL C:/20150106/pcores/jaip_v1_00_a/hdl/vhdl/translate.vhd \
      PB ieee/std_logic_1164 1325952872 PB ieee/STD_LOGIC_UNSIGNED 1325952875 \
      LB UNISIM PH unisim/VCOMPONENTS 1325952880 PH jaip_v1_00_a/config 1431322637
AR jaip_v1_00_a/Translate/rtl 1431322759 \
      FL C:/20150106/pcores/jaip_v1_00_a/hdl/vhdl/translate.vhd \
      EN jaip_v1_00_a/Translate 1431322758 CP translation_ROM
FL C:/20150106/pcores/jaip_v1_00_a/hdl/vhdl/translation_ROM.vhd 2014/12/09.17:35:40 O.87xd
EN jaip_v1_00_a/translation_ROM 1431322730 \
      FL C:/20150106/pcores/jaip_v1_00_a/hdl/vhdl/translation_ROM.vhd \
      PB ieee/std_logic_1164 1325952872 PB ieee/STD_LOGIC_UNSIGNED 1325952875 \
      LB UNISIM PH unisim/VCOMPONENTS 1325952880 PH jaip_v1_00_a/config 1431322637
AR jaip_v1_00_a/translation_ROM/rtl 1431322731 \
      FL C:/20150106/pcores/jaip_v1_00_a/hdl/vhdl/translation_ROM.vhd \
      EN jaip_v1_00_a/translation_ROM 1431322730 CP RAMB16_S18_S18
FL C:/20150106/pcores/jaip_v1_00_a/hdl/vhdl/user_logic.vhd 2015/05/11.13:28:02 O.87xd
EN jaip_v1_00_a/user_logic 1431322814 \
      FL C:/20150106/pcores/jaip_v1_00_a/hdl/vhdl/user_logic.vhd \
      PB ieee/std_logic_1164 1325952872 PB ieee/std_logic_arith 1325952873 \
      PB ieee/STD_LOGIC_UNSIGNED 1325952875 LB proc_common_v3_00_a LB UNISIM \
      PH unisim/VCOMPONENTS 1325952880 PB proc_common_v3_00_a/proc_common_pkg 1431322599 \
      PH jaip_v1_00_a/config 1431322637
AR jaip_v1_00_a/user_logic/IMP 1431322815 \
      FL C:/20150106/pcores/jaip_v1_00_a/hdl/vhdl/user_logic.vhd \
      EN jaip_v1_00_a/user_logic 1431322814 CP soj CP GC CP Cache_controller \
      CP arraycopy_single CP indexOf CP heap CP cross_reference_table \
      CP class_info_table CP integer CP BYTE_RAM_TYPE CP std_logic \
      CP std_logic_vector CP mmes_profiler CP bytecode_profiler
FL C:/20150106/pcores/jaip_v1_00_a/hdl/vhdl/xcptn_hdlr.vhd 2015/01/12.14:01:26 O.87xd
EN jaip_v1_00_a/xcptn_hdlr 1431322726 \
      FL C:/20150106/pcores/jaip_v1_00_a/hdl/vhdl/xcptn_hdlr.vhd \
      PB ieee/std_logic_1164 1325952872 PB ieee/STD_LOGIC_UNSIGNED 1325952875 \
      PB ieee/NUMERIC_STD 1325952877 LB UNISIM PH unisim/VCOMPONENTS 1325952880 \
      PH jaip_v1_00_a/config 1431322637
AR jaip_v1_00_a/xcptn_hdlr/rtl 1431322727 \
      FL C:/20150106/pcores/jaip_v1_00_a/hdl/vhdl/xcptn_hdlr.vhd \
      EN jaip_v1_00_a/xcptn_hdlr 1431322726 CP RAMB16_S18
