AR access_buffer imp C:/Xilinx/13.4/ISE_DS/EDK/hw/XilinxProcessorIPLib/pcores/mch_plbv46_slave_burst_v2_01_a/hdl/vhdl/access_buffer.vhd sub00/vhpl01 1431322682
EN arbitration_logic NULL C:/Xilinx/13.4/ISE_DS/EDK/hw/XilinxProcessorIPLib/pcores/mch_plbv46_slave_burst_v2_01_a/hdl/vhdl/arbitration_logic.vhd sub00/vhpl10 1431322691
AR addr_data_mux_demux imp C:/Xilinx/13.4/ISE_DS/EDK/hw/XilinxProcessorIPLib/pcores/mch_plbv46_slave_burst_v2_01_a/hdl/vhdl/addr_data_mux_demux.vhd sub00/vhpl13 1431322694
EN arb_mux_demux NULL C:/Xilinx/13.4/ISE_DS/EDK/hw/XilinxProcessorIPLib/pcores/mch_plbv46_slave_burst_v2_01_a/hdl/vhdl/arb_mux_demux.vhd sub00/vhpl14 1431322715
AR chnl_logic imp C:/Xilinx/13.4/ISE_DS/EDK/hw/XilinxProcessorIPLib/pcores/mch_plbv46_slave_burst_v2_01_a/hdl/vhdl/chnl_logic.vhd sub00/vhpl05 1431322686
AR addr_be_gen imp C:/Xilinx/13.4/ISE_DS/EDK/hw/XilinxProcessorIPLib/pcores/mch_plbv46_slave_burst_v2_01_a/hdl/vhdl/addr_be_gen.vhd sub00/vhpl07 1431322688
AR mch_interface imp C:/Xilinx/13.4/ISE_DS/EDK/hw/XilinxProcessorIPLib/pcores/mch_plbv46_slave_burst_v2_01_a/hdl/vhdl/mch_interface.vhd sub00/vhpl17 1431322718
EN chnl_logic NULL C:/Xilinx/13.4/ISE_DS/EDK/hw/XilinxProcessorIPLib/pcores/mch_plbv46_slave_burst_v2_01_a/hdl/vhdl/chnl_logic.vhd sub00/vhpl04 1431322685
EN ipic_logic NULL C:/Xilinx/13.4/ISE_DS/EDK/hw/XilinxProcessorIPLib/pcores/mch_plbv46_slave_burst_v2_01_a/hdl/vhdl/ipic_logic.vhd sub00/vhpl08 1431322689
EN access_buffer NULL C:/Xilinx/13.4/ISE_DS/EDK/hw/XilinxProcessorIPLib/pcores/mch_plbv46_slave_burst_v2_01_a/hdl/vhdl/access_buffer.vhd sub00/vhpl00 1431322681
AR arbitration_logic imp C:/Xilinx/13.4/ISE_DS/EDK/hw/XilinxProcessorIPLib/pcores/mch_plbv46_slave_burst_v2_01_a/hdl/vhdl/arbitration_logic.vhd sub00/vhpl11 1431322692
AR mch_plbv46_slave_burst imp C:/Xilinx/13.4/ISE_DS/EDK/hw/XilinxProcessorIPLib/pcores/mch_plbv46_slave_burst_v2_01_a/hdl/vhdl/mch_plbv46_slave_burst.vhd sub00/vhpl19 1431322720
AR arb_mux_demux imp C:/Xilinx/13.4/ISE_DS/EDK/hw/XilinxProcessorIPLib/pcores/mch_plbv46_slave_burst_v2_01_a/hdl/vhdl/arb_mux_demux.vhd sub00/vhpl15 1431322716
EN mch_interface NULL C:/Xilinx/13.4/ISE_DS/EDK/hw/XilinxProcessorIPLib/pcores/mch_plbv46_slave_burst_v2_01_a/hdl/vhdl/mch_interface.vhd sub00/vhpl16 1431322717
EN addr_be_gen NULL C:/Xilinx/13.4/ISE_DS/EDK/hw/XilinxProcessorIPLib/pcores/mch_plbv46_slave_burst_v2_01_a/hdl/vhdl/addr_be_gen.vhd sub00/vhpl06 1431322687
EN mch_plbv46_slave_burst NULL C:/Xilinx/13.4/ISE_DS/EDK/hw/XilinxProcessorIPLib/pcores/mch_plbv46_slave_burst_v2_01_a/hdl/vhdl/mch_plbv46_slave_burst.vhd sub00/vhpl18 1431322719
AR ipic_logic imp C:/Xilinx/13.4/ISE_DS/EDK/hw/XilinxProcessorIPLib/pcores/mch_plbv46_slave_burst_v2_01_a/hdl/vhdl/ipic_logic.vhd sub00/vhpl09 1431322690
EN addr_data_mux_demux NULL C:/Xilinx/13.4/ISE_DS/EDK/hw/XilinxProcessorIPLib/pcores/mch_plbv46_slave_burst_v2_01_a/hdl/vhdl/addr_data_mux_demux.vhd sub00/vhpl12 1431322693
AR readdata_buffer implementation C:/Xilinx/13.4/ISE_DS/EDK/hw/XilinxProcessorIPLib/pcores/mch_plbv46_slave_burst_v2_01_a/hdl/vhdl/readdata_buffer.vhd sub00/vhpl03 1431322684
EN readdata_buffer NULL C:/Xilinx/13.4/ISE_DS/EDK/hw/XilinxProcessorIPLib/pcores/mch_plbv46_slave_burst_v2_01_a/hdl/vhdl/readdata_buffer.vhd sub00/vhpl02 1431322683
