V3 51
FL $XILINX/hw/XilinxProcessorIPLib/pcores/mch_plbv46_slave_burst_v2_01_a/hdl/vhdl/access_buffer.vhd 2011/12/29.18:47:09 O.87xd
EN mch_plbv46_slave_burst_v2_01_a/access_buffer 1431322681 \
      FL $XILINX/hw/XilinxProcessorIPLib/pcores/mch_plbv46_slave_burst_v2_01_a/hdl/vhdl/access_buffer.vhd \
      PB ieee/std_logic_1164 1325952872 PB ieee/std_logic_arith 1325952873 \
      PB ieee/STD_LOGIC_UNSIGNED 1325952875 LB proc_common_v3_00_a \
      PB proc_common_v3_00_a/proc_common_pkg 1431322553 \
      EN proc_common_v3_00_a/srl_fifo_f 1431322657
AR mch_plbv46_slave_burst_v2_01_a/access_buffer/imp 1431322682 \
      FL $XILINX/hw/XilinxProcessorIPLib/pcores/mch_plbv46_slave_burst_v2_01_a/hdl/vhdl/access_buffer.vhd \
      EN mch_plbv46_slave_burst_v2_01_a/access_buffer 1431322681 \
      CP proc_common_v3_00_a/srl_fifo_f
FL $XILINX/hw/XilinxProcessorIPLib/pcores/mch_plbv46_slave_burst_v2_01_a/hdl/vhdl/addr_be_gen.vhd 2011/12/29.18:47:09 O.87xd
EN mch_plbv46_slave_burst_v2_01_a/addr_be_gen 1431322687 \
      FL $XILINX/hw/XilinxProcessorIPLib/pcores/mch_plbv46_slave_burst_v2_01_a/hdl/vhdl/addr_be_gen.vhd \
      PB ieee/std_logic_1164 1325952872 PB ieee/std_logic_arith 1325952873 \
      PB ieee/STD_LOGIC_UNSIGNED 1325952875 LB proc_common_v3_00_a \
      PB proc_common_v3_00_a/proc_common_pkg 1431322553 \
      EN proc_common_v3_00_a/direct_path_cntr_ai 1431322609 \
      PB proc_common_v3_00_a/ipif_pkg 1431322596
AR mch_plbv46_slave_burst_v2_01_a/addr_be_gen/imp 1431322688 \
      FL $XILINX/hw/XilinxProcessorIPLib/pcores/mch_plbv46_slave_burst_v2_01_a/hdl/vhdl/addr_be_gen.vhd \
      EN mch_plbv46_slave_burst_v2_01_a/addr_be_gen 1431322687 \
      CP proc_common_v3_00_a/direct_path_cntr_ai CP std_logic
FL $XILINX/hw/XilinxProcessorIPLib/pcores/mch_plbv46_slave_burst_v2_01_a/hdl/vhdl/addr_data_mux_demux.vhd 2011/12/29.18:47:09 O.87xd
EN mch_plbv46_slave_burst_v2_01_a/addr_data_mux_demux 1431322693 \
      FL $XILINX/hw/XilinxProcessorIPLib/pcores/mch_plbv46_slave_burst_v2_01_a/hdl/vhdl/addr_data_mux_demux.vhd \
      PB ieee/std_logic_1164 1325952872 PB ieee/NUMERIC_STD 1325952877 \
      PB ieee/std_logic_misc 1325952874 LB proc_common_v3_00_a \
      EN proc_common_v3_00_a/mux_onehot_f 1431322655
AR mch_plbv46_slave_burst_v2_01_a/addr_data_mux_demux/imp 1431322694 \
      FL $XILINX/hw/XilinxProcessorIPLib/pcores/mch_plbv46_slave_burst_v2_01_a/hdl/vhdl/addr_data_mux_demux.vhd \
      EN mch_plbv46_slave_burst_v2_01_a/addr_data_mux_demux 1431322693 \
      AR proc_common_v3_00_a/mux_onehot_f/imp 1431322656
FL $XILINX/hw/XilinxProcessorIPLib/pcores/mch_plbv46_slave_burst_v2_01_a/hdl/vhdl/arbitration_logic.vhd 2011/12/29.18:47:09 O.87xd
EN mch_plbv46_slave_burst_v2_01_a/arbitration_logic 1431322691 \
      FL $XILINX/hw/XilinxProcessorIPLib/pcores/mch_plbv46_slave_burst_v2_01_a/hdl/vhdl/arbitration_logic.vhd \
      PB ieee/std_logic_1164 1325952872 PB ieee/NUMERIC_STD 1325952877 \
      PB ieee/STD_LOGIC_UNSIGNED 1325952875 PB ieee/std_logic_misc 1325952874 \
      LB proc_common_v3_00_a EN proc_common_v3_00_a/mux_onehot_f 1431322655 \
      LB unisim PH unisim/VCOMPONENTS 1325952880
AR mch_plbv46_slave_burst_v2_01_a/arbitration_logic/imp 1431322692 \
      FL $XILINX/hw/XilinxProcessorIPLib/pcores/mch_plbv46_slave_burst_v2_01_a/hdl/vhdl/arbitration_logic.vhd \
      EN mch_plbv46_slave_burst_v2_01_a/arbitration_logic 1431322691 CP muxcy \
      CP std_logic CP std_logic_vector AR proc_common_v3_00_a/mux_onehot_f/imp 1431322656
FL $XILINX/hw/XilinxProcessorIPLib/pcores/mch_plbv46_slave_burst_v2_01_a/hdl/vhdl/arb_mux_demux.vhd 2011/12/29.18:47:09 O.87xd
EN mch_plbv46_slave_burst_v2_01_a/arb_mux_demux 1431322715 \
      FL $XILINX/hw/XilinxProcessorIPLib/pcores/mch_plbv46_slave_burst_v2_01_a/hdl/vhdl/arb_mux_demux.vhd \
      PB ieee/std_logic_1164 1325952872 PB ieee/STD_LOGIC_UNSIGNED 1325952875 \
      PB ieee/NUMERIC_STD 1325952877 PB ieee/std_logic_misc 1325952874 \
      LB proc_common_v3_00_a EN proc_common_v3_00_a/mux_onehot_f 1431322655 \
      LB mch_plbv46_slave_burst_v2_01_a \
      EN mch_plbv46_slave_burst_v2_01_a/addr_data_mux_demux 1431322693
AR mch_plbv46_slave_burst_v2_01_a/arb_mux_demux/imp 1431322716 \
      FL $XILINX/hw/XilinxProcessorIPLib/pcores/mch_plbv46_slave_burst_v2_01_a/hdl/vhdl/arb_mux_demux.vhd \
      EN mch_plbv46_slave_burst_v2_01_a/arb_mux_demux 1431322715 \
      CP mch_plbv46_slave_burst_v2_01_a/arbitration_logic \
      CP mch_plbv46_slave_burst_v2_01_a/addr_data_mux_demux
FL $XILINX/hw/XilinxProcessorIPLib/pcores/mch_plbv46_slave_burst_v2_01_a/hdl/vhdl/chnl_logic.vhd 2011/12/29.18:47:09 O.87xd
EN mch_plbv46_slave_burst_v2_01_a/chnl_logic 1431322685 \
      FL $XILINX/hw/XilinxProcessorIPLib/pcores/mch_plbv46_slave_burst_v2_01_a/hdl/vhdl/chnl_logic.vhd \
      PB ieee/std_logic_1164 1325952872 PB ieee/std_logic_arith 1325952873 \
      PB ieee/STD_LOGIC_UNSIGNED 1325952875 LB proc_common_v3_00_a \
      PB proc_common_v3_00_a/proc_common_pkg 1431322553 \
      EN proc_common_v3_00_a/ld_arith_reg 1431322621 \
      PB proc_common_v3_00_a/ipif_pkg 1431322596
AR mch_plbv46_slave_burst_v2_01_a/chnl_logic/imp 1431322686 \
      FL $XILINX/hw/XilinxProcessorIPLib/pcores/mch_plbv46_slave_burst_v2_01_a/hdl/vhdl/chnl_logic.vhd \
      EN mch_plbv46_slave_burst_v2_01_a/chnl_logic 1431322685 \
      CP proc_common_v3_00_a/ld_arith_reg
FL $XILINX/hw/XilinxProcessorIPLib/pcores/mch_plbv46_slave_burst_v2_01_a/hdl/vhdl/ipic_logic.vhd 2011/12/29.18:47:09 O.87xd
EN mch_plbv46_slave_burst_v2_01_a/ipic_logic 1431322689 \
      FL $XILINX/hw/XilinxProcessorIPLib/pcores/mch_plbv46_slave_burst_v2_01_a/hdl/vhdl/ipic_logic.vhd \
      PB ieee/std_logic_1164 1325952872 PB ieee/std_logic_arith 1325952873 \
      PB ieee/STD_LOGIC_UNSIGNED 1325952875 LB proc_common_v3_00_a \
      PB proc_common_v3_00_a/proc_common_pkg 1431322553 \
      EN proc_common_v3_00_a/pselect_f 1431322661 PB proc_common_v3_00_a/ipif_pkg 1431322596
AR mch_plbv46_slave_burst_v2_01_a/ipic_logic/imp 1431322690 \
      FL $XILINX/hw/XilinxProcessorIPLib/pcores/mch_plbv46_slave_burst_v2_01_a/hdl/vhdl/ipic_logic.vhd \
      EN mch_plbv46_slave_burst_v2_01_a/ipic_logic 1431322689 \
      CP proc_common_v3_00_a/pselect_f CP std_logic_vector
FL $XILINX/hw/XilinxProcessorIPLib/pcores/mch_plbv46_slave_burst_v2_01_a/hdl/vhdl/mch_interface.vhd 2011/12/29.18:47:09 O.87xd
EN mch_plbv46_slave_burst_v2_01_a/mch_interface 1431322717 \
      FL $XILINX/hw/XilinxProcessorIPLib/pcores/mch_plbv46_slave_burst_v2_01_a/hdl/vhdl/mch_interface.vhd \
      PB ieee/std_logic_1164 1325952872 PB ieee/std_logic_arith 1325952873 \
      PB ieee/STD_LOGIC_UNSIGNED 1325952875 LB proc_common_v3_00_a \
      PB proc_common_v3_00_a/ipif_pkg 1431322596 \
      LB mch_plbv46_slave_burst_v2_01_a \
      EN mch_plbv46_slave_burst_v2_01_a/access_buffer 1431322681 \
      EN mch_plbv46_slave_burst_v2_01_a/readdata_buffer 1431322683 \
      EN mch_plbv46_slave_burst_v2_01_a/addr_be_gen 1431322687 \
      EN mch_plbv46_slave_burst_v2_01_a/chnl_logic 1431322685 \
      EN mch_plbv46_slave_burst_v2_01_a/ipic_logic 1431322689
AR mch_plbv46_slave_burst_v2_01_a/mch_interface/imp 1431322718 \
      FL $XILINX/hw/XilinxProcessorIPLib/pcores/mch_plbv46_slave_burst_v2_01_a/hdl/vhdl/mch_interface.vhd \
      EN mch_plbv46_slave_burst_v2_01_a/mch_interface 1431322717 \
      CP mch_plbv46_slave_burst_v2_01_a/access_buffer \
      CP mch_plbv46_slave_burst_v2_01_a/readdata_buffer \
      CP mch_plbv46_slave_burst_v2_01_a/chnl_logic \
      CP mch_plbv46_slave_burst_v2_01_a/addr_be_gen \
      CP mch_plbv46_slave_burst_v2_01_a/ipic_logic
FL $XILINX/hw/XilinxProcessorIPLib/pcores/mch_plbv46_slave_burst_v2_01_a/hdl/vhdl/mch_plbv46_slave_burst.vhd 2011/12/29.18:47:09 O.87xd
EN mch_plbv46_slave_burst_v2_01_a/mch_plbv46_slave_burst 1431322719 \
      FL $XILINX/hw/XilinxProcessorIPLib/pcores/mch_plbv46_slave_burst_v2_01_a/hdl/vhdl/mch_plbv46_slave_burst.vhd \
      PB ieee/std_logic_1164 1325952872 PB ieee/NUMERIC_STD 1325952877 \
      PB ieee/std_logic_misc 1325952874 LB proc_common_v3_00_a \
      PB proc_common_v3_00_a/ipif_pkg 1431322596 \
      PB proc_common_v3_00_a/proc_common_pkg 1431322553 \
      PB proc_common_v3_00_a/family 1431322579 LB mch_plbv46_slave_burst_v2_01_a \
      LB plbv46_slave_burst_v1_01_a \
      EN mch_plbv46_slave_burst_v2_01_a/arb_mux_demux 1431322715 \
      EN mch_plbv46_slave_burst_v2_01_a/mch_interface 1431322717 \
      EN plbv46_slave_burst_v1_01_a/plbv46_slave_burst 1431322713
AR mch_plbv46_slave_burst_v2_01_a/mch_plbv46_slave_burst/imp 1431322720 \
      FL $XILINX/hw/XilinxProcessorIPLib/pcores/mch_plbv46_slave_burst_v2_01_a/hdl/vhdl/mch_plbv46_slave_burst.vhd \
      EN mch_plbv46_slave_burst_v2_01_a/mch_plbv46_slave_burst 1431322719 \
      CP plbv46_slave_burst_v1_01_a/plbv46_slave_burst CP std_logic_vector \
      CP std_logic CP mch_plbv46_slave_burst_v2_01_a/arb_mux_demux \
      CP mch_plbv46_slave_burst_v2_01_a/mch_interface
FL $XILINX/hw/XilinxProcessorIPLib/pcores/mch_plbv46_slave_burst_v2_01_a/hdl/vhdl/readdata_buffer.vhd 2011/12/29.18:47:09 O.87xd
EN mch_plbv46_slave_burst_v2_01_a/readdata_buffer 1431322683 \
      FL $XILINX/hw/XilinxProcessorIPLib/pcores/mch_plbv46_slave_burst_v2_01_a/hdl/vhdl/readdata_buffer.vhd \
      PB ieee/std_logic_1164 1325952872 PB ieee/std_logic_arith 1325952873 \
      PB ieee/STD_LOGIC_UNSIGNED 1325952875 LB proc_common_v3_00_a \
      PB proc_common_v3_00_a/proc_common_pkg 1431322553 \
      EN proc_common_v3_00_a/srl_fifo_f 1431322657
AR mch_plbv46_slave_burst_v2_01_a/readdata_buffer/implementation 1431322684 \
      FL $XILINX/hw/XilinxProcessorIPLib/pcores/mch_plbv46_slave_burst_v2_01_a/hdl/vhdl/readdata_buffer.vhd \
      EN mch_plbv46_slave_burst_v2_01_a/readdata_buffer 1431322683 \
      CP proc_common_v3_00_a/srl_fifo_f
