V3 57
FL $XILINX/hw/XilinxProcessorIPLib/pcores/lmb_bram_if_cntlr_v3_00_b/hdl/vhdl/axi_interface.vhd 2011/12/29.18:47:08 O.87xd
EN lmb_bram_if_cntlr_v3_00_b/axi_interface 1431322547 \
      FL $XILINX/hw/XilinxProcessorIPLib/pcores/lmb_bram_if_cntlr_v3_00_b/hdl/vhdl/axi_interface.vhd \
      PB ieee/std_logic_1164 1325952872
AR lmb_bram_if_cntlr_v3_00_b/axi_interface/IMP 1431322548 \
      FL $XILINX/hw/XilinxProcessorIPLib/pcores/lmb_bram_if_cntlr_v3_00_b/hdl/vhdl/axi_interface.vhd \
      EN lmb_bram_if_cntlr_v3_00_b/axi_interface 1431322547 LB unisim \
      PH unisim/VCOMPONENTS 1325952880 CP FDRE
FL $XILINX/hw/XilinxProcessorIPLib/pcores/lmb_bram_if_cntlr_v3_00_b/hdl/vhdl/checkbit_handler.vhd 2011/12/29.18:47:08 O.87xd
EN lmb_bram_if_cntlr_v3_00_b/checkbit_handler 1431322541 \
      FL $XILINX/hw/XilinxProcessorIPLib/pcores/lmb_bram_if_cntlr_v3_00_b/hdl/vhdl/checkbit_handler.vhd \
      PB ieee/std_logic_1164 1325952872
AR lmb_bram_if_cntlr_v3_00_b/checkbit_handler/IMP 1431322542 \
      FL $XILINX/hw/XilinxProcessorIPLib/pcores/lmb_bram_if_cntlr_v3_00_b/hdl/vhdl/checkbit_handler.vhd \
      EN lmb_bram_if_cntlr_v3_00_b/checkbit_handler 1431322541 LB unisim \
      PH unisim/VCOMPONENTS 1325952880 LB lmb_bram_if_cntlr_v3_00_b \
      CP std_logic_vector CP XOR18 CP Parity CP std_logic CP ParityEnable CP MUXF7
FL $XILINX/hw/XilinxProcessorIPLib/pcores/lmb_bram_if_cntlr_v3_00_b/hdl/vhdl/correct_one_bit.vhd 2011/12/29.18:47:08 O.87xd
EN lmb_bram_if_cntlr_v3_00_b/Correct_One_Bit 1431322543 \
      FL $XILINX/hw/XilinxProcessorIPLib/pcores/lmb_bram_if_cntlr_v3_00_b/hdl/vhdl/correct_one_bit.vhd \
      PB ieee/std_logic_1164 1325952872 LB unisim PH unisim/VCOMPONENTS 1325952880
AR lmb_bram_if_cntlr_v3_00_b/Correct_One_Bit/IMP 1431322544 \
      FL $XILINX/hw/XilinxProcessorIPLib/pcores/lmb_bram_if_cntlr_v3_00_b/hdl/vhdl/correct_one_bit.vhd \
      EN lmb_bram_if_cntlr_v3_00_b/Correct_One_Bit 1431322543 CP MUXCY_L CP XORCY
FL $XILINX/hw/XilinxProcessorIPLib/pcores/lmb_bram_if_cntlr_v3_00_b/hdl/vhdl/lmb_bram_if_cntlr.vhd 2011/12/29.18:47:08 O.87xd
EN lmb_bram_if_cntlr_v3_00_b/lmb_bram_if_cntlr 1431322551 \
      FL $XILINX/hw/XilinxProcessorIPLib/pcores/lmb_bram_if_cntlr_v3_00_b/hdl/vhdl/lmb_bram_if_cntlr.vhd \
      PB ieee/std_logic_1164 1325952872 PB ieee/NUMERIC_STD 1325952877 \
      LB lmb_bram_if_cntlr_v3_00_b
AR lmb_bram_if_cntlr_v3_00_b/lmb_bram_if_cntlr/imp 1431322552 \
      FL $XILINX/hw/XilinxProcessorIPLib/pcores/lmb_bram_if_cntlr_v3_00_b/hdl/vhdl/lmb_bram_if_cntlr.vhd \
      EN lmb_bram_if_cntlr_v3_00_b/lmb_bram_if_cntlr 1431322551 LB unisim \
      PH unisim/VCOMPONENTS 1325952880 LB lmb_bram_if_cntlr_v3_00_b \
      CP pselect_mask CP integer CP std_logic CP natural CP std_logic_vector \
      CP correct_data_table_type CP bool_array CP checkbit_handler \
      CP Correct_One_Bit CP plb_interface CP axi_interface \
      PB lmb_bram_if_cntlr_v3_00_b/lmb_bram_if_funcs 1431322550
FL $XILINX/hw/XilinxProcessorIPLib/pcores/lmb_bram_if_cntlr_v3_00_b/hdl/vhdl/lmb_bram_if_funcs.vhd 2011/12/29.18:47:08 O.87xd
PH lmb_bram_if_cntlr_v3_00_b/lmb_bram_if_funcs 1431322549 \
      FL $XILINX/hw/XilinxProcessorIPLib/pcores/lmb_bram_if_cntlr_v3_00_b/hdl/vhdl/lmb_bram_if_funcs.vhd \
      PB ieee/std_logic_1164 1325952872
PB lmb_bram_if_cntlr_v3_00_b/lmb_bram_if_funcs 1431322550 \
      FL $XILINX/hw/XilinxProcessorIPLib/pcores/lmb_bram_if_cntlr_v3_00_b/hdl/vhdl/lmb_bram_if_funcs.vhd \
      PH lmb_bram_if_cntlr_v3_00_b/lmb_bram_if_funcs 1431322549 \
      PB ieee/std_logic_1164 1325952872 PB ieee/NUMERIC_STD 1325952877
FL $XILINX/hw/XilinxProcessorIPLib/pcores/lmb_bram_if_cntlr_v3_00_b/hdl/vhdl/parity.vhd 2011/12/29.18:47:09 O.87xd
EN lmb_bram_if_cntlr_v3_00_b/Parity 1431322535 \
      FL $XILINX/hw/XilinxProcessorIPLib/pcores/lmb_bram_if_cntlr_v3_00_b/hdl/vhdl/parity.vhd \
      PB ieee/std_logic_1164 1325952872
AR lmb_bram_if_cntlr_v3_00_b/Parity/IMP 1431322536 \
      FL $XILINX/hw/XilinxProcessorIPLib/pcores/lmb_bram_if_cntlr_v3_00_b/hdl/vhdl/parity.vhd \
      EN lmb_bram_if_cntlr_v3_00_b/Parity 1431322535 LB unisim \
      PH unisim/VCOMPONENTS 1325952880 CP std_logic_vector CP LUT6 CP std_logic \
      CP MUXF7 CP MUXF8
FL $XILINX/hw/XilinxProcessorIPLib/pcores/lmb_bram_if_cntlr_v3_00_b/hdl/vhdl/parityenable.vhd 2011/12/29.18:47:09 O.87xd
EN lmb_bram_if_cntlr_v3_00_b/ParityEnable 1431322537 \
      FL $XILINX/hw/XilinxProcessorIPLib/pcores/lmb_bram_if_cntlr_v3_00_b/hdl/vhdl/parityenable.vhd \
      PB ieee/std_logic_1164 1325952872
AR lmb_bram_if_cntlr_v3_00_b/ParityEnable/IMP 1431322538 \
      FL $XILINX/hw/XilinxProcessorIPLib/pcores/lmb_bram_if_cntlr_v3_00_b/hdl/vhdl/parityenable.vhd \
      EN lmb_bram_if_cntlr_v3_00_b/ParityEnable 1431322537 LB unisim \
      PH unisim/VCOMPONENTS 1325952880 CP std_logic_vector CP LUT6
FL $XILINX/hw/XilinxProcessorIPLib/pcores/lmb_bram_if_cntlr_v3_00_b/hdl/vhdl/plb_interface.vhd 2011/12/29.18:47:09 O.87xd
EN lmb_bram_if_cntlr_v3_00_b/plb_interface 1431322545 \
      FL $XILINX/hw/XilinxProcessorIPLib/pcores/lmb_bram_if_cntlr_v3_00_b/hdl/vhdl/plb_interface.vhd \
      PB ieee/std_logic_1164 1325952872 PB ieee/NUMERIC_STD 1325952877 \
      LB lmb_bram_if_cntlr_v3_00_b
AR lmb_bram_if_cntlr_v3_00_b/plb_interface/IMP 1431322546 \
      FL $XILINX/hw/XilinxProcessorIPLib/pcores/lmb_bram_if_cntlr_v3_00_b/hdl/vhdl/plb_interface.vhd \
      EN lmb_bram_if_cntlr_v3_00_b/plb_interface 1431322545 LB unisim \
      PH unisim/VCOMPONENTS 1325952880 CP pselect CP FDRE
FL $XILINX/hw/XilinxProcessorIPLib/pcores/lmb_bram_if_cntlr_v3_00_b/hdl/vhdl/pselect.vhd 2011/12/29.18:47:09 O.87xd
EN lmb_bram_if_cntlr_v3_00_b/pselect 1431322531 \
      FL $XILINX/hw/XilinxProcessorIPLib/pcores/lmb_bram_if_cntlr_v3_00_b/hdl/vhdl/pselect.vhd \
      PB ieee/std_logic_1164 1325952872 PB ieee/std_logic_arith 1325952873 \
      PB ieee/STD_LOGIC_UNSIGNED 1325952875 LB unisim
AR lmb_bram_if_cntlr_v3_00_b/pselect/imp 1431322532 \
      FL $XILINX/hw/XilinxProcessorIPLib/pcores/lmb_bram_if_cntlr_v3_00_b/hdl/vhdl/pselect.vhd \
      EN lmb_bram_if_cntlr_v3_00_b/pselect 1431322531 CP std_logic_vector CP MUXCY
FL $XILINX/hw/XilinxProcessorIPLib/pcores/lmb_bram_if_cntlr_v3_00_b/hdl/vhdl/pselect_mask.vhd 2011/12/29.18:47:09 O.87xd
EN lmb_bram_if_cntlr_v3_00_b/pselect_mask 1431322539 \
      FL $XILINX/hw/XilinxProcessorIPLib/pcores/lmb_bram_if_cntlr_v3_00_b/hdl/vhdl/pselect_mask.vhd \
      PB ieee/std_logic_1164 1325952872 PB ieee/std_logic_arith 1325952873 \
      PB ieee/STD_LOGIC_UNSIGNED 1325952875 LB unisim
AR lmb_bram_if_cntlr_v3_00_b/pselect_mask/imp 1431322540 \
      FL $XILINX/hw/XilinxProcessorIPLib/pcores/lmb_bram_if_cntlr_v3_00_b/hdl/vhdl/pselect_mask.vhd \
      EN lmb_bram_if_cntlr_v3_00_b/pselect_mask 1431322539 LB unisim
FL $XILINX/hw/XilinxProcessorIPLib/pcores/lmb_bram_if_cntlr_v3_00_b/hdl/vhdl/xor18.vhd 2011/12/29.18:47:09 O.87xd
EN lmb_bram_if_cntlr_v3_00_b/XOR18 1431322533 \
      FL $XILINX/hw/XilinxProcessorIPLib/pcores/lmb_bram_if_cntlr_v3_00_b/hdl/vhdl/xor18.vhd \
      PB ieee/std_logic_1164 1325952872 LB unisim PH unisim/VCOMPONENTS 1325952880
AR lmb_bram_if_cntlr_v3_00_b/XOR18/IMP 1431322534 \
      FL $XILINX/hw/XilinxProcessorIPLib/pcores/lmb_bram_if_cntlr_v3_00_b/hdl/vhdl/xor18.vhd \
      EN lmb_bram_if_cntlr_v3_00_b/XOR18 1431322533 CP std_logic CP LUT6 CP MUXCY_L \
      CP XORCY
