EN pvr NULL C:/Xilinx/13.4/ISE_DS/EDK/hw/XilinxProcessorIPLib/pcores/microblaze_v8_20_b/hdl/vhdl/pvr.vhd sub00/vhpl98 1431322626
EN comparator NULL C:/Xilinx/13.4/ISE_DS/EDK/hw/XilinxProcessorIPLib/pcores/microblaze_v8_20_b/hdl/vhdl/comparator.vhd sub00/vhpl46 1431322574
AR alu_bit imp C:/Xilinx/13.4/ISE_DS/EDK/hw/XilinxProcessorIPLib/pcores/microblaze_v8_20_b/hdl/vhdl/alu_bit.vhd sub00/vhpl43 1431322571
EN pc_module_gti NULL C:/Xilinx/13.4/ISE_DS/EDK/hw/XilinxProcessorIPLib/pcores/microblaze_v8_20_b/hdl/vhdl/pc_module_gti.vhd sub01/vhpl102 1431322630
AR carry_compare_const imp C:/Xilinx/13.4/ISE_DS/EDK/hw/XilinxProcessorIPLib/pcores/microblaze_v8_20_b/hdl/vhdl/carry_compare_const.vhd sub00/vhpl25 1431322553
EN interrupt_mode_converter NULL C:/Xilinx/13.4/ISE_DS/EDK/hw/XilinxProcessorIPLib/pcores/microblaze_v8_20_b/hdl/vhdl/interrupt_mode_converter.vhd sub01/vhpl150 1431322678
EN carry_compare_const NULL C:/Xilinx/13.4/ISE_DS/EDK/hw/XilinxProcessorIPLib/pcores/microblaze_v8_20_b/hdl/vhdl/carry_compare_const.vhd sub00/vhpl24 1431322552
EN exception_registers_gti NULL C:/Xilinx/13.4/ISE_DS/EDK/hw/XilinxProcessorIPLib/pcores/microblaze_v8_20_b/hdl/vhdl/exception_registers_gti.vhd sub00/vhpl92 1431322620
EN zero_detect_gti NULL C:/Xilinx/13.4/ISE_DS/EDK/hw/XilinxProcessorIPLib/pcores/microblaze_v8_20_b/hdl/vhdl/zero_detect_gti.vhd sub00/vhpl84 1431322612
PB microblaze_types microblaze_types C:/Xilinx/13.4/ISE_DS/EDK/hw/XilinxProcessorIPLib/pcores/microblaze_v8_20_b/hdl/vhdl/microblaze_types_pkg_body.vhd sub00/vhpl01 1431322529
AR zero_detect_gti imp C:/Xilinx/13.4/ISE_DS/EDK/hw/XilinxProcessorIPLib/pcores/microblaze_v8_20_b/hdl/vhdl/zero_detect_gti.vhd sub00/vhpl85 1431322613
AR carry_or imp C:/Xilinx/13.4/ISE_DS/EDK/hw/XilinxProcessorIPLib/pcores/microblaze_v8_20_b/hdl/vhdl/carry_or.vhd sub00/vhpl49 1431322577
AR div_unit imp C:/Xilinx/13.4/ISE_DS/EDK/hw/XilinxProcessorIPLib/pcores/microblaze_v8_20_b/hdl/vhdl/div_unit.vhd sub01/vhpl135 1431322663
EN read_data_mux NULL C:/Xilinx/13.4/ISE_DS/EDK/hw/XilinxProcessorIPLib/pcores/microblaze_v8_20_b/hdl/vhdl/read_data_mux_gti.vhd sub01/vhpl182 1431322710
AR register_file_gti imp C:/Xilinx/13.4/ISE_DS/EDK/hw/XilinxProcessorIPLib/pcores/microblaze_v8_20_b/hdl/vhdl/register_file_gti.vhd sub00/vhpl71 1431322599
AR fpu_conv imp C:/Xilinx/13.4/ISE_DS/EDK/hw/XilinxProcessorIPLib/pcores/microblaze_v8_20_b/hdl/vhdl/fpu_conv.vhd sub00/vhpl35 1431322563
EN fpu_mul NULL C:/Xilinx/13.4/ISE_DS/EDK/hw/XilinxProcessorIPLib/pcores/microblaze_v8_20_b/hdl/vhdl/fpu_mul.vhd sub00/vhpl28 1431322556
AR carry_equal imp C:/Xilinx/13.4/ISE_DS/EDK/hw/XilinxProcessorIPLib/pcores/microblaze_v8_20_b/hdl/vhdl/carry_equal.vhd sub00/vhpl41 1431322569
EN address_data_hit NULL C:/Xilinx/13.4/ISE_DS/EDK/hw/XilinxProcessorIPLib/pcores/microblaze_v8_20_b/hdl/vhdl/address_data_hit.vhd sub01/vhpl120 1431322648
EN decode NULL C:/Xilinx/13.4/ISE_DS/EDK/hw/XilinxProcessorIPLib/pcores/microblaze_v8_20_b/hdl/vhdl/decode.vhd sub01/vhpl152 1431322680
AR operand_select_gti imp C:/Xilinx/13.4/ISE_DS/EDK/hw/XilinxProcessorIPLib/pcores/microblaze_v8_20_b/hdl/vhdl/operand_select_gti.vhd sub00/vhpl73 1431322601
EN instr_mux NULL C:/Xilinx/13.4/ISE_DS/EDK/hw/XilinxProcessorIPLib/pcores/microblaze_v8_20_b/hdl/vhdl/instr_mux.vhd sub01/vhpl176 1431322704
AR fpu_mul imp C:/Xilinx/13.4/ISE_DS/EDK/hw/XilinxProcessorIPLib/pcores/microblaze_v8_20_b/hdl/vhdl/fpu_mul.vhd sub00/vhpl29 1431322557
EN jump_logic NULL C:/Xilinx/13.4/ISE_DS/EDK/hw/XilinxProcessorIPLib/pcores/microblaze_v8_20_b/hdl/vhdl/jump_logic_gti.vhd sub01/vhpl106 1431322634
EN microblaze_core NULL C:/Xilinx/13.4/ISE_DS/EDK/hw/XilinxProcessorIPLib/pcores/microblaze_v8_20_b/hdl/vhdl/microblaze_core.vhd sub01/vhpl188 1431322716
EN fpu_conv NULL C:/Xilinx/13.4/ISE_DS/EDK/hw/XilinxProcessorIPLib/pcores/microblaze_v8_20_b/hdl/vhdl/fpu_conv.vhd sub00/vhpl34 1431322562
EN fpu_addsub NULL C:/Xilinx/13.4/ISE_DS/EDK/hw/XilinxProcessorIPLib/pcores/microblaze_v8_20_b/hdl/vhdl/fpu_addsub.vhd sub00/vhpl26 1431322554
AR mmu_utlb_ram imp C:/Xilinx/13.4/ISE_DS/EDK/hw/XilinxProcessorIPLib/pcores/microblaze_v8_20_b/hdl/vhdl/mmu_utlb_ram.vhd sub00/vhpl17 1431322545
AR msr_reg_bit imp C:/Xilinx/13.4/ISE_DS/EDK/hw/XilinxProcessorIPLib/pcores/microblaze_v8_20_b/hdl/vhdl/msr_reg_bit.vhd sub00/vhpl55 1431322583
EN address_hit NULL C:/Xilinx/13.4/ISE_DS/EDK/hw/XilinxProcessorIPLib/pcores/microblaze_v8_20_b/hdl/vhdl/address_hit.vhd sub01/vhpl118 1431322646
AR fsl_module imp C:/Xilinx/13.4/ISE_DS/EDK/hw/XilinxProcessorIPLib/pcores/microblaze_v8_20_b/hdl/vhdl/fsl_module.vhd sub01/vhpl147 1431322675
PH mmu_types NULL C:/Xilinx/13.4/ISE_DS/EDK/hw/XilinxProcessorIPLib/pcores/microblaze_v8_20_b/hdl/vhdl/mmu_types_pkg.vhd sub00/vhpl11 1431322539
EN mul_unit NULL C:/Xilinx/13.4/ISE_DS/EDK/hw/XilinxProcessorIPLib/pcores/microblaze_v8_20_b/hdl/vhdl/mul_unit.vhd sub00/vhpl78 1431322606
EN operand_select NULL C:/Xilinx/13.4/ISE_DS/EDK/hw/XilinxProcessorIPLib/pcores/microblaze_v8_20_b/hdl/vhdl/operand_select.vhd sub01/vhpl128 1431322656
EN data_flow_gti NULL C:/Xilinx/13.4/ISE_DS/EDK/hw/XilinxProcessorIPLib/pcores/microblaze_v8_20_b/hdl/vhdl/data_flow_gti.vhd sub01/vhpl180 1431322708
EN iaxi_interface NULL C:/Xilinx/13.4/ISE_DS/EDK/hw/XilinxProcessorIPLib/pcores/microblaze_v8_20_b/hdl/vhdl/iaxi_interface.vhd sub01/vhpl164 1431322692
AR shift_logic_module imp C:/Xilinx/13.4/ISE_DS/EDK/hw/XilinxProcessorIPLib/pcores/microblaze_v8_20_b/hdl/vhdl/shift_logic.vhd sub01/vhpl131 1431322659
AR data_flow_logic imp C:/Xilinx/13.4/ISE_DS/EDK/hw/XilinxProcessorIPLib/pcores/microblaze_v8_20_b/hdl/vhdl/data_flow_logic_gti.vhd sub00/vhpl89 1431322617
EN debug NULL C:/Xilinx/13.4/ISE_DS/EDK/hw/XilinxProcessorIPLib/pcores/microblaze_v8_20_b/hdl/vhdl/debug.vhd sub01/vhpl166 1431322694
AR decode imp C:/Xilinx/13.4/ISE_DS/EDK/hw/XilinxProcessorIPLib/pcores/microblaze_v8_20_b/hdl/vhdl/decode.vhd sub01/vhpl153 1431322681
AR srl_fifo imp C:/Xilinx/13.4/ISE_DS/EDK/hw/XilinxProcessorIPLib/pcores/microblaze_v8_20_b/hdl/vhdl/gen_srlfifo.vhd sub01/vhpl193 1431322721
EN exception_registers NULL C:/Xilinx/13.4/ISE_DS/EDK/hw/XilinxProcessorIPLib/pcores/microblaze_v8_20_b/hdl/vhdl/exception_registers.vhd sub01/vhpl174 1431322702
EN cache_valid_bit_detect NULL C:/Xilinx/13.4/ISE_DS/EDK/hw/XilinxProcessorIPLib/pcores/microblaze_v8_20_b/hdl/vhdl/cache_valid_bit_detect.vhd sub00/vhpl50 1431322578
EN mux4 NULL C:/Xilinx/13.4/ISE_DS/EDK/hw/XilinxProcessorIPLib/pcores/microblaze_v8_20_b/hdl/vhdl/mux4.vhd sub01/vhpl190 1431322718
AR carry_compare_mask imp C:/Xilinx/13.4/ISE_DS/EDK/hw/XilinxProcessorIPLib/pcores/microblaze_v8_20_b/hdl/vhdl/carry_compare_mask.vhd sub00/vhpl13 1431322541
AR shift_logic_bit imp C:/Xilinx/13.4/ISE_DS/EDK/hw/XilinxProcessorIPLib/pcores/microblaze_v8_20_b/hdl/vhdl/shift_logic_bit.vhd sub00/vhpl59 1431322587
AR mux4_8 imp C:/Xilinx/13.4/ISE_DS/EDK/hw/XilinxProcessorIPLib/pcores/microblaze_v8_20_b/hdl/vhdl/mux4_8.vhd sub01/vhpl125 1431322653
AR pc_bit imp C:/Xilinx/13.4/ISE_DS/EDK/hw/XilinxProcessorIPLib/pcores/microblaze_v8_20_b/hdl/vhdl/pc_bit.vhd sub00/vhpl53 1431322581
AR shift_logic_module_gti imp C:/Xilinx/13.4/ISE_DS/EDK/hw/XilinxProcessorIPLib/pcores/microblaze_v8_20_b/hdl/vhdl/shift_logic_gti.vhd sub00/vhpl77 1431322605
AR dsp_module imp C:/Xilinx/13.4/ISE_DS/EDK/hw/XilinxProcessorIPLib/pcores/microblaze_v8_20_b/hdl/vhdl/dsp_module.vhd sub00/vhpl06 1431322534
EN register_file NULL C:/Xilinx/13.4/ISE_DS/EDK/hw/XilinxProcessorIPLib/pcores/microblaze_v8_20_b/hdl/vhdl/register_file.vhd sub01/vhpl126 1431322654
EN fsl_module NULL C:/Xilinx/13.4/ISE_DS/EDK/hw/XilinxProcessorIPLib/pcores/microblaze_v8_20_b/hdl/vhdl/fsl_module.vhd sub01/vhpl146 1431322674
AR jump_logic imp C:/Xilinx/13.4/ISE_DS/EDK/hw/XilinxProcessorIPLib/pcores/microblaze_v8_20_b/hdl/vhdl/jump_logic_gti.vhd sub01/vhpl107 1431322635
EN div_unit_gti NULL C:/Xilinx/13.4/ISE_DS/EDK/hw/XilinxProcessorIPLib/pcores/microblaze_v8_20_b/hdl/vhdl/div_unit_gti.vhd sub00/vhpl94 1431322622
EN alu_bit NULL C:/Xilinx/13.4/ISE_DS/EDK/hw/XilinxProcessorIPLib/pcores/microblaze_v8_20_b/hdl/vhdl/alu_bit.vhd sub00/vhpl42 1431322570
EN pc_bit NULL C:/Xilinx/13.4/ISE_DS/EDK/hw/XilinxProcessorIPLib/pcores/microblaze_v8_20_b/hdl/vhdl/pc_bit.vhd sub00/vhpl52 1431322580
AR fpu_div imp C:/Xilinx/13.4/ISE_DS/EDK/hw/XilinxProcessorIPLib/pcores/microblaze_v8_20_b/hdl/vhdl/fpu_div.vhd sub00/vhpl31 1431322559
EN fpu NULL C:/Xilinx/13.4/ISE_DS/EDK/hw/XilinxProcessorIPLib/pcores/microblaze_v8_20_b/hdl/vhdl/fpu.vhd sub00/vhpl96 1431322624
AR dcache imp C:/Xilinx/13.4/ISE_DS/EDK/hw/XilinxProcessorIPLib/pcores/microblaze_v8_20_b/hdl/vhdl/dcache.vhd sub01/vhpl173 1431322701
EN carry_and NULL C:/Xilinx/13.4/ISE_DS/EDK/hw/XilinxProcessorIPLib/pcores/microblaze_v8_20_b/hdl/vhdl/carry_and.vhd sub00/vhpl03 1431322531
AR mmu_tlb imp C:/Xilinx/13.4/ISE_DS/EDK/hw/XilinxProcessorIPLib/pcores/microblaze_v8_20_b/hdl/vhdl/mmu_tlb.vhd sub00/vhpl67 1431322595
AR parity_recursive_lut6 imp C:/Xilinx/13.4/ISE_DS/EDK/hw/XilinxProcessorIPLib/pcores/microblaze_v8_20_b/hdl/vhdl/parity.vhd sub00/vhpl19 1431322547
EN register_file_bit NULL C:/Xilinx/13.4/ISE_DS/EDK/hw/XilinxProcessorIPLib/pcores/microblaze_v8_20_b/hdl/vhdl/register_file_bit.vhd sub00/vhpl62 1431322590
EN mmu_utlb_ram NULL C:/Xilinx/13.4/ISE_DS/EDK/hw/XilinxProcessorIPLib/pcores/microblaze_v8_20_b/hdl/vhdl/mmu_utlb_ram.vhd sub00/vhpl16 1431322544
AR decode_gti imp C:/Xilinx/13.4/ISE_DS/EDK/hw/XilinxProcessorIPLib/pcores/microblaze_v8_20_b/hdl/vhdl/decode_gti.vhd sub01/vhpl179 1431322707
EN msr_reg_bit NULL C:/Xilinx/13.4/ISE_DS/EDK/hw/XilinxProcessorIPLib/pcores/microblaze_v8_20_b/hdl/vhdl/msr_reg_bit.vhd sub00/vhpl54 1431322582
AR parity imp C:/Xilinx/13.4/ISE_DS/EDK/hw/XilinxProcessorIPLib/pcores/microblaze_v8_20_b/hdl/vhdl/parity.vhd sub00/vhpl21 1431322549
AR address_hit imp C:/Xilinx/13.4/ISE_DS/EDK/hw/XilinxProcessorIPLib/pcores/microblaze_v8_20_b/hdl/vhdl/address_hit.vhd sub01/vhpl119 1431322647
EN operand_select_bit NULL C:/Xilinx/13.4/ISE_DS/EDK/hw/XilinxProcessorIPLib/pcores/microblaze_v8_20_b/hdl/vhdl/operand_select_bit.vhd sub00/vhpl60 1431322588
EN shift_logic_module NULL C:/Xilinx/13.4/ISE_DS/EDK/hw/XilinxProcessorIPLib/pcores/microblaze_v8_20_b/hdl/vhdl/shift_logic.vhd sub01/vhpl130 1431322658
EN data_flow_logic NULL C:/Xilinx/13.4/ISE_DS/EDK/hw/XilinxProcessorIPLib/pcores/microblaze_v8_20_b/hdl/vhdl/data_flow_logic_gti.vhd sub00/vhpl88 1431322616
EN zero_detect NULL C:/Xilinx/13.4/ISE_DS/EDK/hw/XilinxProcessorIPLib/pcores/microblaze_v8_20_b/hdl/vhdl/zero_detect.vhd sub01/vhpl138 1431322666
AR address_data_hit imp C:/Xilinx/13.4/ISE_DS/EDK/hw/XilinxProcessorIPLib/pcores/microblaze_v8_20_b/hdl/vhdl/address_data_hit.vhd sub01/vhpl121 1431322649
EN fpu_div NULL C:/Xilinx/13.4/ISE_DS/EDK/hw/XilinxProcessorIPLib/pcores/microblaze_v8_20_b/hdl/vhdl/fpu_div.vhd sub00/vhpl30 1431322558
EN shift_logic_module_gti NULL C:/Xilinx/13.4/ISE_DS/EDK/hw/XilinxProcessorIPLib/pcores/microblaze_v8_20_b/hdl/vhdl/shift_logic_gti.vhd sub00/vhpl76 1431322604
PH microblaze_types NULL C:/Xilinx/13.4/ISE_DS/EDK/hw/XilinxProcessorIPLib/pcores/microblaze_v8_20_b/hdl/vhdl/microblaze_types_pkg.vhd sub00/vhpl00 1431322528
EN decode_gti NULL C:/Xilinx/13.4/ISE_DS/EDK/hw/XilinxProcessorIPLib/pcores/microblaze_v8_20_b/hdl/vhdl/decode_gti.vhd sub01/vhpl178 1431322706
EN cache_interface NULL C:/Xilinx/13.4/ISE_DS/EDK/hw/XilinxProcessorIPLib/pcores/microblaze_v8_20_b/hdl/vhdl/cache_interface.vhd sub00/vhpl68 1431322596
AR iaxi_interface imp C:/Xilinx/13.4/ISE_DS/EDK/hw/XilinxProcessorIPLib/pcores/microblaze_v8_20_b/hdl/vhdl/iaxi_interface.vhd sub01/vhpl165 1431322693
AR interrupt_mode_converter imp C:/Xilinx/13.4/ISE_DS/EDK/hw/XilinxProcessorIPLib/pcores/microblaze_v8_20_b/hdl/vhdl/interrupt_mode_converter.vhd sub01/vhpl151 1431322679
EN dcache_wb NULL C:/Xilinx/13.4/ISE_DS/EDK/hw/XilinxProcessorIPLib/pcores/microblaze_v8_20_b/hdl/vhdl/dcache_wb.vhd sub01/vhpl170 1431322698
EN stack_protection NULL C:/Xilinx/13.4/ISE_DS/EDK/hw/XilinxProcessorIPLib/pcores/microblaze_v8_20_b/hdl/vhdl/stack_protection.vhd sub01/vhpl100 1431322628
AR data_read_steering imp C:/Xilinx/13.4/ISE_DS/EDK/hw/XilinxProcessorIPLib/pcores/microblaze_v8_20_b/hdl/vhdl/data_read_steering.vhd sub01/vhpl123 1431322651
AR vec_mux imp C:/Xilinx/13.4/ISE_DS/EDK/hw/XilinxProcessorIPLib/pcores/microblaze_v8_20_b/hdl/vhdl/vec_mux.vhd sub01/vhpl111 1431322639
AR daxi_interface imp C:/Xilinx/13.4/ISE_DS/EDK/hw/XilinxProcessorIPLib/pcores/microblaze_v8_20_b/hdl/vhdl/daxi_interface.vhd sub01/vhpl161 1431322689
AR instr_mux imp C:/Xilinx/13.4/ISE_DS/EDK/hw/XilinxProcessorIPLib/pcores/microblaze_v8_20_b/hdl/vhdl/instr_mux.vhd sub01/vhpl177 1431322705
AR mb_srl16e imp C:/Xilinx/13.4/ISE_DS/EDK/hw/XilinxProcessorIPLib/pcores/microblaze_v8_20_b/hdl/vhdl/microblaze_primitives.vhd sub00/vhpl10 1431322538
AR cache_valid_bit_detect imp C:/Xilinx/13.4/ISE_DS/EDK/hw/XilinxProcessorIPLib/pcores/microblaze_v8_20_b/hdl/vhdl/cache_valid_bit_detect.vhd sub00/vhpl51 1431322579
EN fpu_sqrt NULL C:/Xilinx/13.4/ISE_DS/EDK/hw/XilinxProcessorIPLib/pcores/microblaze_v8_20_b/hdl/vhdl/fpu_sqrt.vhd sub00/vhpl32 1431322560
EN mmu_tlb NULL C:/Xilinx/13.4/ISE_DS/EDK/hw/XilinxProcessorIPLib/pcores/microblaze_v8_20_b/hdl/vhdl/mmu_tlb.vhd sub00/vhpl66 1431322594
AR lru_module lru_module C:/Xilinx/13.4/ISE_DS/EDK/hw/XilinxProcessorIPLib/pcores/microblaze_v8_20_b/hdl/vhdl/victim_cache.vhd sub01/vhpl113 1431322641
EN dplb_interface NULL C:/Xilinx/13.4/ISE_DS/EDK/hw/XilinxProcessorIPLib/pcores/microblaze_v8_20_b/hdl/vhdl/dplb_interface.vhd sub01/vhpl158 1431322686
AR cachehit_detect imp C:/Xilinx/13.4/ISE_DS/EDK/hw/XilinxProcessorIPLib/pcores/microblaze_v8_20_b/hdl/vhdl/cachehit_detect.vhd sub01/vhpl109 1431322637
AR microblaze_core imp C:/Xilinx/13.4/ISE_DS/EDK/hw/XilinxProcessorIPLib/pcores/microblaze_v8_20_b/hdl/vhdl/microblaze_core.vhd sub01/vhpl189 1431322717
AR msr_reg_gti msr_reg C:/Xilinx/13.4/ISE_DS/EDK/hw/XilinxProcessorIPLib/pcores/microblaze_v8_20_b/hdl/vhdl/msr_reg_gti.vhd sub00/vhpl91 1431322619
AR fpu imp C:/Xilinx/13.4/ISE_DS/EDK/hw/XilinxProcessorIPLib/pcores/microblaze_v8_20_b/hdl/vhdl/fpu.vhd sub00/vhpl97 1431322625
EN data_flow NULL C:/Xilinx/13.4/ISE_DS/EDK/hw/XilinxProcessorIPLib/pcores/microblaze_v8_20_b/hdl/vhdl/data_flow.vhd sub01/vhpl154 1431322682
EN dcache_gti NULL C:/Xilinx/13.4/ISE_DS/EDK/hw/XilinxProcessorIPLib/pcores/microblaze_v8_20_b/hdl/vhdl/dcache_gti.vhd sub01/vhpl184 1431322712
EN srl_fifo NULL C:/Xilinx/13.4/ISE_DS/EDK/hw/XilinxProcessorIPLib/pcores/microblaze_v8_20_b/hdl/vhdl/gen_srlfifo.vhd sub01/vhpl192 1431322720
EN barrel_shift NULL C:/Xilinx/13.4/ISE_DS/EDK/hw/XilinxProcessorIPLib/pcores/microblaze_v8_20_b/hdl/vhdl/barrel_shifter.vhd sub01/vhpl132 1431322660
EN vec_mux NULL C:/Xilinx/13.4/ISE_DS/EDK/hw/XilinxProcessorIPLib/pcores/microblaze_v8_20_b/hdl/vhdl/vec_mux.vhd sub01/vhpl110 1431322638
AR iplb_interface imp C:/Xilinx/13.4/ISE_DS/EDK/hw/XilinxProcessorIPLib/pcores/microblaze_v8_20_b/hdl/vhdl/iplb_interface.vhd sub01/vhpl163 1431322691
AR prefetch_buffer imp C:/Xilinx/13.4/ISE_DS/EDK/hw/XilinxProcessorIPLib/pcores/microblaze_v8_20_b/hdl/vhdl/prefetch_buffer.vhd sub01/vhpl145 1431322673
EN shift_logic_bit NULL C:/Xilinx/13.4/ISE_DS/EDK/hw/XilinxProcessorIPLib/pcores/microblaze_v8_20_b/hdl/vhdl/shift_logic_bit.vhd sub00/vhpl58 1431322586
EN carry_compare_mask NULL C:/Xilinx/13.4/ISE_DS/EDK/hw/XilinxProcessorIPLib/pcores/microblaze_v8_20_b/hdl/vhdl/carry_compare_mask.vhd sub00/vhpl12 1431322540
AR ram_module imp C:/Xilinx/13.4/ISE_DS/EDK/hw/XilinxProcessorIPLib/pcores/microblaze_v8_20_b/hdl/vhdl/ram_module.vhd sub00/vhpl45 1431322573
AR alu imp C:/Xilinx/13.4/ISE_DS/EDK/hw/XilinxProcessorIPLib/pcores/microblaze_v8_20_b/hdl/vhdl/alu.vhd sub00/vhpl75 1431322603
EN mmu_utlb NULL C:/Xilinx/13.4/ISE_DS/EDK/hw/XilinxProcessorIPLib/pcores/microblaze_v8_20_b/hdl/vhdl/mmu_utlb.vhd sub00/vhpl64 1431322592
AR barrel_shifter_gti imp C:/Xilinx/13.4/ISE_DS/EDK/hw/XilinxProcessorIPLib/pcores/microblaze_v8_20_b/hdl/vhdl/barrel_shifter_gti.vhd sub00/vhpl81 1431322609
AR prefetch_buffer_gti imp C:/Xilinx/13.4/ISE_DS/EDK/hw/XilinxProcessorIPLib/pcores/microblaze_v8_20_b/hdl/vhdl/prefetch_buffer_gti.vhd sub01/vhpl105 1431322633
AR dplb_interface imp C:/Xilinx/13.4/ISE_DS/EDK/hw/XilinxProcessorIPLib/pcores/microblaze_v8_20_b/hdl/vhdl/dplb_interface.vhd sub01/vhpl159 1431322687
EN carry_equal NULL C:/Xilinx/13.4/ISE_DS/EDK/hw/XilinxProcessorIPLib/pcores/microblaze_v8_20_b/hdl/vhdl/carry_equal.vhd sub00/vhpl40 1431322568
EN dcache NULL C:/Xilinx/13.4/ISE_DS/EDK/hw/XilinxProcessorIPLib/pcores/microblaze_v8_20_b/hdl/vhdl/dcache.vhd sub01/vhpl172 1431322700
AR victim_cache imp C:/Xilinx/13.4/ISE_DS/EDK/hw/XilinxProcessorIPLib/pcores/microblaze_v8_20_b/hdl/vhdl/victim_cache.vhd sub01/vhpl115 1431322643
AR pvr imp C:/Xilinx/13.4/ISE_DS/EDK/hw/XilinxProcessorIPLib/pcores/microblaze_v8_20_b/hdl/vhdl/pvr.vhd sub00/vhpl99 1431322627
EN ram_module NULL C:/Xilinx/13.4/ISE_DS/EDK/hw/XilinxProcessorIPLib/pcores/microblaze_v8_20_b/hdl/vhdl/ram_module.vhd sub00/vhpl44 1431322572
AR cache_interface imp C:/Xilinx/13.4/ISE_DS/EDK/hw/XilinxProcessorIPLib/pcores/microblaze_v8_20_b/hdl/vhdl/cache_interface.vhd sub00/vhpl69 1431322597
AR mux_bus imp C:/Xilinx/13.4/ISE_DS/EDK/hw/XilinxProcessorIPLib/pcores/microblaze_v8_20_b/hdl/vhdl/mux_bus.vhd sub00/vhpl23 1431322551
EN mux_bus NULL C:/Xilinx/13.4/ISE_DS/EDK/hw/XilinxProcessorIPLib/pcores/microblaze_v8_20_b/hdl/vhdl/mux_bus.vhd sub00/vhpl22 1431322550
AR register_file_bit imp C:/Xilinx/13.4/ISE_DS/EDK/hw/XilinxProcessorIPLib/pcores/microblaze_v8_20_b/hdl/vhdl/register_file_bit.vhd sub00/vhpl63 1431322591
AR mmu imp C:/Xilinx/13.4/ISE_DS/EDK/hw/XilinxProcessorIPLib/pcores/microblaze_v8_20_b/hdl/vhdl/mmu.vhd sub01/vhpl187 1431322715
AR register_file imp C:/Xilinx/13.4/ISE_DS/EDK/hw/XilinxProcessorIPLib/pcores/microblaze_v8_20_b/hdl/vhdl/register_file.vhd sub01/vhpl127 1431322655
AR msr_reg imp C:/Xilinx/13.4/ISE_DS/EDK/hw/XilinxProcessorIPLib/pcores/microblaze_v8_20_b/hdl/vhdl/msr_reg.vhd sub01/vhpl141 1431322669
AR comparator imp C:/Xilinx/13.4/ISE_DS/EDK/hw/XilinxProcessorIPLib/pcores/microblaze_v8_20_b/hdl/vhdl/comparator.vhd sub00/vhpl47 1431322575
AR data_flow_gti imp C:/Xilinx/13.4/ISE_DS/EDK/hw/XilinxProcessorIPLib/pcores/microblaze_v8_20_b/hdl/vhdl/data_flow_gti.vhd sub01/vhpl181 1431322709
AR operand_select imp C:/Xilinx/13.4/ISE_DS/EDK/hw/XilinxProcessorIPLib/pcores/microblaze_v8_20_b/hdl/vhdl/operand_select.vhd sub01/vhpl129 1431322657
AR operand_select_bit imp C:/Xilinx/13.4/ISE_DS/EDK/hw/XilinxProcessorIPLib/pcores/microblaze_v8_20_b/hdl/vhdl/operand_select_bit.vhd sub00/vhpl61 1431322589
AR dcache_gti imp C:/Xilinx/13.4/ISE_DS/EDK/hw/XilinxProcessorIPLib/pcores/microblaze_v8_20_b/hdl/vhdl/dcache_gti.vhd sub01/vhpl185 1431322713
EN carry_or NULL C:/Xilinx/13.4/ISE_DS/EDK/hw/XilinxProcessorIPLib/pcores/microblaze_v8_20_b/hdl/vhdl/carry_or.vhd sub00/vhpl48 1431322576
AR debug imp C:/Xilinx/13.4/ISE_DS/EDK/hw/XilinxProcessorIPLib/pcores/microblaze_v8_20_b/hdl/vhdl/debug.vhd sub01/vhpl167 1431322695
EN result_mux_bit NULL C:/Xilinx/13.4/ISE_DS/EDK/hw/XilinxProcessorIPLib/pcores/microblaze_v8_20_b/hdl/vhdl/result_mux_bit.vhd sub00/vhpl56 1431322584
EN victim_cache NULL C:/Xilinx/13.4/ISE_DS/EDK/hw/XilinxProcessorIPLib/pcores/microblaze_v8_20_b/hdl/vhdl/victim_cache.vhd sub01/vhpl114 1431322642
EN msr_reg NULL C:/Xilinx/13.4/ISE_DS/EDK/hw/XilinxProcessorIPLib/pcores/microblaze_v8_20_b/hdl/vhdl/msr_reg.vhd sub01/vhpl140 1431322668
AR byte_doublet_handle_gti imp C:/Xilinx/13.4/ISE_DS/EDK/hw/XilinxProcessorIPLib/pcores/microblaze_v8_20_b/hdl/vhdl/byte_doublet_handle_gti.vhd sub00/vhpl87 1431322615
EN daxi_interface NULL C:/Xilinx/13.4/ISE_DS/EDK/hw/XilinxProcessorIPLib/pcores/microblaze_v8_20_b/hdl/vhdl/daxi_interface.vhd sub01/vhpl160 1431322688
AR mmu_utlb imp C:/Xilinx/13.4/ISE_DS/EDK/hw/XilinxProcessorIPLib/pcores/microblaze_v8_20_b/hdl/vhdl/mmu_utlb.vhd sub00/vhpl65 1431322593
AR streaming_axi imp C:/Xilinx/13.4/ISE_DS/EDK/hw/XilinxProcessorIPLib/pcores/microblaze_v8_20_b/hdl/vhdl/streaming_axi.vhd sub01/vhpl149 1431322677
AR find_first_bit imp C:/Xilinx/13.4/ISE_DS/EDK/hw/XilinxProcessorIPLib/pcores/microblaze_v8_20_b/hdl/vhdl/find_first_bit.vhd sub00/vhpl08 1431322536
EN streaming_axi NULL C:/Xilinx/13.4/ISE_DS/EDK/hw/XilinxProcessorIPLib/pcores/microblaze_v8_20_b/hdl/vhdl/streaming_axi.vhd sub01/vhpl148 1431322676
AR byte_doublet_handle imp C:/Xilinx/13.4/ISE_DS/EDK/hw/XilinxProcessorIPLib/pcores/microblaze_v8_20_b/hdl/vhdl/byte_doublet_handle.vhd sub01/vhpl157 1431322685
AR microblaze imp C:/Xilinx/13.4/ISE_DS/EDK/hw/XilinxProcessorIPLib/pcores/microblaze_v8_20_b/hdl/vhdl/microblaze.vhd sub01/vhpl195 1431322723
AR carry_compare imp C:/Xilinx/13.4/ISE_DS/EDK/hw/XilinxProcessorIPLib/pcores/microblaze_v8_20_b/hdl/vhdl/carry_compare.vhd sub00/vhpl15 1431322543
AR fpu_addsub imp C:/Xilinx/13.4/ISE_DS/EDK/hw/XilinxProcessorIPLib/pcores/microblaze_v8_20_b/hdl/vhdl/fpu_addsub.vhd sub00/vhpl27 1431322555
EN wb_mux_bit NULL C:/Xilinx/13.4/ISE_DS/EDK/hw/XilinxProcessorIPLib/pcores/microblaze_v8_20_b/hdl/vhdl/wb_mux_bit_gti.vhd sub00/vhpl36 1431322564
EN prefetch_buffer_gti NULL C:/Xilinx/13.4/ISE_DS/EDK/hw/XilinxProcessorIPLib/pcores/microblaze_v8_20_b/hdl/vhdl/prefetch_buffer_gti.vhd sub01/vhpl104 1431322632
EN barrel_shifter_gti NULL C:/Xilinx/13.4/ISE_DS/EDK/hw/XilinxProcessorIPLib/pcores/microblaze_v8_20_b/hdl/vhdl/barrel_shifter_gti.vhd sub00/vhpl80 1431322608
AR carry_and imp C:/Xilinx/13.4/ISE_DS/EDK/hw/XilinxProcessorIPLib/pcores/microblaze_v8_20_b/hdl/vhdl/carry_and.vhd sub00/vhpl04 1431322532
EN icache NULL C:/Xilinx/13.4/ISE_DS/EDK/hw/XilinxProcessorIPLib/pcores/microblaze_v8_20_b/hdl/vhdl/icache.vhd sub01/vhpl168 1431322696
AR fpu_sqrt imp C:/Xilinx/13.4/ISE_DS/EDK/hw/XilinxProcessorIPLib/pcores/microblaze_v8_20_b/hdl/vhdl/fpu_sqrt.vhd sub00/vhpl33 1431322561
EN mmu NULL C:/Xilinx/13.4/ISE_DS/EDK/hw/XilinxProcessorIPLib/pcores/microblaze_v8_20_b/hdl/vhdl/mmu.vhd sub01/vhpl186 1431322714
AR stream_cache imp C:/Xilinx/13.4/ISE_DS/EDK/hw/XilinxProcessorIPLib/pcores/microblaze_v8_20_b/hdl/vhdl/stream_cache.vhd sub01/vhpl117 1431322645
EN data_read_steering NULL C:/Xilinx/13.4/ISE_DS/EDK/hw/XilinxProcessorIPLib/pcores/microblaze_v8_20_b/hdl/vhdl/data_read_steering.vhd sub01/vhpl122 1431322650
AR icache imp C:/Xilinx/13.4/ISE_DS/EDK/hw/XilinxProcessorIPLib/pcores/microblaze_v8_20_b/hdl/vhdl/icache.vhd sub01/vhpl169 1431322697
EN pc_module NULL C:/Xilinx/13.4/ISE_DS/EDK/hw/XilinxProcessorIPLib/pcores/microblaze_v8_20_b/hdl/vhdl/pc_module.vhd sub01/vhpl142 1431322670
AR count_leading_zeros imp C:/Xilinx/13.4/ISE_DS/EDK/hw/XilinxProcessorIPLib/pcores/microblaze_v8_20_b/hdl/vhdl/count_leading_zero.vhd sub00/vhpl39 1431322567
EN cachehit_detect NULL C:/Xilinx/13.4/ISE_DS/EDK/hw/XilinxProcessorIPLib/pcores/microblaze_v8_20_b/hdl/vhdl/cachehit_detect.vhd sub01/vhpl108 1431322636
EN register_file_gti NULL C:/Xilinx/13.4/ISE_DS/EDK/hw/XilinxProcessorIPLib/pcores/microblaze_v8_20_b/hdl/vhdl/register_file_gti.vhd sub00/vhpl70 1431322598
EN carry_compare NULL C:/Xilinx/13.4/ISE_DS/EDK/hw/XilinxProcessorIPLib/pcores/microblaze_v8_20_b/hdl/vhdl/carry_compare.vhd sub00/vhpl14 1431322542
EN msr_reg_gti NULL C:/Xilinx/13.4/ISE_DS/EDK/hw/XilinxProcessorIPLib/pcores/microblaze_v8_20_b/hdl/vhdl/msr_reg_gti.vhd sub00/vhpl90 1431322618
EN operand_select_gti NULL C:/Xilinx/13.4/ISE_DS/EDK/hw/XilinxProcessorIPLib/pcores/microblaze_v8_20_b/hdl/vhdl/operand_select_gti.vhd sub00/vhpl72 1431322600
EN parity NULL C:/Xilinx/13.4/ISE_DS/EDK/hw/XilinxProcessorIPLib/pcores/microblaze_v8_20_b/hdl/vhdl/parity.vhd sub00/vhpl20 1431322548
EN wb_mux NULL C:/Xilinx/13.4/ISE_DS/EDK/hw/XilinxProcessorIPLib/pcores/microblaze_v8_20_b/hdl/vhdl/wb_mux_gti.vhd sub00/vhpl82 1431322610
AR pc_module_gti imp C:/Xilinx/13.4/ISE_DS/EDK/hw/XilinxProcessorIPLib/pcores/microblaze_v8_20_b/hdl/vhdl/pc_module_gti.vhd sub01/vhpl103 1431322631
EN count_leading_zeros NULL C:/Xilinx/13.4/ISE_DS/EDK/hw/XilinxProcessorIPLib/pcores/microblaze_v8_20_b/hdl/vhdl/count_leading_zero.vhd sub00/vhpl38 1431322566
AR barrel_shift imp C:/Xilinx/13.4/ISE_DS/EDK/hw/XilinxProcessorIPLib/pcores/microblaze_v8_20_b/hdl/vhdl/barrel_shifter.vhd sub01/vhpl133 1431322661
AR div_unit_gti imp C:/Xilinx/13.4/ISE_DS/EDK/hw/XilinxProcessorIPLib/pcores/microblaze_v8_20_b/hdl/vhdl/div_unit_gti.vhd sub00/vhpl95 1431322623
EN dsp_module NULL C:/Xilinx/13.4/ISE_DS/EDK/hw/XilinxProcessorIPLib/pcores/microblaze_v8_20_b/hdl/vhdl/dsp_module.vhd sub00/vhpl05 1431322533
EN find_first_bit NULL C:/Xilinx/13.4/ISE_DS/EDK/hw/XilinxProcessorIPLib/pcores/microblaze_v8_20_b/hdl/vhdl/find_first_bit.vhd sub00/vhpl07 1431322535
AR pc_module imp C:/Xilinx/13.4/ISE_DS/EDK/hw/XilinxProcessorIPLib/pcores/microblaze_v8_20_b/hdl/vhdl/pc_module.vhd sub01/vhpl143 1431322671
EN stream_cache NULL C:/Xilinx/13.4/ISE_DS/EDK/hw/XilinxProcessorIPLib/pcores/microblaze_v8_20_b/hdl/vhdl/stream_cache.vhd sub01/vhpl116 1431322644
EN parity_recursive_lut6 NULL C:/Xilinx/13.4/ISE_DS/EDK/hw/XilinxProcessorIPLib/pcores/microblaze_v8_20_b/hdl/vhdl/parity.vhd sub00/vhpl18 1431322546
AR exception_registers imp C:/Xilinx/13.4/ISE_DS/EDK/hw/XilinxProcessorIPLib/pcores/microblaze_v8_20_b/hdl/vhdl/exception_registers.vhd sub01/vhpl175 1431322703
AR result_mux imp C:/Xilinx/13.4/ISE_DS/EDK/hw/XilinxProcessorIPLib/pcores/microblaze_v8_20_b/hdl/vhdl/result_mux.vhd sub01/vhpl137 1431322665
AR zero_detect imp C:/Xilinx/13.4/ISE_DS/EDK/hw/XilinxProcessorIPLib/pcores/microblaze_v8_20_b/hdl/vhdl/zero_detect.vhd sub01/vhpl139 1431322667
EN byte_doublet_handle_gti NULL C:/Xilinx/13.4/ISE_DS/EDK/hw/XilinxProcessorIPLib/pcores/microblaze_v8_20_b/hdl/vhdl/byte_doublet_handle_gti.vhd sub00/vhpl86 1431322614
AR mux4 imp C:/Xilinx/13.4/ISE_DS/EDK/hw/XilinxProcessorIPLib/pcores/microblaze_v8_20_b/hdl/vhdl/mux4.vhd sub01/vhpl191 1431322719
EN mux4_8 NULL C:/Xilinx/13.4/ISE_DS/EDK/hw/XilinxProcessorIPLib/pcores/microblaze_v8_20_b/hdl/vhdl/mux4_8.vhd sub01/vhpl124 1431322652
AR exception_registers_gti imp C:/Xilinx/13.4/ISE_DS/EDK/hw/XilinxProcessorIPLib/pcores/microblaze_v8_20_b/hdl/vhdl/exception_registers_gti.vhd sub00/vhpl93 1431322621
EN mb_srl16e NULL C:/Xilinx/13.4/ISE_DS/EDK/hw/XilinxProcessorIPLib/pcores/microblaze_v8_20_b/hdl/vhdl/microblaze_primitives.vhd sub00/vhpl09 1431322537
AR wb_mux_bit imp C:/Xilinx/13.4/ISE_DS/EDK/hw/XilinxProcessorIPLib/pcores/microblaze_v8_20_b/hdl/vhdl/wb_mux_bit_gti.vhd sub00/vhpl37 1431322565
AR read_data_mux imp C:/Xilinx/13.4/ISE_DS/EDK/hw/XilinxProcessorIPLib/pcores/microblaze_v8_20_b/hdl/vhdl/read_data_mux_gti.vhd sub01/vhpl183 1431322711
EN lru_module NULL C:/Xilinx/13.4/ISE_DS/EDK/hw/XilinxProcessorIPLib/pcores/microblaze_v8_20_b/hdl/vhdl/victim_cache.vhd sub01/vhpl112 1431322640
EN alu NULL C:/Xilinx/13.4/ISE_DS/EDK/hw/XilinxProcessorIPLib/pcores/microblaze_v8_20_b/hdl/vhdl/alu.vhd sub00/vhpl74 1431322602
AR result_mux_bit imp C:/Xilinx/13.4/ISE_DS/EDK/hw/XilinxProcessorIPLib/pcores/microblaze_v8_20_b/hdl/vhdl/result_mux_bit.vhd sub00/vhpl57 1431322585
AR wb_mux imp C:/Xilinx/13.4/ISE_DS/EDK/hw/XilinxProcessorIPLib/pcores/microblaze_v8_20_b/hdl/vhdl/wb_mux_gti.vhd sub00/vhpl83 1431322611
AR dcache_wb imp C:/Xilinx/13.4/ISE_DS/EDK/hw/XilinxProcessorIPLib/pcores/microblaze_v8_20_b/hdl/vhdl/dcache_wb.vhd sub01/vhpl171 1431322699
AR stack_protection imp C:/Xilinx/13.4/ISE_DS/EDK/hw/XilinxProcessorIPLib/pcores/microblaze_v8_20_b/hdl/vhdl/stack_protection.vhd sub01/vhpl101 1431322629
AR mul_unit imp C:/Xilinx/13.4/ISE_DS/EDK/hw/XilinxProcessorIPLib/pcores/microblaze_v8_20_b/hdl/vhdl/mul_unit.vhd sub00/vhpl79 1431322607
PH microblaze_isa NULL C:/Xilinx/13.4/ISE_DS/EDK/hw/XilinxProcessorIPLib/pcores/microblaze_v8_20_b/hdl/vhdl/microblaze_isa_be_pkg.vhd sub00/vhpl02 1431322530
EN result_mux NULL C:/Xilinx/13.4/ISE_DS/EDK/hw/XilinxProcessorIPLib/pcores/microblaze_v8_20_b/hdl/vhdl/result_mux.vhd sub01/vhpl136 1431322664
EN div_unit NULL C:/Xilinx/13.4/ISE_DS/EDK/hw/XilinxProcessorIPLib/pcores/microblaze_v8_20_b/hdl/vhdl/div_unit.vhd sub01/vhpl134 1431322662
AR data_flow imp C:/Xilinx/13.4/ISE_DS/EDK/hw/XilinxProcessorIPLib/pcores/microblaze_v8_20_b/hdl/vhdl/data_flow.vhd sub01/vhpl155 1431322683
EN byte_doublet_handle NULL C:/Xilinx/13.4/ISE_DS/EDK/hw/XilinxProcessorIPLib/pcores/microblaze_v8_20_b/hdl/vhdl/byte_doublet_handle.vhd sub01/vhpl156 1431322684
EN microblaze NULL C:/Xilinx/13.4/ISE_DS/EDK/hw/XilinxProcessorIPLib/pcores/microblaze_v8_20_b/hdl/vhdl/microblaze.vhd sub01/vhpl194 1431322722
EN iplb_interface NULL C:/Xilinx/13.4/ISE_DS/EDK/hw/XilinxProcessorIPLib/pcores/microblaze_v8_20_b/hdl/vhdl/iplb_interface.vhd sub01/vhpl162 1431322690
EN prefetch_buffer NULL C:/Xilinx/13.4/ISE_DS/EDK/hw/XilinxProcessorIPLib/pcores/microblaze_v8_20_b/hdl/vhdl/prefetch_buffer.vhd sub01/vhpl144 1431322672
