AR xps_uartlite imp C:/Xilinx/13.4/ISE_DS/EDK/hw/XilinxProcessorIPLib/pcores/xps_uartlite_v1_02_a/hdl/vhdl/xps_uartlite.vhd sub00/vhpl09 1431322673
AR uartlite_rx imp C:/Xilinx/13.4/ISE_DS/EDK/hw/XilinxProcessorIPLib/pcores/xps_uartlite_v1_02_a/hdl/vhdl/uartlite_rx.vhd sub00/vhpl03 1431322663
EN uartlite_core NULL C:/Xilinx/13.4/ISE_DS/EDK/hw/XilinxProcessorIPLib/pcores/xps_uartlite_v1_02_a/hdl/vhdl/uartlite_core.vhd sub00/vhpl06 1431322670
EN xps_uartlite NULL C:/Xilinx/13.4/ISE_DS/EDK/hw/XilinxProcessorIPLib/pcores/xps_uartlite_v1_02_a/hdl/vhdl/xps_uartlite.vhd sub00/vhpl08 1431322672
AR uartlite_tx imp C:/Xilinx/13.4/ISE_DS/EDK/hw/XilinxProcessorIPLib/pcores/xps_uartlite_v1_02_a/hdl/vhdl/uartlite_tx.vhd sub00/vhpl05 1431322665
AR uartlite_core imp C:/Xilinx/13.4/ISE_DS/EDK/hw/XilinxProcessorIPLib/pcores/xps_uartlite_v1_02_a/hdl/vhdl/uartlite_core.vhd sub00/vhpl07 1431322671
AR baudrate imp C:/Xilinx/13.4/ISE_DS/EDK/hw/XilinxProcessorIPLib/pcores/xps_uartlite_v1_02_a/hdl/vhdl/baudrate.vhd sub00/vhpl01 1431322661
EN uartlite_rx NULL C:/Xilinx/13.4/ISE_DS/EDK/hw/XilinxProcessorIPLib/pcores/xps_uartlite_v1_02_a/hdl/vhdl/uartlite_rx.vhd sub00/vhpl02 1431322662
EN uartlite_tx NULL C:/Xilinx/13.4/ISE_DS/EDK/hw/XilinxProcessorIPLib/pcores/xps_uartlite_v1_02_a/hdl/vhdl/uartlite_tx.vhd sub00/vhpl04 1431322664
EN baudrate NULL C:/Xilinx/13.4/ISE_DS/EDK/hw/XilinxProcessorIPLib/pcores/xps_uartlite_v1_02_a/hdl/vhdl/baudrate.vhd sub00/vhpl00 1431322660
