V3 5
FL $XILINX/hw/XilinxProcessorIPLib/pcores/interrupt_control_v2_01_a/hdl/vhdl/interrupt_control.vhd 2011/12/29.18:47:08 O.87xd
EN interrupt_control_v2_01_a/interrupt_control 1431322808 \
      FL $XILINX/hw/XilinxProcessorIPLib/pcores/interrupt_control_v2_01_a/hdl/vhdl/interrupt_control.vhd \
      PB ieee/std_logic_1164 1325952872 PB ieee/std_logic_misc 1325952874 \
      PB ieee/NUMERIC_STD 1325952877 LB proc_common_v3_00_a \
      PB proc_common_v3_00_a/proc_common_pkg 1431322599 \
      PB proc_common_v3_00_a/ipif_pkg 1431322647
AR interrupt_control_v2_01_a/interrupt_control/implementation 1431322809 \
      FL $XILINX/hw/XilinxProcessorIPLib/pcores/interrupt_control_v2_01_a/hdl/vhdl/interrupt_control.vhd \
      EN interrupt_control_v2_01_a/interrupt_control 1431322808 CP std_logic
