V3 269
FL $XILINX/hw/XilinxProcessorIPLib/pcores/mpmc_v6_05_a/hdl/vhdl/MemXLib_arch.vhd 2011/12/29.18:47:20 O.87xd
EN mpmc_v6_05_a/dp_ram 1431322677 \
      FL $XILINX/hw/XilinxProcessorIPLib/pcores/mpmc_v6_05_a/hdl/vhdl/MemXLib_arch.vhd \
      PB ieee/std_logic_1164 1325952872 PB ieee/STD_LOGIC_UNSIGNED 1325952875 \
      PB ieee/std_logic_arith 1325952873 PB mpmc_v6_05_a/memxlib_utils 1431322598
AR mpmc_v6_05_a/dp_ram/rtl 1431322678 \
      FL $XILINX/hw/XilinxProcessorIPLib/pcores/mpmc_v6_05_a/hdl/vhdl/MemXLib_arch.vhd \
      EN mpmc_v6_05_a/dp_ram 1431322677
EN mpmc_v6_05_a/sp_ram 1431322679 \
      FL $XILINX/hw/XilinxProcessorIPLib/pcores/mpmc_v6_05_a/hdl/vhdl/MemXLib_arch.vhd \
      PB ieee/std_logic_1164 1325952872 PB ieee/STD_LOGIC_UNSIGNED 1325952875 \
      PB mpmc_v6_05_a/memxlib_utils 1431322598
AR mpmc_v6_05_a/sp_ram/rtl 1431322680 \
      FL $XILINX/hw/XilinxProcessorIPLib/pcores/mpmc_v6_05_a/hdl/vhdl/MemXLib_arch.vhd \
      EN mpmc_v6_05_a/sp_ram 1431322679
EN mpmc_v6_05_a/synch_fifo 1431322681 \
      FL $XILINX/hw/XilinxProcessorIPLib/pcores/mpmc_v6_05_a/hdl/vhdl/MemXLib_arch.vhd \
      PB ieee/std_logic_1164 1325952872 PB ieee/STD_LOGIC_UNSIGNED 1325952875 \
      PB ieee/std_logic_arith 1325952873 PB mpmc_v6_05_a/memxlib_utils 1431322598
AR mpmc_v6_05_a/synch_fifo/rtl 1431322682 \
      FL $XILINX/hw/XilinxProcessorIPLib/pcores/mpmc_v6_05_a/hdl/vhdl/MemXLib_arch.vhd \
      EN mpmc_v6_05_a/synch_fifo 1431322681 AR mpmc_v6_05_a/dp_ram/rtl 1431322678
EN mpmc_v6_05_a/ObjFifo_cons_ctl 1431322683 \
      FL $XILINX/hw/XilinxProcessorIPLib/pcores/mpmc_v6_05_a/hdl/vhdl/MemXLib_arch.vhd \
      PB ieee/std_logic_1164 1325952872 PB ieee/std_logic_arith 1325952873 \
      PB ieee/STD_LOGIC_UNSIGNED 1325952875 PB mpmc_v6_05_a/memxlib_utils 1431322598
AR mpmc_v6_05_a/ObjFifo_cons_ctl/structure 1431322684 \
      FL $XILINX/hw/XilinxProcessorIPLib/pcores/mpmc_v6_05_a/hdl/vhdl/MemXLib_arch.vhd \
      EN mpmc_v6_05_a/ObjFifo_cons_ctl 1431322683
EN mpmc_v6_05_a/ObjFifo_prod_ctl 1431322685 \
      FL $XILINX/hw/XilinxProcessorIPLib/pcores/mpmc_v6_05_a/hdl/vhdl/MemXLib_arch.vhd \
      PB ieee/std_logic_1164 1325952872 PB ieee/std_logic_arith 1325952873 \
      PB ieee/STD_LOGIC_UNSIGNED 1325952875 PB mpmc_v6_05_a/memxlib_utils 1431322598
AR mpmc_v6_05_a/ObjFifo_prod_ctl/structure 1431322686 \
      FL $XILINX/hw/XilinxProcessorIPLib/pcores/mpmc_v6_05_a/hdl/vhdl/MemXLib_arch.vhd \
      EN mpmc_v6_05_a/ObjFifo_prod_ctl 1431322685
EN mpmc_v6_05_a/ObjFifo 1431322687 \
      FL $XILINX/hw/XilinxProcessorIPLib/pcores/mpmc_v6_05_a/hdl/vhdl/MemXLib_arch.vhd \
      PB ieee/std_logic_1164 1325952872 PB ieee/std_logic_arith 1325952873 \
      PB mpmc_v6_05_a/memxlib_utils 1431322598
AR mpmc_v6_05_a/ObjFifo/structure 1431322688 \
      FL $XILINX/hw/XilinxProcessorIPLib/pcores/mpmc_v6_05_a/hdl/vhdl/MemXLib_arch.vhd \
      EN mpmc_v6_05_a/ObjFifo 1431322687 AR mpmc_v6_05_a/dp_ram/rtl 1431322678 \
      AR mpmc_v6_05_a/ObjFifo_prod_ctl/structure 1431322686 \
      AR mpmc_v6_05_a/ObjFifo_cons_ctl/structure 1431322684
EN mpmc_v6_05_a/dp_ram_async 1431322689 \
      FL $XILINX/hw/XilinxProcessorIPLib/pcores/mpmc_v6_05_a/hdl/vhdl/MemXLib_arch.vhd \
      PB ieee/std_logic_1164 1325952872 PB ieee/STD_LOGIC_UNSIGNED 1325952875 \
      PB ieee/std_logic_arith 1325952873 PB mpmc_v6_05_a/memxlib_utils 1431322598
AR mpmc_v6_05_a/dp_ram_async/rtl 1431322690 \
      FL $XILINX/hw/XilinxProcessorIPLib/pcores/mpmc_v6_05_a/hdl/vhdl/MemXLib_arch.vhd \
      EN mpmc_v6_05_a/dp_ram_async 1431322689
EN mpmc_v6_05_a/ObjFifoAsync 1431322691 \
      FL $XILINX/hw/XilinxProcessorIPLib/pcores/mpmc_v6_05_a/hdl/vhdl/MemXLib_arch.vhd \
      PB ieee/std_logic_1164 1325952872 PB ieee/std_logic_arith 1325952873 \
      PB mpmc_v6_05_a/memxlib_utils 1431322598
AR mpmc_v6_05_a/ObjFifoAsync/structure 1431322692 \
      FL $XILINX/hw/XilinxProcessorIPLib/pcores/mpmc_v6_05_a/hdl/vhdl/MemXLib_arch.vhd \
      EN mpmc_v6_05_a/ObjFifoAsync 1431322691 AR mpmc_v6_05_a/dp_ram_async/rtl 1431322690 \
      AR mpmc_v6_05_a/ObjFifo_prod_ctl/structure 1431322686 \
      AR mpmc_v6_05_a/ObjFifo_cons_ctl/structure 1431322684
EN mpmc_v6_05_a/async_fifo 1431322693 \
      FL $XILINX/hw/XilinxProcessorIPLib/pcores/mpmc_v6_05_a/hdl/vhdl/MemXLib_arch.vhd \
      PB ieee/std_logic_1164 1325952872 PB ieee/STD_LOGIC_UNSIGNED 1325952875 \
      PB ieee/std_logic_arith 1325952873 PB mpmc_v6_05_a/memxlib_utils 1431322598
AR mpmc_v6_05_a/async_fifo/rtl 1431322694 \
      FL $XILINX/hw/XilinxProcessorIPLib/pcores/mpmc_v6_05_a/hdl/vhdl/MemXLib_arch.vhd \
      EN mpmc_v6_05_a/async_fifo 1431322693 AR mpmc_v6_05_a/dp_ram_async/rtl 1431322690
FL $XILINX/hw/XilinxProcessorIPLib/pcores/mpmc_v6_05_a/hdl/vhdl/MemXLib_utils.vhd 2011/12/29.18:47:20 O.87xd
PH mpmc_v6_05_a/memxlib_utils 1431322597 \
      FL $XILINX/hw/XilinxProcessorIPLib/pcores/mpmc_v6_05_a/hdl/vhdl/MemXLib_utils.vhd \
      PB ieee/std_logic_1164 1325952872 PB ieee/std_logic_arith 1325952873 \
      PB ieee/STD_LOGIC_SIGNED 1325952874
PB mpmc_v6_05_a/memxlib_utils 1431322598 \
      FL $XILINX/hw/XilinxProcessorIPLib/pcores/mpmc_v6_05_a/hdl/vhdl/MemXLib_utils.vhd \
      PH mpmc_v6_05_a/memxlib_utils 1431322597
FL $XILINX/hw/XilinxProcessorIPLib/pcores/mpmc_v6_05_a/hdl/vhdl/mpmc_ctrl_if.vhd 2011/12/29.18:47:20 O.87xd
EN mpmc_v6_05_a/mpmc_ctrl_if 1431322803 \
      FL $XILINX/hw/XilinxProcessorIPLib/pcores/mpmc_v6_05_a/hdl/vhdl/mpmc_ctrl_if.vhd \
      PB ieee/std_logic_1164 1325952872 PB ieee/std_logic_arith 1325952873 \
      PB ieee/STD_LOGIC_UNSIGNED 1325952875 LB proc_common_v3_00_a \
      LB plbv46_slave_single_v1_01_a PB proc_common_v3_00_a/proc_common_pkg 1431322559 \
      PB proc_common_v3_00_a/ipif_pkg 1431322676 \
      EN plbv46_slave_single_v1_01_a/plbv46_slave_single 1431322787
AR mpmc_v6_05_a/mpmc_ctrl_if/IMP 1431322804 \
      FL $XILINX/hw/XilinxProcessorIPLib/pcores/mpmc_v6_05_a/hdl/vhdl/mpmc_ctrl_if.vhd \
      EN mpmc_v6_05_a/mpmc_ctrl_if 1431322803 \
      CP plbv46_slave_single_v1_01_a/plbv46_slave_single CP mpmc_ctrl_logic
FL $XILINX/hw/XilinxProcessorIPLib/pcores/mpmc_v6_05_a/hdl/vhdl/ObjFifoAsyncDiffW.vhd 2011/12/29.18:47:20 O.87xd
EN mpmc_v6_05_a/ObjFifo_cons_ctl_async 1431322753 \
      FL $XILINX/hw/XilinxProcessorIPLib/pcores/mpmc_v6_05_a/hdl/vhdl/ObjFifoAsyncDiffW.vhd \
      PB ieee/std_logic_1164 1325952872 PB ieee/std_logic_arith 1325952873 \
      PB ieee/STD_LOGIC_UNSIGNED 1325952875 PB mpmc_v6_05_a/memxlib_utils 1431322598
AR mpmc_v6_05_a/ObjFifo_cons_ctl_async/structure 1431322754 \
      FL $XILINX/hw/XilinxProcessorIPLib/pcores/mpmc_v6_05_a/hdl/vhdl/ObjFifoAsyncDiffW.vhd \
      EN mpmc_v6_05_a/ObjFifo_cons_ctl_async 1431322753
EN mpmc_v6_05_a/ObjFifo_prod_ctl_async 1431322755 \
      FL $XILINX/hw/XilinxProcessorIPLib/pcores/mpmc_v6_05_a/hdl/vhdl/ObjFifoAsyncDiffW.vhd \
      PB ieee/std_logic_1164 1325952872 PB ieee/std_logic_arith 1325952873 \
      PB ieee/STD_LOGIC_UNSIGNED 1325952875 PB mpmc_v6_05_a/memxlib_utils 1431322598
AR mpmc_v6_05_a/ObjFifo_prod_ctl_async/structure 1431322756 \
      FL $XILINX/hw/XilinxProcessorIPLib/pcores/mpmc_v6_05_a/hdl/vhdl/ObjFifoAsyncDiffW.vhd \
      EN mpmc_v6_05_a/ObjFifo_prod_ctl_async 1431322755
EN mpmc_v6_05_a/ObjFifoAsyncDiffW 1431322757 \
      FL $XILINX/hw/XilinxProcessorIPLib/pcores/mpmc_v6_05_a/hdl/vhdl/ObjFifoAsyncDiffW.vhd \
      PB ieee/std_logic_1164 1325952872 PB ieee/std_logic_arith 1325952873 \
      PB ieee/STD_LOGIC_UNSIGNED 1325952875 PB mpmc_v6_05_a/memxlib_utils 1431322598
AR mpmc_v6_05_a/ObjFifoAsyncDiffW/rtl 1431322758 \
      FL $XILINX/hw/XilinxProcessorIPLib/pcores/mpmc_v6_05_a/hdl/vhdl/ObjFifoAsyncDiffW.vhd \
      EN mpmc_v6_05_a/ObjFifoAsyncDiffW 1431322757 \
      AR mpmc_v6_05_a/dp_ram_async_diffw/ramb 1431322706 \
      CP mpmc_v6_05_a/ObjFifo_prod_ctl_async \
      AR mpmc_v6_05_a/ObjFifo_cons_ctl_async/structure 1431322754
FL $XILINX/hw/XilinxProcessorIPLib/pcores/mpmc_v6_05_a/hdl/vhdl/plbv46_address_decoder.vhd 2011/12/29.18:47:20 O.87xd
EN mpmc_v6_05_a/plbv46_address_decoder 1431322769 \
      FL $XILINX/hw/XilinxProcessorIPLib/pcores/mpmc_v6_05_a/hdl/vhdl/plbv46_address_decoder.vhd \
      PB ieee/std_logic_1164 1325952872 PB ieee/NUMERIC_STD 1325952877 LB unisim \
      PH unisim/VCOMPONENTS 1325952880 LB mpmc_v6_05_a
AR mpmc_v6_05_a/plbv46_address_decoder/RTL 1431322770 \
      FL $XILINX/hw/XilinxProcessorIPLib/pcores/mpmc_v6_05_a/hdl/vhdl/plbv46_address_decoder.vhd \
      EN mpmc_v6_05_a/plbv46_address_decoder 1431322769 \
      CP mpmc_v6_05_a/plbv46_sample_cycle CP std_logic_vector CP std_logic \
      CP unsigned CP integer
FL $XILINX/hw/XilinxProcessorIPLib/pcores/mpmc_v6_05_a/hdl/vhdl/plbv46_address_decoder_dsplb.vhd 2011/12/29.18:47:20 O.87xd
EN mpmc_v6_05_a/plbv46_address_decoder_dsplb 1431322775 \
      FL $XILINX/hw/XilinxProcessorIPLib/pcores/mpmc_v6_05_a/hdl/vhdl/plbv46_address_decoder_dsplb.vhd \
      PB ieee/std_logic_1164 1325952872 PB ieee/NUMERIC_STD 1325952877 LB unisim \
      PH unisim/VCOMPONENTS 1325952880 LB mpmc_v6_05_a
AR mpmc_v6_05_a/plbv46_address_decoder_dsplb/RTL 1431322776 \
      FL $XILINX/hw/XilinxProcessorIPLib/pcores/mpmc_v6_05_a/hdl/vhdl/plbv46_address_decoder_dsplb.vhd \
      EN mpmc_v6_05_a/plbv46_address_decoder_dsplb 1431322775 \
      CP mpmc_v6_05_a/plbv46_sample_cycle CP std_logic_vector CP unsigned \
      CP integer
FL $XILINX/hw/XilinxProcessorIPLib/pcores/mpmc_v6_05_a/hdl/vhdl/plbv46_address_decoder_isplb.vhd 2011/12/29.18:47:20 O.87xd
EN mpmc_v6_05_a/plbv46_address_decoder_isplb 1431322779 \
      FL $XILINX/hw/XilinxProcessorIPLib/pcores/mpmc_v6_05_a/hdl/vhdl/plbv46_address_decoder_isplb.vhd \
      PB ieee/std_logic_1164 1325952872 PB ieee/NUMERIC_STD 1325952877 LB unisim \
      PH unisim/VCOMPONENTS 1325952880 LB mpmc_v6_05_a
AR mpmc_v6_05_a/plbv46_address_decoder_isplb/RTL 1431322780 \
      FL $XILINX/hw/XilinxProcessorIPLib/pcores/mpmc_v6_05_a/hdl/vhdl/plbv46_address_decoder_isplb.vhd \
      EN mpmc_v6_05_a/plbv46_address_decoder_isplb 1431322779 \
      CP mpmc_v6_05_a/plbv46_sample_cycle CP std_logic_vector CP unsigned \
      CP integer
FL $XILINX/hw/XilinxProcessorIPLib/pcores/mpmc_v6_05_a/hdl/vhdl/plbv46_address_decoder_single.vhd 2011/12/29.18:47:20 O.87xd
EN mpmc_v6_05_a/plbv46_address_decoder_single 1431322783 \
      FL $XILINX/hw/XilinxProcessorIPLib/pcores/mpmc_v6_05_a/hdl/vhdl/plbv46_address_decoder_single.vhd \
      PB ieee/std_logic_1164 1325952872 PB ieee/NUMERIC_STD 1325952877 LB unisim \
      PH unisim/VCOMPONENTS 1325952880 LB mpmc_v6_05_a
AR mpmc_v6_05_a/plbv46_address_decoder_single/RTL 1431322784 \
      FL $XILINX/hw/XilinxProcessorIPLib/pcores/mpmc_v6_05_a/hdl/vhdl/plbv46_address_decoder_single.vhd \
      EN mpmc_v6_05_a/plbv46_address_decoder_single 1431322783 \
      CP mpmc_v6_05_a/plbv46_sample_cycle CP std_logic_vector CP std_logic \
      CP unsigned
FL $XILINX/hw/XilinxProcessorIPLib/pcores/mpmc_v6_05_a/hdl/vhdl/plbv46_data_steer_mirror.vhd 2011/12/29.18:47:21 O.87xd
EN mpmc_v6_05_a/plbv46_data_steer_mirror 1431322707 \
      FL $XILINX/hw/XilinxProcessorIPLib/pcores/mpmc_v6_05_a/hdl/vhdl/plbv46_data_steer_mirror.vhd \
      PB ieee/std_logic_1164 1325952872 PB ieee/NUMERIC_STD 1325952877 LB unisim
AR mpmc_v6_05_a/plbv46_data_steer_mirror/implementation 1431322708 \
      FL $XILINX/hw/XilinxProcessorIPLib/pcores/mpmc_v6_05_a/hdl/vhdl/plbv46_data_steer_mirror.vhd \
      EN mpmc_v6_05_a/plbv46_data_steer_mirror 1431322707 CP std_logic_vector
FL $XILINX/hw/XilinxProcessorIPLib/pcores/mpmc_v6_05_a/hdl/vhdl/plbv46_pim.vhd 2011/12/29.18:47:21 O.87xd
EN mpmc_v6_05_a/plbv46_pim 1431322797 \
      FL $XILINX/hw/XilinxProcessorIPLib/pcores/mpmc_v6_05_a/hdl/vhdl/plbv46_pim.vhd \
      PB ieee/std_logic_1164 1325952872 PB ieee/std_logic_arith 1325952873 \
      LB unisim PH unisim/VCOMPONENTS 1325952880 LB mpmc_v6_05_a
AR mpmc_v6_05_a/plbv46_pim/rtl_pim 1431322798 \
      FL $XILINX/hw/XilinxProcessorIPLib/pcores/mpmc_v6_05_a/hdl/vhdl/plbv46_pim.vhd \
      EN mpmc_v6_05_a/plbv46_pim 1431322797 CP std_logic CP std_logic_vector \
      CP mpmc_v6_05_a/plbv46_address_decoder CP mpmc_v6_05_a/plbv46_write_module \
      CP mpmc_v6_05_a/plbv46_rd_support CP integer \
      CP mpmc_v6_05_a/plbv46_address_decoder_dsplb \
      CP mpmc_v6_05_a/plbv46_rd_support_dsplb \
      CP mpmc_v6_05_a/plbv46_address_decoder_isplb \
      CP mpmc_v6_05_a/plbv46_rd_support_isplb \
      CP mpmc_v6_05_a/plbv46_address_decoder_single \
      CP mpmc_v6_05_a/plbv46_rd_support_single
FL $XILINX/hw/XilinxProcessorIPLib/pcores/mpmc_v6_05_a/hdl/vhdl/plbv46_pim_wrapper.vhd 2011/12/29.18:47:21 O.87xd
EN mpmc_v6_05_a/plbv46_pim_wrapper 1431322809 \
      FL $XILINX/hw/XilinxProcessorIPLib/pcores/mpmc_v6_05_a/hdl/vhdl/plbv46_pim_wrapper.vhd \
      PB ieee/std_logic_1164 1325952872 PB ieee/std_logic_arith 1325952873 \
      LB unisim PH unisim/VCOMPONENTS 1325952880 LB mpmc_v6_05_a
AR mpmc_v6_05_a/plbv46_pim_wrapper/rtl_pim 1431322810 \
      FL $XILINX/hw/XilinxProcessorIPLib/pcores/mpmc_v6_05_a/hdl/vhdl/plbv46_pim_wrapper.vhd \
      EN mpmc_v6_05_a/plbv46_pim_wrapper 1431322809 CP mpmc_v6_05_a/plbv46_pim
FL $XILINX/hw/XilinxProcessorIPLib/pcores/mpmc_v6_05_a/hdl/vhdl/plbv46_rd_support.vhd 2011/12/29.18:47:21 O.87xd
EN mpmc_v6_05_a/plbv46_rd_support 1431322773 \
      FL $XILINX/hw/XilinxProcessorIPLib/pcores/mpmc_v6_05_a/hdl/vhdl/plbv46_rd_support.vhd \
      PB ieee/std_logic_1164 1325952872 PB ieee/NUMERIC_STD 1325952877 \
      PB ieee/STD_LOGIC_UNSIGNED 1325952875 PB ieee/std_logic_arith 1325952873 \
      LB proc_common_v3_00_a LB mpmc_v6_05_a LB unisim PH unisim/VCOMPONENTS 1325952880 \
      EN proc_common_v3_00_a/srl_fifo_f 1431322663 \
      EN mpmc_v6_05_a/plbv46_data_steer_mirror 1431322707
AR mpmc_v6_05_a/plbv46_rd_support/implementation 1431322774 \
      FL $XILINX/hw/XilinxProcessorIPLib/pcores/mpmc_v6_05_a/hdl/vhdl/plbv46_rd_support.vhd \
      EN mpmc_v6_05_a/plbv46_rd_support 1431322773 CP integer CP std_logic_vector \
      CP std_logic CP XFER_WIDTH_TYPE CP mpmc_v6_05_a/plbv46_data_steer_mirror \
      CP proc_common_v3_00_a/srl_fifo_f
FL $XILINX/hw/XilinxProcessorIPLib/pcores/mpmc_v6_05_a/hdl/vhdl/plbv46_rd_support_dsplb.vhd 2011/12/29.18:47:21 O.87xd
EN mpmc_v6_05_a/plbv46_rd_support_dsplb 1431322777 \
      FL $XILINX/hw/XilinxProcessorIPLib/pcores/mpmc_v6_05_a/hdl/vhdl/plbv46_rd_support_dsplb.vhd \
      PB ieee/std_logic_1164 1325952872 PB ieee/NUMERIC_STD 1325952877 \
      PB ieee/STD_LOGIC_UNSIGNED 1325952875 PB ieee/std_logic_arith 1325952873 \
      LB proc_common_v3_00_a LB mpmc_v6_05_a LB unisim PH unisim/VCOMPONENTS 1325952880 \
      EN proc_common_v3_00_a/srl_fifo_f 1431322663 \
      EN mpmc_v6_05_a/plbv46_data_steer_mirror 1431322707
AR mpmc_v6_05_a/plbv46_rd_support_dsplb/implementation 1431322778 \
      FL $XILINX/hw/XilinxProcessorIPLib/pcores/mpmc_v6_05_a/hdl/vhdl/plbv46_rd_support_dsplb.vhd \
      EN mpmc_v6_05_a/plbv46_rd_support_dsplb 1431322777 CP std_logic \
      CP XFER_WIDTH_TYPE CP mpmc_v6_05_a/plbv46_data_steer_mirror \
      CP proc_common_v3_00_a/srl_fifo_f
FL $XILINX/hw/XilinxProcessorIPLib/pcores/mpmc_v6_05_a/hdl/vhdl/plbv46_rd_support_isplb.vhd 2011/12/29.18:47:21 O.87xd
EN mpmc_v6_05_a/plbv46_rd_support_isplb 1431322781 \
      FL $XILINX/hw/XilinxProcessorIPLib/pcores/mpmc_v6_05_a/hdl/vhdl/plbv46_rd_support_isplb.vhd \
      PB ieee/std_logic_1164 1325952872 PB ieee/NUMERIC_STD 1325952877 \
      PB ieee/STD_LOGIC_UNSIGNED 1325952875 PB ieee/std_logic_arith 1325952873 \
      LB proc_common_v3_00_a LB mpmc_v6_05_a LB unisim PH unisim/VCOMPONENTS 1325952880 \
      EN proc_common_v3_00_a/srl_fifo_f 1431322663 \
      EN mpmc_v6_05_a/plbv46_data_steer_mirror 1431322707
AR mpmc_v6_05_a/plbv46_rd_support_isplb/implementation 1431322782 \
      FL $XILINX/hw/XilinxProcessorIPLib/pcores/mpmc_v6_05_a/hdl/vhdl/plbv46_rd_support_isplb.vhd \
      EN mpmc_v6_05_a/plbv46_rd_support_isplb 1431322781 CP std_logic \
      CP XFER_WIDTH_TYPE CP mpmc_v6_05_a/plbv46_data_steer_mirror \
      CP proc_common_v3_00_a/srl_fifo_f
FL $XILINX/hw/XilinxProcessorIPLib/pcores/mpmc_v6_05_a/hdl/vhdl/plbv46_rd_support_single.vhd 2011/12/29.18:47:21 O.87xd
EN mpmc_v6_05_a/plbv46_rd_support_single 1431322785 \
      FL $XILINX/hw/XilinxProcessorIPLib/pcores/mpmc_v6_05_a/hdl/vhdl/plbv46_rd_support_single.vhd \
      PB ieee/std_logic_1164 1325952872 PB ieee/NUMERIC_STD 1325952877 \
      PB ieee/STD_LOGIC_UNSIGNED 1325952875 PB ieee/std_logic_arith 1325952873 \
      LB mpmc_v6_05_a LB unisim PH unisim/VCOMPONENTS 1325952880 \
      EN mpmc_v6_05_a/plbv46_data_steer_mirror 1431322707
AR mpmc_v6_05_a/plbv46_rd_support_single/implementation 1431322786 \
      FL $XILINX/hw/XilinxProcessorIPLib/pcores/mpmc_v6_05_a/hdl/vhdl/plbv46_rd_support_single.vhd \
      EN mpmc_v6_05_a/plbv46_rd_support_single 1431322785 CP std_logic_vector \
      CP std_logic CP integer CP XFER_WIDTH_TYPE \
      CP mpmc_v6_05_a/plbv46_data_steer_mirror
FL $XILINX/hw/XilinxProcessorIPLib/pcores/mpmc_v6_05_a/hdl/vhdl/plbv46_sample_cycle.vhd 2011/12/29.18:47:21 O.87xd
EN mpmc_v6_05_a/plbv46_sample_cycle 1431322709 \
      FL $XILINX/hw/XilinxProcessorIPLib/pcores/mpmc_v6_05_a/hdl/vhdl/plbv46_sample_cycle.vhd \
      PB ieee/std_logic_1164 1325952872 PB ieee/NUMERIC_STD 1325952877 \
      PB ieee/std_logic_misc 1325952874 LB unisim PH unisim/VCOMPONENTS 1325952880
AR mpmc_v6_05_a/plbv46_sample_cycle/implementation 1431322710 \
      FL $XILINX/hw/XilinxProcessorIPLib/pcores/mpmc_v6_05_a/hdl/vhdl/plbv46_sample_cycle.vhd \
      EN mpmc_v6_05_a/plbv46_sample_cycle 1431322709
FL $XILINX/hw/XilinxProcessorIPLib/pcores/mpmc_v6_05_a/hdl/vhdl/plbv46_write_module.vhd 2011/12/29.18:47:21 O.87xd
EN mpmc_v6_05_a/plbv46_write_module 1431322771 \
      FL $XILINX/hw/XilinxProcessorIPLib/pcores/mpmc_v6_05_a/hdl/vhdl/plbv46_write_module.vhd \
      PB ieee/std_logic_1164 1325952872 PB ieee/NUMERIC_STD 1325952877 \
      PB ieee/std_logic_misc 1325952874 LB proc_common_v3_00_a LB unisim \
      PH unisim/VCOMPONENTS 1325952880 PB proc_common_v3_00_a/proc_common_pkg 1431322559
AR mpmc_v6_05_a/plbv46_write_module/implementation 1431322772 \
      FL $XILINX/hw/XilinxProcessorIPLib/pcores/mpmc_v6_05_a/hdl/vhdl/plbv46_write_module.vhd \
      EN mpmc_v6_05_a/plbv46_write_module 1431322771 CP WRITE_STATE_TYPE \
      CP std_logic CP integer CP std_logic_vector
FL $XILINX/hw/XilinxProcessorIPLib/pcores/mpmc_v6_05_a/hdl/vhdl/PrimXLib_arch.vhd 2011/12/29.18:47:21 O.87xd
EN mpmc_v6_05_a/dp_ram_async_diffw 1431322705 \
      FL $XILINX/hw/XilinxProcessorIPLib/pcores/mpmc_v6_05_a/hdl/vhdl/PrimXLib_arch.vhd \
      PB ieee/std_logic_1164 1325952872 PB ieee/STD_LOGIC_UNSIGNED 1325952875 \
      PB ieee/std_logic_arith 1325952873 LB unisim PH unisim/VCOMPONENTS 1325952880 \
      PB mpmc_v6_05_a/memxlib_utils 1431322598
AR mpmc_v6_05_a/dp_ram_async_diffw/ramb 1431322706 \
      FL $XILINX/hw/XilinxProcessorIPLib/pcores/mpmc_v6_05_a/hdl/vhdl/PrimXLib_arch.vhd \
      EN mpmc_v6_05_a/dp_ram_async_diffw 1431322705 CP ramb16 CP RAMB16_S36_S36 \
      CP RAMB16_S18_S18 CP RAMB16_S18_S36 CP RAMB16_S9_S9 CP RAMB16_S9_S18 \
      CP RAMB16_S9_S36 CP RAMB16_S4_S4 CP RAMB16_S4_S9 CP RAMB16_S4_S18 \
      CP RAMB16_S4_S36 CP RAMB16_S2_S2 CP RAMB16_S2_S4 CP RAMB16_S2_S9 \
      CP RAMB16_S2_S18 CP RAMB16_S2_S36 CP RAMB16_S1_S1 CP RAMB16_S1_S2 \
      CP RAMB16_S1_S4 CP RAMB16_S1_S9 CP RAMB16_S1_S18 CP RAMB16_S1_S36 \
      CP mpmc_v6_05_a/dp_ram_async
FL $XILINX/hw/XilinxProcessorIPLib/pcores/mpmc_v6_05_a/hdl/vhdl/p_vfbc.vhd 2011/12/29.18:47:21 O.87xd
PH mpmc_v6_05_a/p_vfbc 1431322751 \
      FL $XILINX/hw/XilinxProcessorIPLib/pcores/mpmc_v6_05_a/hdl/vhdl/p_vfbc.vhd \
      PB ieee/std_logic_1164 1325952872 PB ieee/STD_LOGIC_UNSIGNED 1325952875 \
      PB ieee/std_logic_arith 1325952873 PB mpmc_v6_05_a/memxlib_utils 1431322598
PB mpmc_v6_05_a/p_vfbc 1431322752 \
      FL $XILINX/hw/XilinxProcessorIPLib/pcores/mpmc_v6_05_a/hdl/vhdl/p_vfbc.vhd \
      PH mpmc_v6_05_a/p_vfbc 1431322751
FL $XILINX/hw/XilinxProcessorIPLib/pcores/mpmc_v6_05_a/hdl/vhdl/sdma.vhd 2011/12/29.18:47:21 O.87xd
EN mpmc_v6_05_a/sdma 1431322799 \
      FL $XILINX/hw/XilinxProcessorIPLib/pcores/mpmc_v6_05_a/hdl/vhdl/sdma.vhd \
      PB ieee/std_logic_1164 1325952872 PB ieee/NUMERIC_STD 1325952877 \
      PB ieee/std_logic_misc 1325952874 LB proc_common_v3_00_a LB unisim \
      PH unisim/VCOMPONENTS 1325952880 LB mpmc_v6_05_a \
      LB plbv46_slave_single_v1_01_a PB proc_common_v3_00_a/proc_common_pkg 1431322559 \
      PB proc_common_v3_00_a/family_support 1431322557 \
      PB proc_common_v3_00_a/ipif_pkg 1431322676 PB mpmc_v6_05_a/sdma_pkg 1431322696
AR mpmc_v6_05_a/sdma/implementation 1431322800 \
      FL $XILINX/hw/XilinxProcessorIPLib/pcores/mpmc_v6_05_a/hdl/vhdl/sdma.vhd \
      EN mpmc_v6_05_a/sdma 1431322799 CP mpmc_v6_05_a/sdma_cntl \
      CP mpmc_v6_05_a/sdma_datapath \
      CP plbv46_slave_single_v1_01_a/plbv46_slave_single
FL $XILINX/hw/XilinxProcessorIPLib/pcores/mpmc_v6_05_a/hdl/vhdl/sdma_address_counter.vhd 2011/12/29.18:47:21 O.87xd
EN mpmc_v6_05_a/sdma_address_counter 1431322715 \
      FL $XILINX/hw/XilinxProcessorIPLib/pcores/mpmc_v6_05_a/hdl/vhdl/sdma_address_counter.vhd \
      PB ieee/std_logic_1164 1325952872 PB ieee/NUMERIC_STD 1325952877 \
      PB ieee/std_logic_misc 1325952874 LB proc_common_v3_00_a LB unisim \
      PH unisim/VCOMPONENTS 1325952880 LB mpmc_v6_05_a \
      PB proc_common_v3_00_a/proc_common_pkg 1431322559 \
      PB proc_common_v3_00_a/family_support 1431322557 \
      PB proc_common_v3_00_a/ipif_pkg 1431322676 PB mpmc_v6_05_a/sdma_pkg 1431322696
AR mpmc_v6_05_a/sdma_address_counter/implementation 1431322716 \
      FL $XILINX/hw/XilinxProcessorIPLib/pcores/mpmc_v6_05_a/hdl/vhdl/sdma_address_counter.vhd \
      EN mpmc_v6_05_a/sdma_address_counter 1431322715
FL $XILINX/hw/XilinxProcessorIPLib/pcores/mpmc_v6_05_a/hdl/vhdl/sdma_addr_arbiter.vhd 2011/12/29.18:47:21 O.87xd
EN mpmc_v6_05_a/sdma_addr_arbiter 1431322731 \
      FL $XILINX/hw/XilinxProcessorIPLib/pcores/mpmc_v6_05_a/hdl/vhdl/sdma_addr_arbiter.vhd \
      PB ieee/std_logic_1164 1325952872 PB ieee/NUMERIC_STD 1325952877 \
      PB ieee/std_logic_misc 1325952874 LB proc_common_v3_00_a LB unisim \
      PH unisim/VCOMPONENTS 1325952880 LB mpmc_v6_05_a \
      PB proc_common_v3_00_a/proc_common_pkg 1431322559 \
      PB proc_common_v3_00_a/family_support 1431322557 \
      PB proc_common_v3_00_a/ipif_pkg 1431322676 PB mpmc_v6_05_a/sdma_pkg 1431322696
AR mpmc_v6_05_a/sdma_addr_arbiter/implementation 1431322732 \
      FL $XILINX/hw/XilinxProcessorIPLib/pcores/mpmc_v6_05_a/hdl/vhdl/sdma_addr_arbiter.vhd \
      EN mpmc_v6_05_a/sdma_addr_arbiter 1431322731
FL $XILINX/hw/XilinxProcessorIPLib/pcores/mpmc_v6_05_a/hdl/vhdl/sdma_channel_status_reg.vhd 2011/12/29.18:47:21 O.87xd
EN mpmc_v6_05_a/sdma_channel_status_reg 1431322713 \
      FL $XILINX/hw/XilinxProcessorIPLib/pcores/mpmc_v6_05_a/hdl/vhdl/sdma_channel_status_reg.vhd \
      PB ieee/std_logic_1164 1325952872 PB ieee/NUMERIC_STD 1325952877 \
      PB ieee/std_logic_misc 1325952874 LB proc_common_v3_00_a LB unisim \
      PH unisim/VCOMPONENTS 1325952880 LB mpmc_v6_05_a \
      PB proc_common_v3_00_a/proc_common_pkg 1431322559 \
      PB proc_common_v3_00_a/family_support 1431322557 \
      PB proc_common_v3_00_a/ipif_pkg 1431322676 PB mpmc_v6_05_a/sdma_pkg 1431322696
AR mpmc_v6_05_a/sdma_channel_status_reg/implementation 1431322714 \
      FL $XILINX/hw/XilinxProcessorIPLib/pcores/mpmc_v6_05_a/hdl/vhdl/sdma_channel_status_reg.vhd \
      EN mpmc_v6_05_a/sdma_channel_status_reg 1431322713
FL $XILINX/hw/XilinxProcessorIPLib/pcores/mpmc_v6_05_a/hdl/vhdl/sdma_cntl.vhd 2011/12/29.18:47:21 O.87xd
EN mpmc_v6_05_a/sdma_cntl 1431322789 \
      FL $XILINX/hw/XilinxProcessorIPLib/pcores/mpmc_v6_05_a/hdl/vhdl/sdma_cntl.vhd \
      PB ieee/std_logic_1164 1325952872 PB ieee/NUMERIC_STD 1325952877 \
      PB ieee/std_logic_misc 1325952874 LB proc_common_v3_00_a LB unisim \
      PH unisim/VCOMPONENTS 1325952880 LB mpmc_v6_05_a \
      PB proc_common_v3_00_a/proc_common_pkg 1431322559 \
      PB proc_common_v3_00_a/family_support 1431322557 \
      PB proc_common_v3_00_a/ipif_pkg 1431322676 PB mpmc_v6_05_a/sdma_pkg 1431322696
AR mpmc_v6_05_a/sdma_cntl/implementation 1431322790 \
      FL $XILINX/hw/XilinxProcessorIPLib/pcores/mpmc_v6_05_a/hdl/vhdl/sdma_cntl.vhd \
      EN mpmc_v6_05_a/sdma_cntl 1431322789 CP mpmc_v6_05_a/sdma_ipic_if \
      CP mpmc_v6_05_a/sdma_interrupt_register \
      CP mpmc_v6_05_a/sdma_dmac_regfile_arb CP mpmc_v6_05_a/sdma_read_data_delay \
      CP mpmc_v6_05_a/sdma_addr_arbiter CP mpmc_v6_05_a/sdma_port_arbiter \
      CP mpmc_v6_05_a/sdma_tx_write_handler CP mpmc_v6_05_a/sdma_tx_read_handler \
      CP mpmc_v6_05_a/sdma_tx_port_controller CP mpmc_v6_05_a/sdma_tx_rx_state \
      CP mpmc_v6_05_a/sdma_rx_write_handler CP mpmc_v6_05_a/sdma_rx_read_handler \
      CP mpmc_v6_05_a/sdma_rx_port_controller
FL $XILINX/hw/XilinxProcessorIPLib/pcores/mpmc_v6_05_a/hdl/vhdl/sdma_datapath.vhd 2011/12/29.18:47:21 O.87xd
EN mpmc_v6_05_a/sdma_datapath 1431322791 \
      FL $XILINX/hw/XilinxProcessorIPLib/pcores/mpmc_v6_05_a/hdl/vhdl/sdma_datapath.vhd \
      PB ieee/std_logic_1164 1325952872 PB ieee/NUMERIC_STD 1325952877 \
      PB ieee/std_logic_misc 1325952874 LB proc_common_v3_00_a LB unisim \
      PH unisim/VCOMPONENTS 1325952880 LB mpmc_v6_05_a \
      PB proc_common_v3_00_a/proc_common_pkg 1431322559 \
      PB proc_common_v3_00_a/family_support 1431322557 \
      PB proc_common_v3_00_a/ipif_pkg 1431322676 PB mpmc_v6_05_a/sdma_pkg 1431322696
AR mpmc_v6_05_a/sdma_datapath/implementation 1431322792 \
      FL $XILINX/hw/XilinxProcessorIPLib/pcores/mpmc_v6_05_a/hdl/vhdl/sdma_datapath.vhd \
      EN mpmc_v6_05_a/sdma_datapath 1431322791 CP RAM16X1S \
      CP mpmc_v6_05_a/sdma_reset_module CP mpmc_v6_05_a/sdma_channel_status_reg \
      CP mpmc_v6_05_a/sdma_address_counter CP mpmc_v6_05_a/sdma_length_counter \
      CP mpmc_v6_05_a/sdma_tx_byte_shifter CP mpmc_v6_05_a/sdma_RX_Byte_Shifter
FL $XILINX/hw/XilinxProcessorIPLib/pcores/mpmc_v6_05_a/hdl/vhdl/sdma_dmac_regfile_arb.vhd 2011/12/29.18:47:21 O.87xd
EN mpmc_v6_05_a/sdma_dmac_regfile_arb 1431322727 \
      FL $XILINX/hw/XilinxProcessorIPLib/pcores/mpmc_v6_05_a/hdl/vhdl/sdma_dmac_regfile_arb.vhd \
      PB ieee/std_logic_1164 1325952872 PB ieee/NUMERIC_STD 1325952877 \
      PB ieee/std_logic_misc 1325952874 LB proc_common_v3_00_a LB unisim \
      PH unisim/VCOMPONENTS 1325952880 LB mpmc_v6_05_a \
      PB proc_common_v3_00_a/proc_common_pkg 1431322559 \
      PB proc_common_v3_00_a/family_support 1431322557 \
      PB proc_common_v3_00_a/ipif_pkg 1431322676 PB mpmc_v6_05_a/sdma_pkg 1431322696
AR mpmc_v6_05_a/sdma_dmac_regfile_arb/implementation 1431322728 \
      FL $XILINX/hw/XilinxProcessorIPLib/pcores/mpmc_v6_05_a/hdl/vhdl/sdma_dmac_regfile_arb.vhd \
      EN mpmc_v6_05_a/sdma_dmac_regfile_arb 1431322727
FL $XILINX/hw/XilinxProcessorIPLib/pcores/mpmc_v6_05_a/hdl/vhdl/sdma_interrupt_register.vhd 2011/12/29.18:47:21 O.87xd
EN mpmc_v6_05_a/sdma_interrupt_register 1431322725 \
      FL $XILINX/hw/XilinxProcessorIPLib/pcores/mpmc_v6_05_a/hdl/vhdl/sdma_interrupt_register.vhd \
      PB ieee/std_logic_1164 1325952872 PB ieee/NUMERIC_STD 1325952877 \
      PB ieee/std_logic_misc 1325952874 LB proc_common_v3_00_a LB unisim \
      PH unisim/VCOMPONENTS 1325952880 LB mpmc_v6_05_a \
      PB proc_common_v3_00_a/proc_common_pkg 1431322559 \
      PB proc_common_v3_00_a/family_support 1431322557 \
      PB proc_common_v3_00_a/ipif_pkg 1431322676 PB mpmc_v6_05_a/sdma_pkg 1431322696
AR mpmc_v6_05_a/sdma_interrupt_register/implementation 1431322726 \
      FL $XILINX/hw/XilinxProcessorIPLib/pcores/mpmc_v6_05_a/hdl/vhdl/sdma_interrupt_register.vhd \
      EN mpmc_v6_05_a/sdma_interrupt_register 1431322725
FL $XILINX/hw/XilinxProcessorIPLib/pcores/mpmc_v6_05_a/hdl/vhdl/sdma_ipic_if.vhd 2011/12/29.18:47:21 O.87xd
EN mpmc_v6_05_a/sdma_ipic_if 1431322723 \
      FL $XILINX/hw/XilinxProcessorIPLib/pcores/mpmc_v6_05_a/hdl/vhdl/sdma_ipic_if.vhd \
      PB ieee/std_logic_1164 1325952872 PB ieee/NUMERIC_STD 1325952877 \
      PB ieee/std_logic_misc 1325952874 LB proc_common_v3_00_a LB unisim \
      PH unisim/VCOMPONENTS 1325952880 LB mpmc_v6_05_a \
      PB proc_common_v3_00_a/proc_common_pkg 1431322559 \
      PB proc_common_v3_00_a/family_support 1431322557 \
      PB proc_common_v3_00_a/ipif_pkg 1431322676 PB mpmc_v6_05_a/sdma_pkg 1431322696
AR mpmc_v6_05_a/sdma_ipic_if/implementation 1431322724 \
      FL $XILINX/hw/XilinxProcessorIPLib/pcores/mpmc_v6_05_a/hdl/vhdl/sdma_ipic_if.vhd \
      EN mpmc_v6_05_a/sdma_ipic_if 1431322723 CP mpmc_v6_05_a/sdma_sample_cycle
FL $XILINX/hw/XilinxProcessorIPLib/pcores/mpmc_v6_05_a/hdl/vhdl/sdma_length_counter.vhd 2011/12/29.18:47:21 O.87xd
EN mpmc_v6_05_a/sdma_length_counter 1431322717 \
      FL $XILINX/hw/XilinxProcessorIPLib/pcores/mpmc_v6_05_a/hdl/vhdl/sdma_length_counter.vhd \
      PB ieee/std_logic_1164 1325952872 PB ieee/NUMERIC_STD 1325952877 \
      PB ieee/std_logic_misc 1325952874 LB proc_common_v3_00_a LB unisim \
      PH unisim/VCOMPONENTS 1325952880 LB mpmc_v6_05_a \
      PB proc_common_v3_00_a/proc_common_pkg 1431322559 \
      PB proc_common_v3_00_a/family_support 1431322557 \
      PB proc_common_v3_00_a/ipif_pkg 1431322676 PB mpmc_v6_05_a/sdma_pkg 1431322696
AR mpmc_v6_05_a/sdma_length_counter/implementation 1431322718 \
      FL $XILINX/hw/XilinxProcessorIPLib/pcores/mpmc_v6_05_a/hdl/vhdl/sdma_length_counter.vhd \
      EN mpmc_v6_05_a/sdma_length_counter 1431322717
FL $XILINX/hw/XilinxProcessorIPLib/pcores/mpmc_v6_05_a/hdl/vhdl/sdma_pkg.vhd 2011/12/29.18:47:21 O.87xd
PH mpmc_v6_05_a/sdma_pkg 1431322695 \
      FL $XILINX/hw/XilinxProcessorIPLib/pcores/mpmc_v6_05_a/hdl/vhdl/sdma_pkg.vhd \
      PB ieee/std_logic_1164 1325952872 PB ieee/NUMERIC_STD 1325952877 \
      PB ieee/std_logic_misc 1325952874 LB proc_common_v3_00_a LB unisim \
      PH unisim/VCOMPONENTS 1325952880 LB mpmc_v6_05_a \
      PB proc_common_v3_00_a/proc_common_pkg 1431322559 \
      PB proc_common_v3_00_a/family_support 1431322557 \
      PB proc_common_v3_00_a/ipif_pkg 1431322676
PB mpmc_v6_05_a/sdma_pkg 1431322696 \
      FL $XILINX/hw/XilinxProcessorIPLib/pcores/mpmc_v6_05_a/hdl/vhdl/sdma_pkg.vhd \
      PH mpmc_v6_05_a/sdma_pkg 1431322695
FL $XILINX/hw/XilinxProcessorIPLib/pcores/mpmc_v6_05_a/hdl/vhdl/sdma_port_arbiter.vhd 2011/12/29.18:47:21 O.87xd
EN mpmc_v6_05_a/sdma_port_arbiter 1431322733 \
      FL $XILINX/hw/XilinxProcessorIPLib/pcores/mpmc_v6_05_a/hdl/vhdl/sdma_port_arbiter.vhd \
      PB ieee/std_logic_1164 1325952872 PB ieee/NUMERIC_STD 1325952877 \
      PB ieee/std_logic_misc 1325952874 LB proc_common_v3_00_a LB unisim \
      PH unisim/VCOMPONENTS 1325952880 LB mpmc_v6_05_a \
      PB proc_common_v3_00_a/proc_common_pkg 1431322559 \
      PB proc_common_v3_00_a/family_support 1431322557 \
      PB proc_common_v3_00_a/ipif_pkg 1431322676 PB mpmc_v6_05_a/sdma_pkg 1431322696
AR mpmc_v6_05_a/sdma_port_arbiter/implementation 1431322734 \
      FL $XILINX/hw/XilinxProcessorIPLib/pcores/mpmc_v6_05_a/hdl/vhdl/sdma_port_arbiter.vhd \
      EN mpmc_v6_05_a/sdma_port_arbiter 1431322733
FL $XILINX/hw/XilinxProcessorIPLib/pcores/mpmc_v6_05_a/hdl/vhdl/sdma_read_data_delay.vhd 2011/12/29.18:47:21 O.87xd
EN mpmc_v6_05_a/sdma_read_data_delay 1431322729 \
      FL $XILINX/hw/XilinxProcessorIPLib/pcores/mpmc_v6_05_a/hdl/vhdl/sdma_read_data_delay.vhd \
      PB ieee/std_logic_1164 1325952872 PB ieee/NUMERIC_STD 1325952877 \
      PB ieee/std_logic_misc 1325952874 LB proc_common_v3_00_a LB unisim \
      PH unisim/VCOMPONENTS 1325952880 LB mpmc_v6_05_a \
      PB proc_common_v3_00_a/proc_common_pkg 1431322559 \
      PB proc_common_v3_00_a/family_support 1431322557 \
      PB proc_common_v3_00_a/ipif_pkg 1431322676 PB mpmc_v6_05_a/sdma_pkg 1431322696
AR mpmc_v6_05_a/sdma_read_data_delay/implementation 1431322730 \
      FL $XILINX/hw/XilinxProcessorIPLib/pcores/mpmc_v6_05_a/hdl/vhdl/sdma_read_data_delay.vhd \
      EN mpmc_v6_05_a/sdma_read_data_delay 1431322729
FL $XILINX/hw/XilinxProcessorIPLib/pcores/mpmc_v6_05_a/hdl/vhdl/sdma_reset_module.vhd 2011/12/29.18:47:21 O.87xd
EN mpmc_v6_05_a/sdma_reset_module 1431322711 \
      FL $XILINX/hw/XilinxProcessorIPLib/pcores/mpmc_v6_05_a/hdl/vhdl/sdma_reset_module.vhd \
      PB ieee/std_logic_1164 1325952872 PB ieee/NUMERIC_STD 1325952877 \
      PB ieee/std_logic_misc 1325952874 LB proc_common_v3_00_a LB unisim \
      PH unisim/VCOMPONENTS 1325952880 LB mpmc_v6_05_a \
      PB proc_common_v3_00_a/proc_common_pkg 1431322559 \
      PB proc_common_v3_00_a/family_support 1431322557 \
      PB proc_common_v3_00_a/ipif_pkg 1431322676 PB mpmc_v6_05_a/sdma_pkg 1431322696
AR mpmc_v6_05_a/sdma_reset_module/implementation 1431322712 \
      FL $XILINX/hw/XilinxProcessorIPLib/pcores/mpmc_v6_05_a/hdl/vhdl/sdma_reset_module.vhd \
      EN mpmc_v6_05_a/sdma_reset_module 1431322711
FL $XILINX/hw/XilinxProcessorIPLib/pcores/mpmc_v6_05_a/hdl/vhdl/sdma_rx_byte_shifter.vhd 2011/12/29.18:47:21 O.87xd
EN mpmc_v6_05_a/sdma_rx_byte_shifter 1431322721 \
      FL $XILINX/hw/XilinxProcessorIPLib/pcores/mpmc_v6_05_a/hdl/vhdl/sdma_rx_byte_shifter.vhd \
      PB ieee/std_logic_1164 1325952872 PB ieee/NUMERIC_STD 1325952877 \
      PB ieee/std_logic_misc 1325952874 LB proc_common_v3_00_a LB unisim \
      PH unisim/VCOMPONENTS 1325952880 LB mpmc_v6_05_a \
      PB proc_common_v3_00_a/proc_common_pkg 1431322559 \
      PB proc_common_v3_00_a/family_support 1431322557 \
      PB proc_common_v3_00_a/ipif_pkg 1431322676 PB mpmc_v6_05_a/sdma_pkg 1431322696
AR mpmc_v6_05_a/sdma_rx_byte_shifter/implementation 1431322722 \
      FL $XILINX/hw/XilinxProcessorIPLib/pcores/mpmc_v6_05_a/hdl/vhdl/sdma_rx_byte_shifter.vhd \
      EN mpmc_v6_05_a/sdma_rx_byte_shifter 1431322721
FL $XILINX/hw/XilinxProcessorIPLib/pcores/mpmc_v6_05_a/hdl/vhdl/sdma_rx_port_controller.vhd 2011/12/29.18:47:21 O.87xd
EN mpmc_v6_05_a/sdma_rx_port_controller 1431322747 \
      FL $XILINX/hw/XilinxProcessorIPLib/pcores/mpmc_v6_05_a/hdl/vhdl/sdma_rx_port_controller.vhd \
      PB ieee/std_logic_1164 1325952872 PB ieee/NUMERIC_STD 1325952877 \
      PB ieee/std_logic_misc 1325952874 LB proc_common_v3_00_a LB unisim \
      PH unisim/VCOMPONENTS 1325952880 LB mpmc_v6_05_a \
      PB proc_common_v3_00_a/proc_common_pkg 1431322559 \
      PB proc_common_v3_00_a/family_support 1431322557 \
      PB proc_common_v3_00_a/ipif_pkg 1431322676 PB mpmc_v6_05_a/sdma_pkg 1431322696
AR mpmc_v6_05_a/sdma_rx_port_controller/implementation 1431322748 \
      FL $XILINX/hw/XilinxProcessorIPLib/pcores/mpmc_v6_05_a/hdl/vhdl/sdma_rx_port_controller.vhd \
      EN mpmc_v6_05_a/sdma_rx_port_controller 1431322747
FL $XILINX/hw/XilinxProcessorIPLib/pcores/mpmc_v6_05_a/hdl/vhdl/sdma_rx_read_handler.vhd 2011/12/29.18:47:21 O.87xd
EN mpmc_v6_05_a/sdma_rx_read_handler 1431322745 \
      FL $XILINX/hw/XilinxProcessorIPLib/pcores/mpmc_v6_05_a/hdl/vhdl/sdma_rx_read_handler.vhd \
      PB ieee/std_logic_1164 1325952872 PB ieee/NUMERIC_STD 1325952877 \
      PB ieee/std_logic_misc 1325952874 LB proc_common_v3_00_a LB unisim \
      PH unisim/VCOMPONENTS 1325952880 LB mpmc_v6_05_a \
      PB proc_common_v3_00_a/proc_common_pkg 1431322559 \
      PB proc_common_v3_00_a/family_support 1431322557 \
      PB proc_common_v3_00_a/ipif_pkg 1431322676 PB mpmc_v6_05_a/sdma_pkg 1431322696
AR mpmc_v6_05_a/sdma_rx_read_handler/implementation 1431322746 \
      FL $XILINX/hw/XilinxProcessorIPLib/pcores/mpmc_v6_05_a/hdl/vhdl/sdma_rx_read_handler.vhd \
      EN mpmc_v6_05_a/sdma_rx_read_handler 1431322745
FL $XILINX/hw/XilinxProcessorIPLib/pcores/mpmc_v6_05_a/hdl/vhdl/sdma_rx_write_handler.vhd 2011/12/29.18:47:21 O.87xd
EN mpmc_v6_05_a/sdma_rx_write_handler 1431322743 \
      FL $XILINX/hw/XilinxProcessorIPLib/pcores/mpmc_v6_05_a/hdl/vhdl/sdma_rx_write_handler.vhd \
      PB ieee/std_logic_1164 1325952872 PB ieee/NUMERIC_STD 1325952877 \
      PB ieee/std_logic_misc 1325952874 LB proc_common_v3_00_a LB unisim \
      PH unisim/VCOMPONENTS 1325952880 LB mpmc_v6_05_a \
      PB proc_common_v3_00_a/proc_common_pkg 1431322559 \
      PB proc_common_v3_00_a/family_support 1431322557 \
      PB proc_common_v3_00_a/ipif_pkg 1431322676 PB mpmc_v6_05_a/sdma_pkg 1431322696
AR mpmc_v6_05_a/sdma_rx_write_handler/implementation 1431322744 \
      FL $XILINX/hw/XilinxProcessorIPLib/pcores/mpmc_v6_05_a/hdl/vhdl/sdma_rx_write_handler.vhd \
      EN mpmc_v6_05_a/sdma_rx_write_handler 1431322743
FL $XILINX/hw/XilinxProcessorIPLib/pcores/mpmc_v6_05_a/hdl/vhdl/sdma_sample_cycle.vhd 2011/12/29.18:47:21 O.87xd
EN mpmc_v6_05_a/sdma_sample_cycle 1431322697 \
      FL $XILINX/hw/XilinxProcessorIPLib/pcores/mpmc_v6_05_a/hdl/vhdl/sdma_sample_cycle.vhd \
      PB ieee/std_logic_1164 1325952872 PB ieee/NUMERIC_STD 1325952877 \
      PB ieee/std_logic_misc 1325952874 LB unisim PH unisim/VCOMPONENTS 1325952880
AR mpmc_v6_05_a/sdma_sample_cycle/implementation 1431322698 \
      FL $XILINX/hw/XilinxProcessorIPLib/pcores/mpmc_v6_05_a/hdl/vhdl/sdma_sample_cycle.vhd \
      EN mpmc_v6_05_a/sdma_sample_cycle 1431322697
FL $XILINX/hw/XilinxProcessorIPLib/pcores/mpmc_v6_05_a/hdl/vhdl/sdma_tx_byte_shifter.vhd 2011/12/29.18:47:21 O.87xd
EN mpmc_v6_05_a/sdma_tx_byte_shifter 1431322719 \
      FL $XILINX/hw/XilinxProcessorIPLib/pcores/mpmc_v6_05_a/hdl/vhdl/sdma_tx_byte_shifter.vhd \
      PB ieee/std_logic_1164 1325952872 PB ieee/NUMERIC_STD 1325952877 \
      PB ieee/std_logic_misc 1325952874 LB proc_common_v3_00_a LB unisim \
      PH unisim/VCOMPONENTS 1325952880 LB mpmc_v6_05_a \
      PB proc_common_v3_00_a/proc_common_pkg 1431322559 \
      PB proc_common_v3_00_a/family_support 1431322557 \
      PB proc_common_v3_00_a/ipif_pkg 1431322676 PB mpmc_v6_05_a/sdma_pkg 1431322696
AR mpmc_v6_05_a/sdma_tx_byte_shifter/implementation 1431322720 \
      FL $XILINX/hw/XilinxProcessorIPLib/pcores/mpmc_v6_05_a/hdl/vhdl/sdma_tx_byte_shifter.vhd \
      EN mpmc_v6_05_a/sdma_tx_byte_shifter 1431322719
FL $XILINX/hw/XilinxProcessorIPLib/pcores/mpmc_v6_05_a/hdl/vhdl/sdma_tx_port_controller.vhd 2011/12/29.18:47:21 O.87xd
EN mpmc_v6_05_a/sdma_tx_port_controller 1431322739 \
      FL $XILINX/hw/XilinxProcessorIPLib/pcores/mpmc_v6_05_a/hdl/vhdl/sdma_tx_port_controller.vhd \
      PB ieee/std_logic_1164 1325952872 PB ieee/NUMERIC_STD 1325952877 \
      PB ieee/std_logic_misc 1325952874 LB proc_common_v3_00_a LB unisim \
      PH unisim/VCOMPONENTS 1325952880 LB mpmc_v6_05_a \
      PB proc_common_v3_00_a/proc_common_pkg 1431322559 \
      PB proc_common_v3_00_a/family_support 1431322557 \
      PB proc_common_v3_00_a/ipif_pkg 1431322676 PB mpmc_v6_05_a/sdma_pkg 1431322696
AR mpmc_v6_05_a/sdma_tx_port_controller/implementation 1431322740 \
      FL $XILINX/hw/XilinxProcessorIPLib/pcores/mpmc_v6_05_a/hdl/vhdl/sdma_tx_port_controller.vhd \
      EN mpmc_v6_05_a/sdma_tx_port_controller 1431322739
FL $XILINX/hw/XilinxProcessorIPLib/pcores/mpmc_v6_05_a/hdl/vhdl/sdma_tx_read_handler.vhd 2011/12/29.18:47:21 O.87xd
EN mpmc_v6_05_a/sdma_tx_read_handler 1431322737 \
      FL $XILINX/hw/XilinxProcessorIPLib/pcores/mpmc_v6_05_a/hdl/vhdl/sdma_tx_read_handler.vhd \
      PB ieee/std_logic_1164 1325952872 PB ieee/NUMERIC_STD 1325952877 \
      PB ieee/std_logic_misc 1325952874 LB proc_common_v3_00_a LB unisim \
      PH unisim/VCOMPONENTS 1325952880 LB mpmc_v6_05_a \
      PB proc_common_v3_00_a/proc_common_pkg 1431322559 \
      PB proc_common_v3_00_a/family_support 1431322557 \
      PB proc_common_v3_00_a/ipif_pkg 1431322676 PB mpmc_v6_05_a/sdma_pkg 1431322696
AR mpmc_v6_05_a/sdma_tx_read_handler/implementation 1431322738 \
      FL $XILINX/hw/XilinxProcessorIPLib/pcores/mpmc_v6_05_a/hdl/vhdl/sdma_tx_read_handler.vhd \
      EN mpmc_v6_05_a/sdma_tx_read_handler 1431322737
FL $XILINX/hw/XilinxProcessorIPLib/pcores/mpmc_v6_05_a/hdl/vhdl/sdma_tx_rx_state.vhd 2011/12/29.18:47:21 O.87xd
EN mpmc_v6_05_a/sdma_tx_rx_state 1431322741 \
      FL $XILINX/hw/XilinxProcessorIPLib/pcores/mpmc_v6_05_a/hdl/vhdl/sdma_tx_rx_state.vhd \
      PB ieee/std_logic_1164 1325952872 PB ieee/NUMERIC_STD 1325952877 \
      PB ieee/std_logic_misc 1325952874 LB proc_common_v3_00_a LB unisim \
      PH unisim/VCOMPONENTS 1325952880 LB mpmc_v6_05_a \
      PB proc_common_v3_00_a/proc_common_pkg 1431322559 \
      PB proc_common_v3_00_a/family_support 1431322557 \
      PB proc_common_v3_00_a/ipif_pkg 1431322676 PB mpmc_v6_05_a/sdma_pkg 1431322696
AR mpmc_v6_05_a/sdma_tx_rx_state/implementation 1431322742 \
      FL $XILINX/hw/XilinxProcessorIPLib/pcores/mpmc_v6_05_a/hdl/vhdl/sdma_tx_rx_state.vhd \
      EN mpmc_v6_05_a/sdma_tx_rx_state 1431322741
FL $XILINX/hw/XilinxProcessorIPLib/pcores/mpmc_v6_05_a/hdl/vhdl/sdma_tx_write_handler.vhd 2011/12/29.18:47:21 O.87xd
EN mpmc_v6_05_a/sdma_tx_write_handler 1431322735 \
      FL $XILINX/hw/XilinxProcessorIPLib/pcores/mpmc_v6_05_a/hdl/vhdl/sdma_tx_write_handler.vhd \
      PB ieee/std_logic_1164 1325952872 PB ieee/NUMERIC_STD 1325952877 \
      PB ieee/std_logic_misc 1325952874 LB proc_common_v3_00_a LB unisim \
      PH unisim/VCOMPONENTS 1325952880 LB mpmc_v6_05_a \
      PB proc_common_v3_00_a/proc_common_pkg 1431322559 \
      PB proc_common_v3_00_a/family_support 1431322557 \
      PB proc_common_v3_00_a/ipif_pkg 1431322676 PB mpmc_v6_05_a/sdma_pkg 1431322696
AR mpmc_v6_05_a/sdma_tx_write_handler/implementation 1431322736 \
      FL $XILINX/hw/XilinxProcessorIPLib/pcores/mpmc_v6_05_a/hdl/vhdl/sdma_tx_write_handler.vhd \
      EN mpmc_v6_05_a/sdma_tx_write_handler 1431322735
FL $XILINX/hw/XilinxProcessorIPLib/pcores/mpmc_v6_05_a/hdl/vhdl/sdma_wrapper.vhd 2011/12/29.18:47:21 O.87xd
EN mpmc_v6_05_a/sdma_wrapper 1431322807 \
      FL $XILINX/hw/XilinxProcessorIPLib/pcores/mpmc_v6_05_a/hdl/vhdl/sdma_wrapper.vhd \
      PB ieee/std_logic_1164 1325952872 PB ieee/std_logic_arith 1325952873 \
      PB ieee/NUMERIC_STD 1325952877 PB ieee/std_logic_misc 1325952874 LB unisim \
      PH unisim/VCOMPONENTS 1325952880 LB mpmc_v6_05_a PB mpmc_v6_05_a/sdma_pkg 1431322696
AR mpmc_v6_05_a/sdma_wrapper/implementation 1431322808 \
      FL $XILINX/hw/XilinxProcessorIPLib/pcores/mpmc_v6_05_a/hdl/vhdl/sdma_wrapper.vhd \
      EN mpmc_v6_05_a/sdma_wrapper 1431322807 CP mpmc_v6_05_a/sdma
FL $XILINX/hw/XilinxProcessorIPLib/pcores/mpmc_v6_05_a/hdl/vhdl/vfbc.vhd 2011/12/29.18:47:21 O.87xd
EN mpmc_v6_05_a/vfbc 1431322793 \
      FL $XILINX/hw/XilinxProcessorIPLib/pcores/mpmc_v6_05_a/hdl/vhdl/vfbc.vhd \
      PB ieee/std_logic_1164 1325952872 PB ieee/STD_LOGIC_UNSIGNED 1325952875 \
      PB ieee/std_logic_arith 1325952873 PB mpmc_v6_05_a/memxlib_utils 1431322598 \
      PB mpmc_v6_05_a/p_vfbc 1431322752
AR mpmc_v6_05_a/vfbc/rtl 1431322794 \
      FL $XILINX/hw/XilinxProcessorIPLib/pcores/mpmc_v6_05_a/hdl/vhdl/vfbc.vhd \
      EN mpmc_v6_05_a/vfbc 1431322793 CP mpmc_v6_05_a/ObjFifoAsyncDiffW \
      CP mpmc_v6_05_a/vfbc_newcmd CP mpmc_v6_05_a/vfbc_cmd_fetch \
      CP mpmc_v6_05_a/vfbc_arbitrator CP mpmc_v6_05_a/vfbc_cmd_buffer \
      CP mpmc_v6_05_a/vfbc_cmd_control CP mpmc_v6_05_a/vfbc_burst_control
FL $XILINX/hw/XilinxProcessorIPLib/pcores/mpmc_v6_05_a/hdl/vhdl/vfbc1_pim.vhd 2011/12/29.18:47:21 O.87xd
EN mpmc_v6_05_a/vfbc1_pim 1431322801 \
      FL $XILINX/hw/XilinxProcessorIPLib/pcores/mpmc_v6_05_a/hdl/vhdl/vfbc1_pim.vhd \
      PB ieee/std_logic_1164 1325952872 PB ieee/STD_LOGIC_UNSIGNED 1325952875 \
      PB ieee/std_logic_arith 1325952873 PB mpmc_v6_05_a/memxlib_utils 1431322598 \
      PB mpmc_v6_05_a/p_vfbc 1431322752
AR mpmc_v6_05_a/vfbc1_pim/rtl 1431322802 \
      FL $XILINX/hw/XilinxProcessorIPLib/pcores/mpmc_v6_05_a/hdl/vhdl/vfbc1_pim.vhd \
      EN mpmc_v6_05_a/vfbc1_pim 1431322801 CP mpmc_v6_05_a/vfbc \
      CP mpmc_v6_05_a/vfbc_backend_control
FL $XILINX/hw/XilinxProcessorIPLib/pcores/mpmc_v6_05_a/hdl/vhdl/vfbc_arbitrator.vhd 2011/12/29.18:47:21 O.87xd
EN mpmc_v6_05_a/vfbc_arbitrator 1431322703 \
      FL $XILINX/hw/XilinxProcessorIPLib/pcores/mpmc_v6_05_a/hdl/vhdl/vfbc_arbitrator.vhd \
      PB ieee/std_logic_1164 1325952872 PB ieee/std_logic_arith 1325952873 \
      PB ieee/STD_LOGIC_UNSIGNED 1325952875 PB mpmc_v6_05_a/memxlib_utils 1431322598
AR mpmc_v6_05_a/vfbc_arbitrator/rtl 1431322704 \
      FL $XILINX/hw/XilinxProcessorIPLib/pcores/mpmc_v6_05_a/hdl/vhdl/vfbc_arbitrator.vhd \
      EN mpmc_v6_05_a/vfbc_arbitrator 1431322703
FL $XILINX/hw/XilinxProcessorIPLib/pcores/mpmc_v6_05_a/hdl/vhdl/vfbc_backend_control.vhd 2011/12/29.18:47:21 O.87xd
EN mpmc_v6_05_a/vfbc_backend_control 1431322795 \
      FL $XILINX/hw/XilinxProcessorIPLib/pcores/mpmc_v6_05_a/hdl/vhdl/vfbc_backend_control.vhd \
      PB ieee/std_logic_1164 1325952872 PB ieee/STD_LOGIC_UNSIGNED 1325952875 \
      PB ieee/std_logic_arith 1325952873 PB mpmc_v6_05_a/memxlib_utils 1431322598
AR mpmc_v6_05_a/vfbc_backend_control/rtl 1431322796 \
      FL $XILINX/hw/XilinxProcessorIPLib/pcores/mpmc_v6_05_a/hdl/vhdl/vfbc_backend_control.vhd \
      EN mpmc_v6_05_a/vfbc_backend_control 1431322795 \
      AR mpmc_v6_05_a/synch_fifo/rtl 1431322682
FL $XILINX/hw/XilinxProcessorIPLib/pcores/mpmc_v6_05_a/hdl/vhdl/vfbc_burst_control.vhd 2011/12/29.18:47:21 O.87xd
EN mpmc_v6_05_a/vfbc_burst_control 1431322767 \
      FL $XILINX/hw/XilinxProcessorIPLib/pcores/mpmc_v6_05_a/hdl/vhdl/vfbc_burst_control.vhd \
      PB ieee/std_logic_1164 1325952872 PB ieee/STD_LOGIC_UNSIGNED 1325952875 \
      PB ieee/std_logic_arith 1325952873 PB mpmc_v6_05_a/memxlib_utils 1431322598
AR mpmc_v6_05_a/vfbc_burst_control/rtl 1431322768 \
      FL $XILINX/hw/XilinxProcessorIPLib/pcores/mpmc_v6_05_a/hdl/vhdl/vfbc_burst_control.vhd \
      EN mpmc_v6_05_a/vfbc_burst_control 1431322767 CP mpmc_v6_05_a/vfbc_onehot \
      AR mpmc_v6_05_a/synch_fifo/rtl 1431322682
FL $XILINX/hw/XilinxProcessorIPLib/pcores/mpmc_v6_05_a/hdl/vhdl/vfbc_cmd_buffer.vhd 2011/12/29.18:47:21 O.87xd
EN mpmc_v6_05_a/vfbc_cmd_buffer 1431322763 \
      FL $XILINX/hw/XilinxProcessorIPLib/pcores/mpmc_v6_05_a/hdl/vhdl/vfbc_cmd_buffer.vhd \
      PB ieee/std_logic_1164 1325952872 PB ieee/STD_LOGIC_UNSIGNED 1325952875 \
      PB ieee/std_logic_arith 1325952873 PB mpmc_v6_05_a/memxlib_utils 1431322598
AR mpmc_v6_05_a/vfbc_cmd_buffer/rtl 1431322764 \
      FL $XILINX/hw/XilinxProcessorIPLib/pcores/mpmc_v6_05_a/hdl/vhdl/vfbc_cmd_buffer.vhd \
      EN mpmc_v6_05_a/vfbc_cmd_buffer 1431322763
FL $XILINX/hw/XilinxProcessorIPLib/pcores/mpmc_v6_05_a/hdl/vhdl/vfbc_cmd_control.vhd 2011/12/29.18:47:21 O.87xd
EN mpmc_v6_05_a/vfbc_cmd_control 1431322765 \
      FL $XILINX/hw/XilinxProcessorIPLib/pcores/mpmc_v6_05_a/hdl/vhdl/vfbc_cmd_control.vhd \
      PB ieee/std_logic_1164 1325952872 PB ieee/STD_LOGIC_UNSIGNED 1325952875 \
      PB ieee/std_logic_arith 1325952873 PB mpmc_v6_05_a/memxlib_utils 1431322598
AR mpmc_v6_05_a/vfbc_cmd_control/rtl 1431322766 \
      FL $XILINX/hw/XilinxProcessorIPLib/pcores/mpmc_v6_05_a/hdl/vhdl/vfbc_cmd_control.vhd \
      EN mpmc_v6_05_a/vfbc_cmd_control 1431322765
FL $XILINX/hw/XilinxProcessorIPLib/pcores/mpmc_v6_05_a/hdl/vhdl/vfbc_cmd_fetch.vhd 2011/12/29.18:47:21 O.87xd
EN mpmc_v6_05_a/vfbc_cmd_fetch 1431322761 \
      FL $XILINX/hw/XilinxProcessorIPLib/pcores/mpmc_v6_05_a/hdl/vhdl/vfbc_cmd_fetch.vhd \
      PB ieee/std_logic_1164 1325952872 PB ieee/STD_LOGIC_UNSIGNED 1325952875 \
      PB ieee/std_logic_arith 1325952873 PB mpmc_v6_05_a/memxlib_utils 1431322598
AR mpmc_v6_05_a/vfbc_cmd_fetch/rtl 1431322762 \
      FL $XILINX/hw/XilinxProcessorIPLib/pcores/mpmc_v6_05_a/hdl/vhdl/vfbc_cmd_fetch.vhd \
      EN mpmc_v6_05_a/vfbc_cmd_fetch 1431322761
FL $XILINX/hw/XilinxProcessorIPLib/pcores/mpmc_v6_05_a/hdl/vhdl/vfbc_newcmd.vhd 2011/12/29.18:47:21 O.87xd
EN mpmc_v6_05_a/vfbc_newcmd 1431322759 \
      FL $XILINX/hw/XilinxProcessorIPLib/pcores/mpmc_v6_05_a/hdl/vhdl/vfbc_newcmd.vhd \
      PB ieee/std_logic_1164 1325952872 PB ieee/STD_LOGIC_UNSIGNED 1325952875 \
      PB ieee/std_logic_arith 1325952873 PB mpmc_v6_05_a/memxlib_utils 1431322598
AR mpmc_v6_05_a/vfbc_newcmd/rtl 1431322760 \
      FL $XILINX/hw/XilinxProcessorIPLib/pcores/mpmc_v6_05_a/hdl/vhdl/vfbc_newcmd.vhd \
      EN mpmc_v6_05_a/vfbc_newcmd 1431322759 CP mpmc_v6_05_a/vfbc_arbitrator
FL $XILINX/hw/XilinxProcessorIPLib/pcores/mpmc_v6_05_a/hdl/vhdl/vfbc_onehot.vhd 2011/12/29.18:47:21 O.87xd
EN mpmc_v6_05_a/vfbc_onehot 1431322701 \
      FL $XILINX/hw/XilinxProcessorIPLib/pcores/mpmc_v6_05_a/hdl/vhdl/vfbc_onehot.vhd \
      PB ieee/std_logic_1164 1325952872 PB ieee/STD_LOGIC_UNSIGNED 1325952875 \
      PB ieee/std_logic_arith 1325952873
AR mpmc_v6_05_a/vfbc_onehot/rtl 1431322702 \
      FL $XILINX/hw/XilinxProcessorIPLib/pcores/mpmc_v6_05_a/hdl/vhdl/vfbc_onehot.vhd \
      EN mpmc_v6_05_a/vfbc_onehot 1431322701
FL $XILINX/hw/XilinxProcessorIPLib/pcores/mpmc_v6_05_a/hdl/vhdl/vfbc_pim_wrapper.vhd 2011/12/29.18:47:21 O.87xd
EN mpmc_v6_05_a/vfbc_pim_wrapper 1431322805 \
      FL $XILINX/hw/XilinxProcessorIPLib/pcores/mpmc_v6_05_a/hdl/vhdl/vfbc_pim_wrapper.vhd \
      PB ieee/std_logic_1164 1325952872 PB ieee/std_logic_arith 1325952873 \
      PB ieee/STD_LOGIC_UNSIGNED 1325952875 LB mpmc_v6_05_a
AR mpmc_v6_05_a/vfbc_pim_wrapper/IMP 1431322806 \
      FL $XILINX/hw/XilinxProcessorIPLib/pcores/mpmc_v6_05_a/hdl/vhdl/vfbc_pim_wrapper.vhd \
      EN mpmc_v6_05_a/vfbc_pim_wrapper 1431322805 CP mpmc_v6_05_a/vfbc1_pim
