EN sysace NULL C:/Xilinx/13.4/ISE_DS/EDK/hw/XilinxProcessorIPLib/pcores/sysace_common_v1_01_a/hdl/vhdl/sysace.vhd sub00/vhpl04 1431322689
EN mem_state_machine NULL C:/Xilinx/13.4/ISE_DS/EDK/hw/XilinxProcessorIPLib/pcores/sysace_common_v1_01_a/hdl/vhdl/mem_state_machine.vhd sub00/vhpl00 1431322685
AR sync_2_clocks imp C:/Xilinx/13.4/ISE_DS/EDK/hw/XilinxProcessorIPLib/pcores/sysace_common_v1_01_a/hdl/vhdl/sync_2_clocks.vhd sub00/vhpl03 1431322688
AR mem_state_machine imp C:/Xilinx/13.4/ISE_DS/EDK/hw/XilinxProcessorIPLib/pcores/sysace_common_v1_01_a/hdl/vhdl/mem_state_machine.vhd sub00/vhpl01 1431322686
EN sync_2_clocks NULL C:/Xilinx/13.4/ISE_DS/EDK/hw/XilinxProcessorIPLib/pcores/sysace_common_v1_01_a/hdl/vhdl/sync_2_clocks.vhd sub00/vhpl02 1431322687
AR sysace imp C:/Xilinx/13.4/ISE_DS/EDK/hw/XilinxProcessorIPLib/pcores/sysace_common_v1_01_a/hdl/vhdl/sysace.vhd sub00/vhpl05 1431322690
