AR plb_slave_ors implementation C:/Xilinx/13.4/ISE_DS/EDK/hw/XilinxProcessorIPLib/pcores/plb_v46_v1_05_a/hdl/vhdl/plb_slave_ors.vhd sub00/vhpl39 1431322678
EN plb_interrupt NULL C:/Xilinx/13.4/ISE_DS/EDK/hw/XilinxProcessorIPLib/pcores/plb_v46_v1_05_a/hdl/vhdl/plb_interrupt.vhd sub00/vhpl26 1431322665
EN plb_arb_encoder NULL C:/Xilinx/13.4/ISE_DS/EDK/hw/XilinxProcessorIPLib/pcores/plb_v46_v1_05_a/hdl/vhdl/plb_arb_encoder.vhd sub00/vhpl14 1431322653
EN plb_arbiter_logic NULL C:/Xilinx/13.4/ISE_DS/EDK/hw/XilinxProcessorIPLib/pcores/plb_v46_v1_05_a/hdl/vhdl/plb_arbiter_logic.vhd sub00/vhpl40 1431322679
AR gen_qual_req simulation C:/Xilinx/13.4/ISE_DS/EDK/hw/XilinxProcessorIPLib/pcores/plb_v46_v1_05_a/hdl/vhdl/gen_qual_req.vhd sub00/vhpl19 1431322658
EN pending_priority NULL C:/Xilinx/13.4/ISE_DS/EDK/hw/XilinxProcessorIPLib/pcores/plb_v46_v1_05_a/hdl/vhdl/pending_priority.vhd sub00/vhpl10 1431322649
AR or_gate imp C:/Xilinx/13.4/ISE_DS/EDK/hw/XilinxProcessorIPLib/pcores/plb_v46_v1_05_a/hdl/vhdl/or_gate.vhd sub00/vhpl29 1431322668
EN watchdog_timer NULL C:/Xilinx/13.4/ISE_DS/EDK/hw/XilinxProcessorIPLib/pcores/plb_v46_v1_05_a/hdl/vhdl/watchdog_timer.vhd sub00/vhpl22 1431322661
AR priority_encoder simulation C:/Xilinx/13.4/ISE_DS/EDK/hw/XilinxProcessorIPLib/pcores/plb_v46_v1_05_a/hdl/vhdl/priority_encoder.vhd sub00/vhpl07 1431322646
AR plb_wr_datapath simulation C:/Xilinx/13.4/ISE_DS/EDK/hw/XilinxProcessorIPLib/pcores/plb_v46_v1_05_a/hdl/vhdl/plb_wr_datapath.vhd sub00/vhpl35 1431322674
EN plb_p2p NULL C:/Xilinx/13.4/ISE_DS/EDK/hw/XilinxProcessorIPLib/pcores/plb_v46_v1_05_a/hdl/vhdl/plb_p2p.vhd sub00/vhpl30 1431322669
EN muxed_signals NULL C:/Xilinx/13.4/ISE_DS/EDK/hw/XilinxProcessorIPLib/pcores/plb_v46_v1_05_a/hdl/vhdl/muxed_signals.vhd sub00/vhpl20 1431322659
EN pend_request NULL C:/Xilinx/13.4/ISE_DS/EDK/hw/XilinxProcessorIPLib/pcores/plb_v46_v1_05_a/hdl/vhdl/pend_request.vhd sub00/vhpl12 1431322651
EN qual_request NULL C:/Xilinx/13.4/ISE_DS/EDK/hw/XilinxProcessorIPLib/pcores/plb_v46_v1_05_a/hdl/vhdl/qual_request.vhd sub00/vhpl02 1431322641
AR or_bits implementation C:/Xilinx/13.4/ISE_DS/EDK/hw/XilinxProcessorIPLib/pcores/plb_v46_v1_05_a/hdl/vhdl/or_bits.vhd sub00/vhpl05 1431322644
AR arb_control_sm simulation C:/Xilinx/13.4/ISE_DS/EDK/hw/XilinxProcessorIPLib/pcores/plb_v46_v1_05_a/hdl/vhdl/arb_control_sm.vhd sub00/vhpl17 1431322656
AR plb_arbiter_logic implementation C:/Xilinx/13.4/ISE_DS/EDK/hw/XilinxProcessorIPLib/pcores/plb_v46_v1_05_a/hdl/vhdl/plb_arbiter_logic.vhd sub00/vhpl41 1431322680
AR rr_select implementation C:/Xilinx/13.4/ISE_DS/EDK/hw/XilinxProcessorIPLib/pcores/plb_v46_v1_05_a/hdl/vhdl/rr_select.vhd sub00/vhpl09 1431322648
AR plb_v46 simulation C:/Xilinx/13.4/ISE_DS/EDK/hw/XilinxProcessorIPLib/pcores/plb_v46_v1_05_a/hdl/vhdl/plb_v46.vhd sub00/vhpl43 1431322682
AR qual_priority qual_priority C:/Xilinx/13.4/ISE_DS/EDK/hw/XilinxProcessorIPLib/pcores/plb_v46_v1_05_a/hdl/vhdl/qual_priority.vhd sub00/vhpl01 1431322568
AR pend_request simulation C:/Xilinx/13.4/ISE_DS/EDK/hw/XilinxProcessorIPLib/pcores/plb_v46_v1_05_a/hdl/vhdl/pend_request.vhd sub00/vhpl13 1431322652
EN or_bits NULL C:/Xilinx/13.4/ISE_DS/EDK/hw/XilinxProcessorIPLib/pcores/plb_v46_v1_05_a/hdl/vhdl/or_bits.vhd sub00/vhpl04 1431322643
AR plb_interrupt plb_interrupt C:/Xilinx/13.4/ISE_DS/EDK/hw/XilinxProcessorIPLib/pcores/plb_v46_v1_05_a/hdl/vhdl/plb_interrupt.vhd sub00/vhpl27 1431322666
EN plb_wr_datapath NULL C:/Xilinx/13.4/ISE_DS/EDK/hw/XilinxProcessorIPLib/pcores/plb_v46_v1_05_a/hdl/vhdl/plb_wr_datapath.vhd sub00/vhpl34 1431322673
EN rr_select NULL C:/Xilinx/13.4/ISE_DS/EDK/hw/XilinxProcessorIPLib/pcores/plb_v46_v1_05_a/hdl/vhdl/rr_select.vhd sub00/vhpl08 1431322647
EN gen_qual_req NULL C:/Xilinx/13.4/ISE_DS/EDK/hw/XilinxProcessorIPLib/pcores/plb_v46_v1_05_a/hdl/vhdl/gen_qual_req.vhd sub00/vhpl18 1431322657
AR watchdog_timer simulation C:/Xilinx/13.4/ISE_DS/EDK/hw/XilinxProcessorIPLib/pcores/plb_v46_v1_05_a/hdl/vhdl/watchdog_timer.vhd sub00/vhpl23 1431322662
EN plb_rd_datapath NULL C:/Xilinx/13.4/ISE_DS/EDK/hw/XilinxProcessorIPLib/pcores/plb_v46_v1_05_a/hdl/vhdl/plb_rd_datapath.vhd sub00/vhpl36 1431322675
AR plb_p2p implementation C:/Xilinx/13.4/ISE_DS/EDK/hw/XilinxProcessorIPLib/pcores/plb_v46_v1_05_a/hdl/vhdl/plb_p2p.vhd sub00/vhpl31 1431322670
EN or_gate NULL C:/Xilinx/13.4/ISE_DS/EDK/hw/XilinxProcessorIPLib/pcores/plb_v46_v1_05_a/hdl/vhdl/or_gate.vhd sub00/vhpl28 1431322667
EN arb_control_sm NULL C:/Xilinx/13.4/ISE_DS/EDK/hw/XilinxProcessorIPLib/pcores/plb_v46_v1_05_a/hdl/vhdl/arb_control_sm.vhd sub00/vhpl16 1431322655
AR plb_addrpath implementation C:/Xilinx/13.4/ISE_DS/EDK/hw/XilinxProcessorIPLib/pcores/plb_v46_v1_05_a/hdl/vhdl/plb_addrpath.vhd sub00/vhpl33 1431322672
EN qual_priority NULL C:/Xilinx/13.4/ISE_DS/EDK/hw/XilinxProcessorIPLib/pcores/plb_v46_v1_05_a/hdl/vhdl/qual_priority.vhd sub00/vhpl00 1431322567
AR dcr_regs implementation C:/Xilinx/13.4/ISE_DS/EDK/hw/XilinxProcessorIPLib/pcores/plb_v46_v1_05_a/hdl/vhdl/dcr_regs.vhd sub00/vhpl25 1431322664
AR muxed_signals implementation C:/Xilinx/13.4/ISE_DS/EDK/hw/XilinxProcessorIPLib/pcores/plb_v46_v1_05_a/hdl/vhdl/muxed_signals.vhd sub00/vhpl21 1431322660
EN plb_addrpath NULL C:/Xilinx/13.4/ISE_DS/EDK/hw/XilinxProcessorIPLib/pcores/plb_v46_v1_05_a/hdl/vhdl/plb_addrpath.vhd sub00/vhpl32 1431322671
AR pending_priority simulation C:/Xilinx/13.4/ISE_DS/EDK/hw/XilinxProcessorIPLib/pcores/plb_v46_v1_05_a/hdl/vhdl/pending_priority.vhd sub00/vhpl11 1431322650
EN dcr_regs NULL C:/Xilinx/13.4/ISE_DS/EDK/hw/XilinxProcessorIPLib/pcores/plb_v46_v1_05_a/hdl/vhdl/dcr_regs.vhd sub00/vhpl24 1431322663
EN priority_encoder NULL C:/Xilinx/13.4/ISE_DS/EDK/hw/XilinxProcessorIPLib/pcores/plb_v46_v1_05_a/hdl/vhdl/priority_encoder.vhd sub00/vhpl06 1431322645
AR plb_rd_datapath simulation C:/Xilinx/13.4/ISE_DS/EDK/hw/XilinxProcessorIPLib/pcores/plb_v46_v1_05_a/hdl/vhdl/plb_rd_datapath.vhd sub00/vhpl37 1431322676
EN plb_v46 NULL C:/Xilinx/13.4/ISE_DS/EDK/hw/XilinxProcessorIPLib/pcores/plb_v46_v1_05_a/hdl/vhdl/plb_v46.vhd sub00/vhpl42 1431322681
AR qual_request simulation C:/Xilinx/13.4/ISE_DS/EDK/hw/XilinxProcessorIPLib/pcores/plb_v46_v1_05_a/hdl/vhdl/qual_request.vhd sub00/vhpl03 1431322642
EN plb_slave_ors NULL C:/Xilinx/13.4/ISE_DS/EDK/hw/XilinxProcessorIPLib/pcores/plb_v46_v1_05_a/hdl/vhdl/plb_slave_ors.vhd sub00/vhpl38 1431322677
AR plb_arb_encoder implementation C:/Xilinx/13.4/ISE_DS/EDK/hw/XilinxProcessorIPLib/pcores/plb_v46_v1_05_a/hdl/vhdl/plb_arb_encoder.vhd sub00/vhpl15 1431322654
